Archive member included to satisfy reference by file (symbol)

app/libapp.a(main.c.obj)      (--whole-archive)
zephyr/libzephyr.a(heap.c.obj)
                              (--whole-archive)
zephyr/libzephyr.a(cbprintf_packaged.c.obj)
                              (--whole-archive)
zephyr/libzephyr.a(clock.c.obj)
                              (--whole-archive)
zephyr/libzephyr.a(printk.c.obj)
                              (--whole-archive)
zephyr/libzephyr.a(sem.c.obj)
                              (--whole-archive)
zephyr/libzephyr.a(thread_entry.c.obj)
                              (--whole-archive)
zephyr/libzephyr.a(cbprintf_complete.c.obj)
                              (--whole-archive)
zephyr/libzephyr.a(assert.c.obj)
                              (--whole-archive)
zephyr/libzephyr.a(mpsc_pbuf.c.obj)
                              (--whole-archive)
zephyr/libzephyr.a(dec.c.obj)
                              (--whole-archive)
zephyr/libzephyr.a(hex.c.obj)
                              (--whole-archive)
zephyr/libzephyr.a(rb.c.obj)  (--whole-archive)
zephyr/libzephyr.a(timeutil.c.obj)
                              (--whole-archive)
zephyr/libzephyr.a(bitarray.c.obj)
                              (--whole-archive)
zephyr/libzephyr.a(ring_buffer.c.obj)
                              (--whole-archive)
zephyr/libzephyr.a(last_section_id.c.obj)
                              (--whole-archive)
zephyr/libzephyr.a(configs.c.obj)
                              (--whole-archive)
zephyr/libzephyr.a(stm32cube_hal.c.obj)
                              (--whole-archive)
zephyr/libzephyr.a(soc_config.c.obj)
                              (--whole-archive)
zephyr/libzephyr.a(stm32_backup_domain.c.obj)
                              (--whole-archive)
zephyr/libzephyr.a(soc.c.obj)
                              (--whole-archive)
zephyr/libzephyr.a(log_core.c.obj)
                              (--whole-archive)
zephyr/libzephyr.a(log_mgmt.c.obj)
                              (--whole-archive)
zephyr/libzephyr.a(log_cache.c.obj)
                              (--whole-archive)
zephyr/libzephyr.a(log_msg.c.obj)
                              (--whole-archive)
zephyr/libzephyr.a(log_output.c.obj)
                              (--whole-archive)
zephyr/libzephyr.a(log_backend_uart.c.obj)
                              (--whole-archive)
zephyr/libzephyr.a(mem_attr.c.obj)
                              (--whole-archive)
zephyr/libzephyr.a(tracing_none.c.obj)
                              (--whole-archive)
zephyr/arch/common/libarch__common.a(sw_isr_common.c.obj)
                              (--whole-archive)
zephyr/arch/arch/arm/core/libarch__arm__core.a(fatal.c.obj)
                              (--whole-archive)
zephyr/arch/arch/arm/core/libarch__arm__core.a(nmi.c.obj)
                              (--whole-archive)
zephyr/arch/arch/arm/core/libarch__arm__core.a(nmi_on_reset.S.obj)
                              (--whole-archive)
zephyr/arch/arch/arm/core/libarch__arm__core.a(tls.c.obj)
                              (--whole-archive)
zephyr/arch/arch/arm/core/cortex_m/libarch__arm__core__cortex_m.a(exc_exit.c.obj)
                              (--whole-archive)
zephyr/arch/arch/arm/core/cortex_m/libarch__arm__core__cortex_m.a(fault.c.obj)
                              (--whole-archive)
zephyr/arch/arch/arm/core/cortex_m/libarch__arm__core__cortex_m.a(fault_s.S.obj)
                              (--whole-archive)
zephyr/arch/arch/arm/core/cortex_m/libarch__arm__core__cortex_m.a(fpu.c.obj)
                              (--whole-archive)
zephyr/arch/arch/arm/core/cortex_m/libarch__arm__core__cortex_m.a(reset.S.obj)
                              (--whole-archive)
zephyr/arch/arch/arm/core/cortex_m/libarch__arm__core__cortex_m.a(scb.c.obj)
                              (--whole-archive)
zephyr/arch/arch/arm/core/cortex_m/libarch__arm__core__cortex_m.a(thread_abort.c.obj)
                              (--whole-archive)
zephyr/arch/arch/arm/core/cortex_m/libarch__arm__core__cortex_m.a(vector_table.S.obj)
                              (--whole-archive)
zephyr/arch/arch/arm/core/cortex_m/libarch__arm__core__cortex_m.a(swap_helper.S.obj)
                              (--whole-archive)
zephyr/arch/arch/arm/core/cortex_m/libarch__arm__core__cortex_m.a(irq_manage.c.obj)
                              (--whole-archive)
zephyr/arch/arch/arm/core/cortex_m/libarch__arm__core__cortex_m.a(prep_c.c.obj)
                              (--whole-archive)
zephyr/arch/arch/arm/core/cortex_m/libarch__arm__core__cortex_m.a(thread.c.obj)
                              (--whole-archive)
zephyr/arch/arch/arm/core/cortex_m/libarch__arm__core__cortex_m.a(cpu_idle.c.obj)
                              (--whole-archive)
zephyr/arch/arch/arm/core/cortex_m/libarch__arm__core__cortex_m.a(irq_init.c.obj)
                              (--whole-archive)
zephyr/arch/arch/arm/core/cortex_m/libarch__arm__core__cortex_m.a(isr_wrapper.c.obj)
[...]
Memory Configuration

Name             Origin             Length             Attributes
FLASH            0x0000000008000000 0x0000000000040000 xr
RAM              0x0000000020000000 0x0000000000010000 xw
IDT_LIST         0x00000000ffff7fff 0x0000000000008000 xw
*default*        0x0000000000000000 0xffffffffffffffff

Linker script and memory map

                0x000000000800bfe0                vfprintf = __l_vfprintf
                0x0000000000000000                vfscanf = __l_vfscanf
LOAD zephyr/CMakeFiles/zephyr_final.dir/misc/empty_file.c.obj
LOAD zephyr/CMakeFiles/zephyr_final.dir/isr_tables.c.obj
LOAD zephyr/CMakeFiles/offsets.dir/./arch/arm/core/offsets/offsets.c.obj
LOAD app/libapp.a
LOAD zephyr/libzephyr.a
LOAD zephyr/arch/common/libarch__common.a
LOAD zephyr/arch/arch/arm/core/libarch__arm__core.a
LOAD zephyr/arch/arch/arm/core/cortex_m/libarch__arm__core__cortex_m.a
LOAD zephyr/arch/arch/arm/core/mpu/libarch__arm__core__mpu.a
LOAD zephyr/lib/libc/picolibc/liblib__libc__picolibc.a
LOAD zephyr/lib/libc/common/liblib__libc__common.a
LOAD zephyr/subsys/lorawan/libloramac-node.a
LOAD zephyr/drivers/interrupt_controller/libdrivers__interrupt_controller.a
LOAD zephyr/drivers/clock_control/libdrivers__clock_control.a
LOAD zephyr/drivers/console/libdrivers__console.a
LOAD zephyr/drivers/gpio/libdrivers__gpio.a
LOAD zephyr/drivers/pinctrl/libdrivers__pinctrl.a
LOAD zephyr/drivers/reset/libdrivers__reset.a
LOAD zephyr/drivers/serial/libdrivers__serial.a
LOAD zephyr/drivers/spi/libdrivers__spi.a
LOAD zephyr/drivers/timer/libdrivers__timer.a
LOAD modules/hal_stm32/stm32cube/lib..__modules__hal__stm32__stm32cube.a
LOAD zephyr/kernel/libkernel.a
LOAD zephyr/arch/common/libisr_tables.a
LOAD /home/elisa/zephyr-sdk-0.17.2/arm-zephyr-eabi/bin/../lib/gcc/../../picolibc/arm-zephyr-eabi/lib/thumb/v7e-m/nofp/libc.a
LOAD /home/elisa/zephyr-sdk-0.17.2/arm-zephyr-eabi/bin/../lib/gcc/arm-zephyr-eabi/12.2.0/thumb/v7e-m/nofp/libgcc.a
                0x0000000000000020                _region_min_align = 0x20

.rel.plt        0x0000000008000000        0x0
 *(SORT_BY_ALIGNMENT(.rel.plt))
                [!provide]                        PROVIDE (__rel_iplt_start = .)
 *(SORT_BY_ALIGNMENT(.rel.iplt))
 .rel.iplt      0x0000000008000000        0x0 zephyr/CMakeFiles/zephyr_final.dir/isr_tables.c.obj
                [!provide]                        PROVIDE (__rel_iplt_end = .)

.rela.plt       0x0000000000000000        0x0
 *(SORT_BY_ALIGNMENT(.rela.plt))
                [!provide]                        PROVIDE (__rela_iplt_start = .)
 *(SORT_BY_ALIGNMENT(.rela.iplt))
                [!provide]                        PROVIDE (__rela_iplt_end = .)

.rel.dyn
 *(SORT_BY_ALIGNMENT(.rel.*))

.rela.dyn
 *(SORT_BY_ALIGNMENT(.rela.*))

/DISCARD/
 *(SORT_BY_ALIGNMENT(.plt))

/DISCARD/
 *(SORT_BY_ALIGNMENT(.iplt))
                0x0000000008000000                __rom_region_start = 0x8000000

rom_start       0x0000000008000000      0x138
                0x0000000008000000                __rom_start_address = .
 FILL mask 0x00
                0x0000000008000000                . = (. + (0x0 - (. - __rom_start_address)))
                0x0000000008000000                . = ALIGN (0x4)
                0x0000000008000000                . = ALIGN (0x80)
                0x0000000008000000                . = ALIGN (0x200)
                0x0000000008000000                _vector_start = .
 *(SORT_BY_ALIGNMENT(.exc_vector_table))
 *(SORT_BY_ALIGNMENT(.exc_vector_table.*))
 .exc_vector_table._vector_table_section
                0x0000000008000000       0x40 zephyr/arch/arch/arm/core/cortex_m/libarch__arm__core__cortex_m.a(vector_table.S.obj)
                0x0000000008000000                _vector_table
 *(SORT_BY_ALIGNMENT(.vectors))
                0x0000000008000138                _vector_end = .
                0x0000000008000040                . = ALIGN (0x4)
 *(SORT_BY_ALIGNMENT(.gnu.linkonce.irq_vector_table*))
 .gnu.linkonce.irq_vector_table
                0x0000000008000040       0xf8 zephyr/CMakeFiles/zephyr_final.dir/isr_tables.c.obj
                0x0000000008000040                _irq_vector_table
                0x0000000008000138                _vector_end = .

text            0x0000000008000138     0xfba0
                0x0000000008000138                __text_region_start = .
 *(SORT_BY_ALIGNMENT(.text))
 .text          0x0000000008000138      0x21c /home/elisa/zephyr-sdk-0.17.2/arm-zephyr-eabi/bin/../lib/gcc/arm-zephyr-eabi/12.2.0/thumb/v7e-m/nofp/libgcc.a(_arm_addsubsf3.o)
                0x0000000008000138                __aeabi_frsub
                0x0000000008000140                __subsf3
                0x0000000008000140                __aeabi_fsub
                0x0000000008000144                __aeabi_fadd
                0x0000000008000144                __addsf3
                0x00000000080002a4                __aeabi_ui2f
                0x00000000080002a4                __floatunsisf
                0x00000000080002ac                __aeabi_i2f
                0x00000000080002ac                __floatsisf
                0x00000000080002c8                __floatundisf
                0x00000000080002c8                __aeabi_ul2f
                0x00000000080002d8                __floatdisf
                0x00000000080002d8                __aeabi_l2f
 .text          0x0000000008000354       0x4c /home/elisa/zephyr-sdk-0.17.2/arm-zephyr-eabi/bin/../lib/gcc/arm-zephyr-eabi/12.2.0/thumb/v7e-m/nofp/libgcc.a(_arm_fixsfsi.o)
                0x0000000008000354                __fixsfsi
                0x0000000008000354                __aeabi_f2iz
 .text          0x00000000080003a0       0xa0 /home/elisa/zephyr-sdk-0.17.2/arm-zephyr-eabi/bin/../lib/gcc/arm-zephyr-eabi/12.2.0/thumb/v7e-m/nofp/libgcc.a(_aeabi_ldivmod.o)
                0x00000000080003a0                __aeabi_ldivmod
 .text          0x0000000008000440       0x30 /home/elisa/zephyr-sdk-0.17.2/arm-zephyr-eabi/bin/../lib/gcc/arm-zephyr-eabi/12.2.0/thumb/v7e-m/nofp/libgcc.a(_aeabi_uldivmod.o)
                0x0000000008000440                __aeabi_uldivmod
 .text          0x0000000008000470        0x4 /home/elisa/zephyr-sdk-0.17.2/arm-zephyr-eabi/bin/../lib/gcc/arm-zephyr-eabi/12.2.0/thumb/v7e-m/nofp/libgcc.a(_dvmd_tls.o)
                0x0000000008000470                __aeabi_ldiv0
                0x0000000008000470                __aeabi_idiv0
 .text          0x0000000008000474       0x10 /home/elisa/zephyr-sdk-0.17.2/arm-zephyr-eabi/bin/../lib/gcc/../../picolibc/arm-zephyr-eabi/lib/thumb/v7e-m/nofp/libc.a(strlen.S.o)
                0x0000000008000474                strlen
 .text          0x0000000008000484      0x2a0 /home/elisa/zephyr-sdk-0.17.2/arm-zephyr-eabi/bin/../lib/gcc/arm-zephyr-eabi/12.2.0/thumb/v7e-m/nofp/libgcc.a(_udivmoddi4.o)
                0x0000000008000484                __udivmoddi4
 *(SORT_BY_ALIGNMENT(.text.*))
 .text.lorwan_datarate_changed
                0x0000000008000724       0x30 app/libapp.a(main.c.obj)
 .text.dl_callback
                0x0000000008000754       0x80 app/libapp.a(main.c.obj)
 .text.main     0x00000000080007d4      0x16c app/libapp.a(main.c.obj)
                0x00000000080007d4                main
 .text.cbvprintf_package
                0x0000000008000940      0x3a4 zephyr/libzephyr.a(cbprintf_packaged.c.obj)
                0x0000000008000940                cbvprintf_package
 .text.cbprintf_package_convert
                0x0000000008000ce4      0x3cc zephyr/libzephyr.a(cbprintf_packaged.c.obj)
                0x0000000008000ce4                cbprintf_package_convert
 .text.__printk_hook_install
                0x00000000080010b0        0xc zephyr/libzephyr.a(printk.c.obj)
                0x00000000080010b0                __printk_hook_install
 .text.z_thread_entry
                0x00000000080010bc       0x34 zephyr/libzephyr.a(thread_entry.c.obj)
                0x00000000080010bc                z_thread_entry
 .text.st_stm32_common_config
                0x00000000080010f0       0x14 zephyr/libzephyr.a(soc_config.c.obj)
 .text.stm32_backup_domain_enable_access
                0x0000000008001104       0x3c zephyr/libzephyr.a(stm32_backup_domain.c.obj)
                0x0000000008001104                stm32_backup_domain_enable_access
 .text.stm32_backup_domain_disable_access
                0x0000000008001140       0x60 zephyr/libzephyr.a(stm32_backup_domain.c.obj)
                0x0000000008001140                stm32_backup_domain_disable_access
 .text.soc_early_init_hook
                0x00000000080011a0       0x30 zephyr/libzephyr.a(soc.c.obj)
                0x00000000080011a0                soc_early_init_hook
 .text.activate_foreach_backend
                0x00000000080011d0       0x64 zephyr/libzephyr.a(log_core.c.obj)
 .text.enable_logger
                0x0000000008001234       0x5c zephyr/libzephyr.a(log_core.c.obj)
 .text.log_process_thread_timer_expiry_fn
                0x0000000008001290        0xc zephyr/libzephyr.a(log_core.c.obj)
 .text.z_log_init
                0x000000000800129c       0x94 zephyr/libzephyr.a(log_core.c.obj)
 .text.log_format_func_t_get
                0x0000000008001330        0xc zephyr/libzephyr.a(log_core.c.obj)
                0x0000000008001330                log_format_func_t_get
 .text.log_set_timestamp_func
                0x000000000800133c       0x20 zephyr/libzephyr.a(log_core.c.obj)
                0x000000000800133c                log_set_timestamp_func
 .text.z_log_notify_backend_enabled
                0x000000000800135c       0x1c zephyr/libzephyr.a(log_core.c.obj)
                0x000000000800135c                z_log_notify_backend_enabled
 .text.z_log_dropped
                0x0000000008001378       0x44 zephyr/libzephyr.a(log_core.c.obj)
                0x0000000008001378                z_log_dropped
 .text.z_log_dropped_read_and_clear
                0x00000000080013bc       0x20 zephyr/libzephyr.a(log_core.c.obj)
                0x00000000080013bc                z_log_dropped_read_and_clear
 .text.dropped_notify
                0x00000000080013dc       0x30 zephyr/libzephyr.a(log_core.c.obj)
                0x00000000080013dc                dropped_notify
 .text.z_log_msg_init
                0x000000000800140c       0x20 zephyr/libzephyr.a(log_core.c.obj)
                0x000000000800140c                z_log_msg_init
 .text.log_core_init
                0x000000000800142c       0x50 zephyr/libzephyr.a(log_core.c.obj)
                0x000000000800142c                log_core_init
 .text.z_log_msg_alloc
                0x000000000800147c       0x10 zephyr/libzephyr.a(log_core.c.obj)
                0x000000000800147c                z_log_msg_alloc
 .text.z_log_msg_local_claim
                0x000000000800148c        0xc zephyr/libzephyr.a(log_core.c.obj)
                0x000000000800148c                z_log_msg_local_claim
 .text.z_log_msg_free
                0x0000000008001498       0x10 zephyr/libzephyr.a(log_core.c.obj)
                0x0000000008001498                z_log_msg_free
 .text.z_log_msg_pending
                0x00000000080014a8        0xc zephyr/libzephyr.a(log_core.c.obj)
                0x00000000080014a8                z_log_msg_pending
 .text.z_impl_log_process
                0x00000000080014b4       0xb4 zephyr/libzephyr.a(log_core.c.obj)
                0x00000000080014b4                z_impl_log_process
 .text.z_impl_log_panic
                0x0000000008001568       0x44 zephyr/libzephyr.a(log_core.c.obj)
                0x0000000008001568                z_impl_log_panic
 .text.log_process_thread_func
                0x00000000080015ac       0xa4 zephyr/libzephyr.a(log_core.c.obj)
 .text.z_log_msg_post_finalize
                0x0000000008001650       0x78 zephyr/libzephyr.a(log_core.c.obj)
 .text.z_log_msg_commit
                0x00000000080016c8       0x24 zephyr/libzephyr.a(log_core.c.obj)
                0x00000000080016c8                z_log_msg_commit
 .text.log_source_name_get
                0x00000000080016ec       0x1c zephyr/libzephyr.a(log_mgmt.c.obj)
                0x00000000080016ec                log_source_name_get
 .text.z_impl_z_log_msg_static_create
                0x0000000008001708      0x108 zephyr/libzephyr.a(log_msg.c.obj)
                0x0000000008001708                z_impl_z_log_msg_static_create
 .text.z_log_msg_runtime_vcreate
                0x0000000008001810       0xa0 zephyr/libzephyr.a(log_msg.c.obj)
                0x0000000008001810                z_log_msg_runtime_vcreate
 .text.log_msg_get_source_id
                0x00000000080018b0       0x18 zephyr/libzephyr.a(log_msg.c.obj)
                0x00000000080018b0                log_msg_get_source_id
 .text.print_formatted
                0x00000000080018c8       0x24 zephyr/libzephyr.a(log_output.c.obj)
 .text.newline_print
                0x00000000080018ec       0x1c zephyr/libzephyr.a(log_output.c.obj)
 .text.log_output_process
                0x0000000008001908      0x2d4 zephyr/libzephyr.a(log_output.c.obj)
                0x0000000008001908                log_output_process
 .text.log_output_dropped_process
                0x0000000008001bdc       0x58 zephyr/libzephyr.a(log_output.c.obj)
                0x0000000008001bdc                log_output_dropped_process
 .text.log_output_timestamp_freq_set
                0x0000000008001c34       0x2c zephyr/libzephyr.a(log_output.c.obj)
                0x0000000008001c34                log_output_timestamp_freq_set
 .text.char_out
                0x0000000008001c60       0x24 zephyr/libzephyr.a(log_backend_uart.c.obj)
 .text.mem_attr_get_regions
                0x0000000008001c84        0xc zephyr/libzephyr.a(mem_attr.c.obj)
                0x0000000008001c84                mem_attr_get_regions
 .text.z_arm_fatal_error
                0x0000000008001c90       0xb8 zephyr/arch/arch/arm/core/libarch__arm__core.a(fatal.c.obj)
                0x0000000008001c90                z_arm_fatal_error
 .text.z_SysNmiOnReset
                0x0000000008001d48        0x8 zephyr/arch/arch/arm/core/libarch__arm__core.a(nmi_on_reset.S.obj)
                0x0000000008001d48                z_SysNmiOnReset
 .text.arch_tls_stack_setup
                0x0000000008001d50       0x40 zephyr/arch/arch/arm/core/libarch__arm__core.a(tls.c.obj)
                0x0000000008001d50                arch_tls_stack_setup
 .text._HandlerModeExit
                0x0000000008001d90       0x20 zephyr/arch/arch/arm/core/cortex_m/libarch__arm__core__cortex_m.a(exc_exit.c.obj)
                0x0000000008001d90                z_arm_exc_exit
                0x0000000008001d90                z_arm_int_exit
 .text.bus_fault.constprop.0
                0x0000000008001db0       0xb8 zephyr/arch/arch/arm/core/cortex_m/libarch__arm__core__cortex_m.a(fault.c.obj)
 .text.usage_fault.constprop.0
                0x0000000008001e68       0xa8 zephyr/arch/arch/arm/core/cortex_m/libarch__arm__core__cortex_m.a(fault.c.obj)
 .text.mem_manage_fault
                0x0000000008001f10       0xe4 zephyr/arch/arch/arm/core/cortex_m/libarch__arm__core__cortex_m.a(fault.c.obj)
 .text.z_arm_fault
                0x0000000008001ff4      0x1d4 zephyr/arch/arch/arm/core/cortex_m/libarch__arm__core__cortex_m.a(fault.c.obj)
                0x0000000008001ff4                z_arm_fault
 .text.z_arm_fault_init
                0x00000000080021c8       0x18 zephyr/arch/arch/arm/core/cortex_m/libarch__arm__core__cortex_m.a(fault.c.obj)
                0x00000000080021c8                z_arm_fault_init
 .text.__fault  0x00000000080021e0       0x14 zephyr/arch/arch/arm/core/cortex_m/libarch__arm__core__cortex_m.a(fault_s.S.obj)
                0x00000000080021e0                z_arm_bus_fault
                0x00000000080021e0                z_arm_usage_fault
                0x00000000080021e0                z_arm_mpu_fault
                0x00000000080021e0                z_arm_exc_spurious
                0x00000000080021e0                z_arm_debug_monitor
                0x00000000080021e0                z_arm_hard_fault
 .text._reset_section
                0x00000000080021f4       0x34 zephyr/arch/arch/arm/core/cortex_m/libarch__arm__core__cortex_m.a(reset.S.obj)
                0x00000000080021f4                z_arm_reset
                0x00000000080021f4                __start
 .text.z_impl_k_thread_abort
                0x0000000008002228       0x2c zephyr/arch/arch/arm/core/cortex_m/libarch__arm__core__cortex_m.a(thread_abort.c.obj)
                0x0000000008002228                z_impl_k_thread_abort
 .text.z_arm_pendsv
                0x0000000008002254       0x60 zephyr/arch/arch/arm/core/cortex_m/libarch__arm__core__cortex_m.a(swap_helper.S.obj)
                0x0000000008002254                z_arm_pendsv
 .text.z_arm_svc
                0x00000000080022b4       0x24 zephyr/arch/arch/arm/core/cortex_m/libarch__arm__core__cortex_m.a(swap_helper.S.obj)
                0x00000000080022b4                z_arm_svc
 .text.arm_irq_enable
                0x00000000080022d8       0x1c zephyr/arch/arch/arm/core/cortex_m/libarch__arm__core__cortex_m.a(irq_manage.c.obj)
                0x00000000080022d8                arm_irq_enable
 .text.arm_irq_disable
                0x00000000080022f4       0x28 zephyr/arch/arch/arm/core/cortex_m/libarch__arm__core__cortex_m.a(irq_manage.c.obj)
                0x00000000080022f4                arm_irq_disable
 .text.arm_irq_priority_set
                0x000000000800231c       0x30 zephyr/arch/arch/arm/core/cortex_m/libarch__arm__core__cortex_m.a(irq_manage.c.obj)
                0x000000000800231c                arm_irq_priority_set
 .text.relocate_vector_table
                0x000000000800234c       0x1c zephyr/arch/arch/arm/core/cortex_m/libarch__arm__core__cortex_m.a(prep_c.c.obj)
                0x000000000800234c                relocate_vector_table
 .text.arch_new_thread
                0x0000000008002368       0x38 zephyr/arch/arch/arm/core/cortex_m/libarch__arm__core__cortex_m.a(thread.c.obj)
                0x0000000008002368                arch_new_thread
 .text.z_check_thread_stack_fail
                0x00000000080023a0       0x2c zephyr/arch/arch/arm/core/cortex_m/libarch__arm__core__cortex_m.a(thread.c.obj)
                0x00000000080023a0                z_check_thread_stack_fail
 .text.arch_switch_to_main_thread
                0x00000000080023cc       0x3c zephyr/arch/arch/arm/core/cortex_m/libarch__arm__core__cortex_m.a(thread.c.obj)
                0x00000000080023cc                arch_switch_to_main_thread
 .text.z_arm_cpu_idle_init
                0x0000000008002408        0xc zephyr/arch/arch/arm/core/cortex_m/libarch__arm__core__cortex_m.a(cpu_idle.c.obj)
                0x0000000008002408                z_arm_cpu_idle_init
 .text.z_arm_interrupt_init
                0x0000000008002414       0x18 zephyr/arch/arch/arm/core/cortex_m/libarch__arm__core__cortex_m.a(irq_init.c.obj)
                0x0000000008002414                z_arm_interrupt_init
 .text._isr_wrapper
                0x000000000800242c       0x24 zephyr/arch/arch/arm/core/cortex_m/libarch__arm__core__cortex_m.a(isr_wrapper.c.obj)
                0x000000000800242c                _isr_wrapper
 .text.z_arm_configure_static_mpu_regions
                0x0000000008002450       0x18 zephyr/arch/arch/arm/core/mpu/libarch__arm__core__mpu.a(arm_core_mpu.c.obj)
                0x0000000008002450                z_arm_configure_static_mpu_regions
 .text.z_arm_configure_dynamic_mpu_regions
                0x0000000008002468       0x20 zephyr/arch/arch/arm/core/mpu/libarch__arm__core__mpu.a(arm_core_mpu.c.obj)
                0x0000000008002468                z_arm_configure_dynamic_mpu_regions
 .text.region_allocate_and_init
                0x0000000008002488       0x54 zephyr/arch/arch/arm/core/mpu/libarch__arm__core__mpu.a(arm_mpu.c.obj)
 .text.mpu_configure_regions
                0x00000000080024dc       0x68 zephyr/arch/arch/arm/core/mpu/libarch__arm__core__mpu.a(arm_mpu.c.obj)
 .text.arm_core_mpu_enable
                0x0000000008002544       0x18 zephyr/arch/arch/arm/core/mpu/libarch__arm__core__mpu.a(arm_mpu.c.obj)
                0x0000000008002544                arm_core_mpu_enable
 .text.arm_core_mpu_disable
                0x000000000800255c       0x14 zephyr/arch/arch/arm/core/mpu/libarch__arm__core__mpu.a(arm_mpu.c.obj)
                0x000000000800255c                arm_core_mpu_disable
 .text.arm_core_mpu_configure_static_mpu_regions
                0x0000000008002570       0x14 zephyr/arch/arch/arm/core/mpu/libarch__arm__core__mpu.a(arm_mpu.c.obj)
                0x0000000008002570                arm_core_mpu_configure_static_mpu_regions
 .text.arm_core_mpu_configure_dynamic_mpu_regions
                0x0000000008002584       0x38 zephyr/arch/arch/arm/core/mpu/libarch__arm__core__mpu.a(arm_mpu.c.obj)
                0x0000000008002584                arm_core_mpu_configure_dynamic_mpu_regions
 .text.z_arm_mpu_init
                0x00000000080025bc      0x17c zephyr/arch/arch/arm/core/mpu/libarch__arm__core__mpu.a(arm_mpu.c.obj)
                0x00000000080025bc                z_arm_mpu_init
 .text.cbvprintf
                0x0000000008002738       0x38 zephyr/lib/libc/picolibc/liblib__libc__picolibc.a(cbprintf.c.obj)
                0x0000000008002738                cbvprintf
 .text.z_impl_zephyr_fputc
                0x0000000008002770       0x10 zephyr/lib/libc/picolibc/liblib__libc__picolibc.a(stdio.c.obj)
                0x0000000008002770                z_impl_zephyr_fputc
 .text.__stdout_hook_install
                0x0000000008002780       0x18 zephyr/lib/libc/picolibc/liblib__libc__picolibc.a(stdio.c.obj)
                0x0000000008002780                __stdout_hook_install
 .text.malloc_prepare
                0x0000000008002798       0x24 zephyr/lib/libc/common/liblib__libc__common.a(malloc.c.obj)
 .text.get_battery_level
                0x00000000080027bc       0x10 zephyr/subsys/lorawan/libloramac-node.a(lorawan.c.obj)
 .text.lorawan_init
                0x00000000080027cc       0x50 zephyr/subsys/lorawan/libloramac-node.a(lorawan.c.obj)
 .text.datarate_observe
                0x000000000800281c       0x4c zephyr/subsys/lorawan/libloramac-node.a(lorawan.c.obj)
 .text.atomic_get.constprop.0
                0x0000000008002868       0x14 zephyr/subsys/lorawan/libloramac-node.a(lorawan.c.obj)
 .text.mcps_indication_handler
                0x000000000800287c       0xd4 zephyr/subsys/lorawan/libloramac-node.a(lorawan.c.obj)
 .text.mcps_confirm_handler
                0x0000000008002950       0x64 zephyr/subsys/lorawan/libloramac-node.a(lorawan.c.obj)
 .text.mlme_confirm_handler
                0x00000000080029b4       0xac zephyr/subsys/lorawan/libloramac-node.a(lorawan.c.obj)
 .text.lorawan_join
                0x0000000008002a60      0x1f4 zephyr/subsys/lorawan/libloramac-node.a(lorawan.c.obj)
                0x0000000008002a60                lorawan_join
 .text.lorawan_send
                0x0000000008002c54      0x114 zephyr/subsys/lorawan/libloramac-node.a(lorawan.c.obj)
                0x0000000008002c54                lorawan_send
 .text.lorawan_register_downlink_callback
                0x0000000008002d68       0x20 zephyr/subsys/lorawan/libloramac-node.a(lorawan.c.obj)
                0x0000000008002d68                lorawan_register_downlink_callback
 .text.lorawan_register_dr_changed_callback
                0x0000000008002d88        0xc zephyr/subsys/lorawan/libloramac-node.a(lorawan.c.obj)
                0x0000000008002d88                lorawan_register_dr_changed_callback
 .text.lorawan_start
                0x0000000008002d94       0xac zephyr/subsys/lorawan/libloramac-node.a(lorawan.c.obj)
                0x0000000008002d94                lorawan_start
 .text.lorawan_status2str
                0x0000000008002e40       0x18 zephyr/subsys/lorawan/libloramac-node.a(lw_priv.c.obj)
                0x0000000008002e40                lorawan_status2str
 .text.lorawan_eventinfo2str
                0x0000000008002e58       0x18 zephyr/subsys/lorawan/libloramac-node.a(lw_priv.c.obj)
                0x0000000008002e58                lorawan_eventinfo2str
 .text.lorawan_status2errno
                0x0000000008002e70       0x24 zephyr/subsys/lorawan/libloramac-node.a(lw_priv.c.obj)
                0x0000000008002e70                lorawan_status2errno
 .text.lorawan_eventinfo2errno
                0x0000000008002e94       0x24 zephyr/subsys/lorawan/libloramac-node.a(lw_priv.c.obj)
                0x0000000008002e94                lorawan_eventinfo2errno
 .text.timer_callback
                0x0000000008002eb8        0xc zephyr/subsys/lorawan/libloramac-node.a(hal_common.c.obj)
 .text.RtcBkupWrite
                0x0000000008002ec4        0xc zephyr/subsys/lorawan/libloramac-node.a(hal_common.c.obj)
                0x0000000008002ec4                RtcBkupWrite
 .text.RtcBkupRead
                0x0000000008002ed0       0x10 zephyr/subsys/lorawan/libloramac-node.a(hal_common.c.obj)
                0x0000000008002ed0                RtcBkupRead
 .text.RtcGetTimerElapsedTime
                0x0000000008002ee0       0x14 zephyr/subsys/lorawan/libloramac-node.a(hal_common.c.obj)
                0x0000000008002ee0                RtcGetTimerElapsedTime
 .text.RtcStopAlarm
                0x0000000008002ef4        0xc zephyr/subsys/lorawan/libloramac-node.a(hal_common.c.obj)
                0x0000000008002ef4                RtcStopAlarm
 .text.RtcSetAlarm
                0x0000000008002f00       0x20 zephyr/subsys/lorawan/libloramac-node.a(hal_common.c.obj)
                0x0000000008002f00                RtcSetAlarm
 .text.RtcSetTimerContext
                0x0000000008002f20       0x10 zephyr/subsys/lorawan/libloramac-node.a(hal_common.c.obj)
                0x0000000008002f20                RtcSetTimerContext
 .text.RtcGetTimerContext
                0x0000000008002f30        0xc zephyr/subsys/lorawan/libloramac-node.a(hal_common.c.obj)
                0x0000000008002f30                RtcGetTimerContext
 .text.modem_release.constprop.0
                0x0000000008002f3c       0x54 zephyr/subsys/lorawan/libloramac-node.a(sx12xx_common.c.obj)
 .text.sx12xx_ev_tx_done
                0x0000000008002f90       0x20 zephyr/subsys/lorawan/libloramac-node.a(sx12xx_common.c.obj)
 .text.sx12xx_ev_rx_error
                0x0000000008002fb0       0x40 zephyr/subsys/lorawan/libloramac-node.a(sx12xx_common.c.obj)
 .text.sx12xx_ev_rx_done
                0x0000000008002ff0       0xb0 zephyr/subsys/lorawan/libloramac-node.a(sx12xx_common.c.obj)
 .text.__sx12xx_configure_pin
                0x00000000080030a0       0xd0 zephyr/subsys/lorawan/libloramac-node.a(sx12xx_common.c.obj)
                0x00000000080030a0                __sx12xx_configure_pin
 .text.sx12xx_lora_send_async
                0x0000000008003170       0x4c zephyr/subsys/lorawan/libloramac-node.a(sx12xx_common.c.obj)
                0x0000000008003170                sx12xx_lora_send_async
 .text.sx12xx_lora_send
                0x00000000080031bc       0xb8 zephyr/subsys/lorawan/libloramac-node.a(sx12xx_common.c.obj)
                0x00000000080031bc                sx12xx_lora_send
 .text.sx12xx_lora_recv
                0x0000000008003274       0xd4 zephyr/subsys/lorawan/libloramac-node.a(sx12xx_common.c.obj)
                0x0000000008003274                sx12xx_lora_recv
 .text.sx12xx_lora_recv_async
                0x0000000008003348       0x54 zephyr/subsys/lorawan/libloramac-node.a(sx12xx_common.c.obj)
                0x0000000008003348                sx12xx_lora_recv_async
 .text.sx12xx_lora_config
                0x000000000800339c       0xbc zephyr/subsys/lorawan/libloramac-node.a(sx12xx_common.c.obj)
                0x000000000800339c                sx12xx_lora_config
 .text.sx12xx_lora_test_cw
                0x0000000008003458       0x40 zephyr/subsys/lorawan/libloramac-node.a(sx12xx_common.c.obj)
                0x0000000008003458                sx12xx_lora_test_cw
 .text.sx12xx_init
                0x0000000008003498       0x60 zephyr/subsys/lorawan/libloramac-node.a(sx12xx_common.c.obj)
                0x0000000008003498                sx12xx_init
 .text.sx126x_set_rx_enable
                0x00000000080034f8       0x10 zephyr/subsys/lorawan/libloramac-node.a(sx126x.c.obj)
 .text.sx126x_set_tx_enable
                0x0000000008003508       0x10 zephyr/subsys/lorawan/libloramac-node.a(sx126x.c.obj)
 .text.sx126x_dio1_irq_work_handler.part.0
                0x0000000008003518       0x14 zephyr/subsys/lorawan/libloramac-node.a(sx126x.c.obj)
 .text.sx126x_dio1_irq_work_handler
                0x000000000800352c       0x38 zephyr/subsys/lorawan/libloramac-node.a(sx126x.c.obj)
 .text.sx126x_lora_init
                0x0000000008003564       0xa4 zephyr/subsys/lorawan/libloramac-node.a(sx126x.c.obj)
 .text.SX126xGetOperatingMode
                0x0000000008003608        0xc zephyr/subsys/lorawan/libloramac-node.a(sx126x.c.obj)
                0x0000000008003608                SX126xGetOperatingMode
 .text.SX126xSetOperatingMode
                0x0000000008003614       0x4c zephyr/subsys/lorawan/libloramac-node.a(sx126x.c.obj)
                0x0000000008003614                SX126xSetOperatingMode
 .text.SX126xIoIrqInit
                0x0000000008003660        0xc zephyr/subsys/lorawan/libloramac-node.a(sx126x.c.obj)
                0x0000000008003660                SX126xIoIrqInit
 .text.SX126xReset
                0x000000000800366c       0x18 zephyr/subsys/lorawan/libloramac-node.a(sx126x.c.obj)
                0x000000000800366c                SX126xReset
 .text.SX126xWaitOnBusy
                0x0000000008003684       0x1c zephyr/subsys/lorawan/libloramac-node.a(sx126x.c.obj)
                0x0000000008003684                SX126xWaitOnBusy
 .text.sx126x_spi_transceive.isra.0
                0x00000000080036a0       0x7c zephyr/subsys/lorawan/libloramac-node.a(sx126x.c.obj)
 .text.SX126xWakeup
                0x000000000800371c       0x60 zephyr/subsys/lorawan/libloramac-node.a(sx126x.c.obj)
                0x000000000800371c                SX126xWakeup
 .text.SX126xGetDio1PinState
                0x000000000800377c        0xc zephyr/subsys/lorawan/libloramac-node.a(sx126x.c.obj)
                0x000000000800377c                SX126xGetDio1PinState
 .text.sx126x_is_busy
                0x0000000008003788       0x10 zephyr/subsys/lorawan/libloramac-node.a(sx126x_stm32wl.c.obj)
                0x0000000008003788                sx126x_is_busy
 .text.sx126x_dio1_irq_enable
                0x0000000008003798       0x14 zephyr/subsys/lorawan/libloramac-node.a(sx126x_stm32wl.c.obj)
                0x0000000008003798                sx126x_dio1_irq_enable
 .text.sx126x_variant_init
                0x00000000080037ac       0x28 zephyr/subsys/lorawan/libloramac-node.a(sx126x_stm32wl.c.obj)
                0x00000000080037ac                sx126x_variant_init
 .text.rand1    0x00000000080037d4       0x28 zephyr/subsys/lorawan/libloramac-node.a(utilities.c.obj)
                0x00000000080037d4                rand1
 .text.srand1   0x00000000080037fc        0xc zephyr/subsys/lorawan/libloramac-node.a(utilities.c.obj)
                0x00000000080037fc                srand1
 .text.Crc32    0x0000000008003808       0x34 zephyr/subsys/lorawan/libloramac-node.a(utilities.c.obj)
                0x0000000008003808                Crc32
 .text.TimerInsertNewHeadTimer
                0x000000000800383c       0x18 zephyr/subsys/lorawan/libloramac-node.a(timer.c.obj)
 .text.TimerStart
                0x0000000008003854       0x70 zephyr/subsys/lorawan/libloramac-node.a(timer.c.obj)
                0x0000000008003854                TimerStart
 .text.TimerIrqHandler
                0x00000000080038c4       0x7c zephyr/subsys/lorawan/libloramac-node.a(timer.c.obj)
                0x00000000080038c4                TimerIrqHandler
 .text.TimerStop
                0x0000000008003940       0x54 zephyr/subsys/lorawan/libloramac-node.a(timer.c.obj)
                0x0000000008003940                TimerStop
 .text.SX126xSetCrcSeed
                0x0000000008003994       0x24 zephyr/subsys/lorawan/libloramac-node.a(sx126x.c.obj)
                0x0000000008003994                SX126xSetCrcSeed
 .text.SX126xSetCrcPolynomial
                0x00000000080039b8       0x24 zephyr/subsys/lorawan/libloramac-node.a(sx126x.c.obj)
                0x00000000080039b8                SX126xSetCrcPolynomial
 .text.SX126xSetWhiteningSeed
                0x00000000080039dc       0x38 zephyr/subsys/lorawan/libloramac-node.a(sx126x.c.obj)
                0x00000000080039dc                SX126xSetWhiteningSeed
 .text.SX126xSetSleep
                0x0000000008003a14       0x3c zephyr/subsys/lorawan/libloramac-node.a(sx126x.c.obj)
                0x0000000008003a14                SX126xSetSleep
 .text.SX126xInit
                0x0000000008003a50       0x34 zephyr/subsys/lorawan/libloramac-node.a(sx126x.c.obj)
                0x0000000008003a50                SX126xInit
 .text.SX126xCalibrateImage
                0x0000000008003a84       0x64 zephyr/subsys/lorawan/libloramac-node.a(sx126x.c.obj)
                0x0000000008003a84                SX126xCalibrateImage
 .text.SX126xSetRfFrequency
                0x0000000008003ae8       0x48 zephyr/subsys/lorawan/libloramac-node.a(sx126x.c.obj)
                0x0000000008003ae8                SX126xSetRfFrequency
 .text.SX126xSetPacketType
                0x0000000008003b30       0x20 zephyr/subsys/lorawan/libloramac-node.a(sx126x.c.obj)
                0x0000000008003b30                SX126xSetPacketType
 .text.SX126xGetPacketType
                0x0000000008003b50        0xc zephyr/subsys/lorawan/libloramac-node.a(sx126x.c.obj)
                0x0000000008003b50                SX126xGetPacketType
 .text.SX126xSetModulationParams
                0x0000000008003b5c       0x98 zephyr/subsys/lorawan/libloramac-node.a(sx126x.c.obj)
                0x0000000008003b5c                SX126xSetModulationParams
 .text.SX126xSetPacketParams
                0x0000000008003bf4       0xbc zephyr/subsys/lorawan/libloramac-node.a(sx126x.c.obj)
                0x0000000008003bf4                SX126xSetPacketParams
 .text.SX126xGetRxBufferStatus
                0x0000000008003cb0       0x44 zephyr/subsys/lorawan/libloramac-node.a(sx126x.c.obj)
                0x0000000008003cb0                SX126xGetRxBufferStatus
 .text.SX126xGetPacketStatus
                0x0000000008003cf4       0x78 zephyr/subsys/lorawan/libloramac-node.a(sx126x.c.obj)
                0x0000000008003cf4                SX126xGetPacketStatus
 .text.RadioOnTxTimeoutIrq
                0x0000000008003d6c       0x14 zephyr/subsys/lorawan/libloramac-node.a(radio.c.obj)
                0x0000000008003d6c                RadioOnTxTimeoutIrq
 .text.RadioOnRxTimeoutIrq
                0x0000000008003d80       0x14 zephyr/subsys/lorawan/libloramac-node.a(radio.c.obj)
                0x0000000008003d80                RadioOnRxTimeoutIrq
 .text.RadioOnDioIrq
                0x0000000008003d94        0xc zephyr/subsys/lorawan/libloramac-node.a(radio.c.obj)
                0x0000000008003d94                RadioOnDioIrq
 .text.RadioGetStatus
                0x0000000008003da0       0x1c zephyr/subsys/lorawan/libloramac-node.a(radio.c.obj)
                0x0000000008003da0                RadioGetStatus
 .text.RadioSend
                0x0000000008003dbc       0x5c zephyr/subsys/lorawan/libloramac-node.a(radio.c.obj)
                0x0000000008003dbc                RadioSend
 .text.RadioSetTxContinuousWave
                0x0000000008003e18       0x30 zephyr/subsys/lorawan/libloramac-node.a(radio.c.obj)
                0x0000000008003e18                RadioSetTxContinuousWave
 .text.RadioIrqProcess
                0x0000000008003e48      0x17c zephyr/subsys/lorawan/libloramac-node.a(radio.c.obj)
                0x0000000008003e48                RadioIrqProcess
 .text.RadioGetFskBandwidthRegValue
                0x0000000008003fc4       0x34 zephyr/subsys/lorawan/libloramac-node.a(radio.c.obj)
 .text.RadioSetMaxPayloadLength
                0x0000000008003ff8       0x30 zephyr/subsys/lorawan/libloramac-node.a(radio.c.obj)
                0x0000000008003ff8                RadioSetMaxPayloadLength
 .text.RadioRx  0x0000000008004028       0x48 zephyr/subsys/lorawan/libloramac-node.a(radio.c.obj)
                0x0000000008004028                RadioRx
 .text.RadioRxBoosted
                0x0000000008004070       0x48 zephyr/subsys/lorawan/libloramac-node.a(radio.c.obj)
                0x0000000008004070                RadioRxBoosted
 .text.RadioTimeOnAir
                0x00000000080040b8       0xe4 zephyr/subsys/lorawan/libloramac-node.a(radio.c.obj)
                0x00000000080040b8                RadioTimeOnAir
 .text.RadioSetPublicNetwork
                0x000000000800419c       0x3c zephyr/subsys/lorawan/libloramac-node.a(radio.c.obj)
                0x000000000800419c                RadioSetPublicNetwork
 .text.RadioSetModem.part.0
                0x00000000080041d8       0x24 zephyr/subsys/lorawan/libloramac-node.a(radio.c.obj)
 .text.RadioSetModem
                0x00000000080041fc       0x20 zephyr/subsys/lorawan/libloramac-node.a(radio.c.obj)
                0x00000000080041fc                RadioSetModem
 .text.RadioSetRxConfig
                0x000000000800421c      0x1e0 zephyr/subsys/lorawan/libloramac-node.a(radio.c.obj)
                0x000000000800421c                RadioSetRxConfig
 .text.RadioSetTxConfig
                0x00000000080043fc      0x194 zephyr/subsys/lorawan/libloramac-node.a(radio.c.obj)
                0x00000000080043fc                RadioSetTxConfig
 .text.RadioInit
                0x0000000008004590       0x7c zephyr/subsys/lorawan/libloramac-node.a(radio.c.obj)
                0x0000000008004590                RadioInit
 .text.aes_set_key
                0x000000000800460c      0x104 zephyr/subsys/lorawan/libloramac-node.a(aes.c.obj)
                0x000000000800460c                aes_set_key
 .text.aes_encrypt
                0x0000000008004710      0x2cc zephyr/subsys/lorawan/libloramac-node.a(aes.c.obj)
                0x0000000008004710                aes_encrypt
 .text.ComputeCmac
                0x00000000080049dc       0x80 zephyr/subsys/lorawan/libloramac-node.a(soft-se.c.obj)
 .text.SecureElementInit
                0x0000000008004a5c       0xc0 zephyr/subsys/lorawan/libloramac-node.a(soft-se.c.obj)
                0x0000000008004a5c                SecureElementInit
 .text.SecureElementAesEncrypt
                0x0000000008004b1c       0x7c zephyr/subsys/lorawan/libloramac-node.a(soft-se.c.obj)
                0x0000000008004b1c                SecureElementAesEncrypt
 .text.SecureElementSetKey.part.0
                0x0000000008004b98       0x7c zephyr/subsys/lorawan/libloramac-node.a(soft-se.c.obj)
 .text.SecureElementSetDevEui
                0x0000000008004c14       0x1c zephyr/subsys/lorawan/libloramac-node.a(soft-se.c.obj)
                0x0000000008004c14                SecureElementSetDevEui
 .text.SecureElementGetDevEui
                0x0000000008004c30        0xc zephyr/subsys/lorawan/libloramac-node.a(soft-se.c.obj)
                0x0000000008004c30                SecureElementGetDevEui
 .text.SecureElementSetJoinEui
                0x0000000008004c3c       0x20 zephyr/subsys/lorawan/libloramac-node.a(soft-se.c.obj)
                0x0000000008004c3c                SecureElementSetJoinEui
 .text.SecureElementGetJoinEui
                0x0000000008004c5c        0xc zephyr/subsys/lorawan/libloramac-node.a(soft-se.c.obj)
                0x0000000008004c5c                SecureElementGetJoinEui
 .text.SecureElementSetPin
                0x0000000008004c68       0x20 zephyr/subsys/lorawan/libloramac-node.a(soft-se.c.obj)
                0x0000000008004c68                SecureElementSetPin
 .text.SecureElementGetPin
                0x0000000008004c88        0xc zephyr/subsys/lorawan/libloramac-node.a(soft-se.c.obj)
                0x0000000008004c88                SecureElementGetPin
 .text.UpdateRxSlotIdleState
                0x0000000008004c94       0x1c zephyr/subsys/lorawan/libloramac-node.a(LoRaMac.c.obj)
 .text.OnMacProcessNotify
                0x0000000008004cb0       0x14 zephyr/subsys/lorawan/libloramac-node.a(LoRaMac.c.obj)
 .text.OnRadioRxTimeout
                0x0000000008004cc4       0x14 zephyr/subsys/lorawan/libloramac-node.a(LoRaMac.c.obj)
 .text.OnRadioTxTimeout
                0x0000000008004cd8       0x14 zephyr/subsys/lorawan/libloramac-node.a(LoRaMac.c.obj)
 .text.OnRadioRxError
                0x0000000008004cec       0x14 zephyr/subsys/lorawan/libloramac-node.a(LoRaMac.c.obj)
 .text.OnAbpJoinPendingTimerEvent
                0x0000000008004d00       0x24 zephyr/subsys/lorawan/libloramac-node.a(LoRaMac.c.obj)
 .text.OnRadioRxDone
                0x0000000008004d24       0x3c zephyr/subsys/lorawan/libloramac-node.a(LoRaMac.c.obj)
 .text.GetMaxAppPayloadWithoutFOptsLength
                0x0000000008004d60       0x2c zephyr/subsys/lorawan/libloramac-node.a(LoRaMac.c.obj)
 .text.OnForceRejoinReqCycleTimerEvent
                0x0000000008004d8c       0x64 zephyr/subsys/lorawan/libloramac-node.a(LoRaMac.c.obj)
 .text.OnRetransmitTimeoutTimerEvent
                0x0000000008004df0       0x28 zephyr/subsys/lorawan/libloramac-node.a(LoRaMac.c.obj)
 .text.PrepareRxDoneAbort
                0x0000000008004e18       0x38 zephyr/subsys/lorawan/libloramac-node.a(LoRaMac.c.obj)
 .text.ResetMacParameters
                0x0000000008004e50      0x15c zephyr/subsys/lorawan/libloramac-node.a(LoRaMac.c.obj)
 .text.OnRadioTxDone
                0x0000000008004fac       0x3c zephyr/subsys/lorawan/libloramac-node.a(LoRaMac.c.obj)
 .text.HandleRadioRxErrorTimeout
                0x0000000008004fe8       0xcc zephyr/subsys/lorawan/libloramac-node.a(LoRaMac.c.obj)
 .text.OpenContinuousRxCWindow
                0x00000000080050b4       0x58 zephyr/subsys/lorawan/libloramac-node.a(LoRaMac.c.obj)
 .text.SwitchClass
                0x000000000800510c      0x100 zephyr/subsys/lorawan/libloramac-node.a(LoRaMac.c.obj)
 .text.RxWindowSetup.constprop.0
                0x000000000800520c       0x40 zephyr/subsys/lorawan/libloramac-node.a(LoRaMac.c.obj)
 .text.OnRxWindow1TimerEvent
                0x000000000800524c       0x44 zephyr/subsys/lorawan/libloramac-node.a(LoRaMac.c.obj)
 .text.OnRxWindow2TimerEvent
                0x0000000008005290       0x4c zephyr/subsys/lorawan/libloramac-node.a(LoRaMac.c.obj)
 .text.ProcessMacCommands.constprop.0
                0x00000000080052dc      0x6ec zephyr/subsys/lorawan/libloramac-node.a(LoRaMac.c.obj)
 .text.StopRetransmission.isra.0
                0x00000000080059c8       0x90 zephyr/subsys/lorawan/libloramac-node.a(LoRaMac.c.obj)
 .text.OnRejoin1CycleTimerEvent
                0x0000000008005a58       0x50 zephyr/subsys/lorawan/libloramac-node.a(LoRaMac.c.obj)
 .text.OnRejoin0CycleTimerEvent
                0x0000000008005aa8       0x50 zephyr/subsys/lorawan/libloramac-node.a(LoRaMac.c.obj)
 .text.LoRaMacIsBusy
                0x0000000008005af8       0x30 zephyr/subsys/lorawan/libloramac-node.a(LoRaMac.c.obj)
                0x0000000008005af8                LoRaMacIsBusy
 .text.PrepareFrame
                0x0000000008005b28      0x14c zephyr/subsys/lorawan/libloramac-node.a(LoRaMac.c.obj)
                0x0000000008005b28                PrepareFrame
 .text.SendFrameOnChannel
                0x0000000008005c74      0x144 zephyr/subsys/lorawan/libloramac-node.a(LoRaMac.c.obj)
                0x0000000008005c74                SendFrameOnChannel
 .text.ScheduleTx
                0x0000000008005db8      0x1f8 zephyr/subsys/lorawan/libloramac-node.a(LoRaMac.c.obj)
 .text.OnTxDelayedTimerEvent
                0x0000000008005fb0       0x70 zephyr/subsys/lorawan/libloramac-node.a(LoRaMac.c.obj)
 .text.Send     0x0000000008006020       0xfc zephyr/subsys/lorawan/libloramac-node.a(LoRaMac.c.obj)
                0x0000000008006020                Send
 .text.SendReJoinReq
                0x000000000800611c      0x108 zephyr/subsys/lorawan/libloramac-node.a(LoRaMac.c.obj)
                0x000000000800611c                SendReJoinReq
 .text.SetTxContinuousWave
                0x0000000008006224       0x2c zephyr/subsys/lorawan/libloramac-node.a(LoRaMac.c.obj)
                0x0000000008006224                SetTxContinuousWave
 .text.LoRaMacInitialization
                0x0000000008006250      0x380 zephyr/subsys/lorawan/libloramac-node.a(LoRaMac.c.obj)
                0x0000000008006250                LoRaMacInitialization
 .text.LoRaMacStart
                0x00000000080065d0       0x14 zephyr/subsys/lorawan/libloramac-node.a(LoRaMac.c.obj)
                0x00000000080065d0                LoRaMacStart
 .text.LoRaMacQueryTxPossible
                0x00000000080065e4       0xc4 zephyr/subsys/lorawan/libloramac-node.a(LoRaMac.c.obj)
                0x00000000080065e4                LoRaMacQueryTxPossible
 .text.LoRaMacMibGetRequestConfirm
                0x00000000080066a8      0x230 zephyr/subsys/lorawan/libloramac-node.a(LoRaMac.c.obj)
                0x00000000080066a8                LoRaMacMibGetRequestConfirm
 .text.LoRaMacMibSetRequestConfirm
                0x00000000080068d8      0x648 zephyr/subsys/lorawan/libloramac-node.a(LoRaMac.c.obj)
                0x00000000080068d8                LoRaMacMibSetRequestConfirm
 .text.LoRaMacMlmeRequest
                0x0000000008006f20      0x228 zephyr/subsys/lorawan/libloramac-node.a(LoRaMac.c.obj)
                0x0000000008006f20                LoRaMacMlmeRequest
 .text.LoRaMacProcess
                0x0000000008007148      0xb9c zephyr/subsys/lorawan/libloramac-node.a(LoRaMac.c.obj)
                0x0000000008007148                LoRaMacProcess
 .text.LoRaMacMcpsRequest
                0x0000000008007ce4      0x1a4 zephyr/subsys/lorawan/libloramac-node.a(LoRaMac.c.obj)
                0x0000000008007ce4                LoRaMacMcpsRequest
 .text.IsSticky
                0x0000000008007e88       0x20 zephyr/subsys/lorawan/libloramac-node.a(LoRaMacCommands.c.obj)
 .text.LoRaMacCommandsInit
                0x0000000008007ea8       0x1c zephyr/subsys/lorawan/libloramac-node.a(LoRaMacCommands.c.obj)
                0x0000000008007ea8                LoRaMacCommandsInit
 .text.LoRaMacCommandsAddCmd
                0x0000000008007ec4       0x9c zephyr/subsys/lorawan/libloramac-node.a(LoRaMacCommands.c.obj)
                0x0000000008007ec4                LoRaMacCommandsAddCmd
 .text.LoRaMacCommandsRemoveCmd
                0x0000000008007f60       0x5c zephyr/subsys/lorawan/libloramac-node.a(LoRaMacCommands.c.obj)
                0x0000000008007f60                LoRaMacCommandsRemoveCmd
 .text.LoRaMacCommandsGetCmd
                0x0000000008007fbc       0x1c zephyr/subsys/lorawan/libloramac-node.a(LoRaMacCommands.c.obj)
                0x0000000008007fbc                LoRaMacCommandsGetCmd
 .text.LoRaMacCommandsRemoveNoneStickyCmds
                0x0000000008007fd8       0x1c zephyr/subsys/lorawan/libloramac-node.a(LoRaMacCommands.c.obj)
                0x0000000008007fd8                LoRaMacCommandsRemoveNoneStickyCmds
 .text.LoRaMacCommandsRemoveStickyAnsCmds
                0x0000000008007ff4       0x3c zephyr/subsys/lorawan/libloramac-node.a(LoRaMacCommands.c.obj)
                0x0000000008007ff4                LoRaMacCommandsRemoveStickyAnsCmds
 .text.LoRaMacCommandsGetSizeSerializedCmds
                0x0000000008008030       0x18 zephyr/subsys/lorawan/libloramac-node.a(LoRaMacCommands.c.obj)
                0x0000000008008030                LoRaMacCommandsGetSizeSerializedCmds
 .text.LoRaMacCommandsSerializeCmds
                0x0000000008008048       0x68 zephyr/subsys/lorawan/libloramac-node.a(LoRaMacCommands.c.obj)
                0x0000000008008048                LoRaMacCommandsSerializeCmds
 .text.LoRaMacCommandsGetCmdSize
                0x00000000080080b0       0x14 zephyr/subsys/lorawan/libloramac-node.a(LoRaMacCommands.c.obj)
                0x00000000080080b0                LoRaMacCommandsGetCmdSize
 .text.GetElement.constprop.0
                0x00000000080080c4       0x34 zephyr/subsys/lorawan/libloramac-node.a(LoRaMacConfirmQueue.c.obj)
 .text.LoRaMacConfirmQueueInit
                0x00000000080080f8       0x28 zephyr/subsys/lorawan/libloramac-node.a(LoRaMacConfirmQueue.c.obj)
                0x00000000080080f8                LoRaMacConfirmQueueInit
 .text.LoRaMacConfirmQueueAdd
                0x0000000008008120       0x4c zephyr/subsys/lorawan/libloramac-node.a(LoRaMacConfirmQueue.c.obj)
                0x0000000008008120                LoRaMacConfirmQueueAdd
 .text.LoRaMacConfirmQueueRemoveFirst
                0x000000000800816c       0x2c zephyr/subsys/lorawan/libloramac-node.a(LoRaMacConfirmQueue.c.obj)
                0x000000000800816c                LoRaMacConfirmQueueRemoveFirst
 .text.LoRaMacConfirmQueueSetStatus
                0x0000000008008198       0x24 zephyr/subsys/lorawan/libloramac-node.a(LoRaMacConfirmQueue.c.obj)
                0x0000000008008198                LoRaMacConfirmQueueSetStatus
 .text.LoRaMacConfirmQueueSetStatusCmn
                0x00000000080081bc       0x34 zephyr/subsys/lorawan/libloramac-node.a(LoRaMacConfirmQueue.c.obj)
                0x00000000080081bc                LoRaMacConfirmQueueSetStatusCmn
 .text.LoRaMacConfirmQueueIsCmdActive
                0x00000000080081f0       0x18 zephyr/subsys/lorawan/libloramac-node.a(LoRaMacConfirmQueue.c.obj)
                0x00000000080081f0                LoRaMacConfirmQueueIsCmdActive
 .text.LoRaMacConfirmQueueHandleCb
                0x0000000008008208       0x68 zephyr/subsys/lorawan/libloramac-node.a(LoRaMacConfirmQueue.c.obj)
                0x0000000008008208                LoRaMacConfirmQueueHandleCb
 .text.LoRaMacConfirmQueueGetCnt
                0x0000000008008270        0xc zephyr/subsys/lorawan/libloramac-node.a(LoRaMacConfirmQueue.c.obj)
                0x0000000008008270                LoRaMacConfirmQueueGetCnt
 .text.LoRaMacConfirmQueueIsFull
                0x000000000800827c       0x14 zephyr/subsys/lorawan/libloramac-node.a(LoRaMacConfirmQueue.c.obj)
                0x000000000800827c                LoRaMacConfirmQueueIsFull
 .text.FOptsEncrypt
                0x0000000008008290       0xbc zephyr/subsys/lorawan/libloramac-node.a(LoRaMacCrypto.c.obj)
 .text.GetLastFcntDown.constprop.0
                0x000000000800834c       0x58 zephyr/subsys/lorawan/libloramac-node.a(LoRaMacCrypto.c.obj)
 .text.VerifyCmacB0.constprop.0
                0x00000000080083a4       0xbc zephyr/subsys/lorawan/libloramac-node.a(LoRaMacCrypto.c.obj)
 .text.LoRaMacCryptoInit
                0x0000000008008460       0x3c zephyr/subsys/lorawan/libloramac-node.a(LoRaMacCrypto.c.obj)
                0x0000000008008460                LoRaMacCryptoInit
 .text.LoRaMacCryptoSetLrWanVersion
                0x000000000800849c       0x10 zephyr/subsys/lorawan/libloramac-node.a(LoRaMacCrypto.c.obj)
                0x000000000800849c                LoRaMacCryptoSetLrWanVersion
 .text.LoRaMacCryptoGetFCntUp
                0x00000000080084ac       0x18 zephyr/subsys/lorawan/libloramac-node.a(LoRaMacCrypto.c.obj)
                0x00000000080084ac                LoRaMacCryptoGetFCntUp
 .text.LoRaMacCryptoGetRJcount
                0x00000000080084c4       0x30 zephyr/subsys/lorawan/libloramac-node.a(LoRaMacCrypto.c.obj)
                0x00000000080084c4                LoRaMacCryptoGetRJcount
 .text.LoRaMacCryptoSetMulticastReference
                0x00000000080084f4       0x2c zephyr/subsys/lorawan/libloramac-node.a(LoRaMacCrypto.c.obj)
                0x00000000080084f4                LoRaMacCryptoSetMulticastReference
 .text.LoRaMacCryptoPrepareJoinRequest
                0x0000000008008520       0xac zephyr/subsys/lorawan/libloramac-node.a(LoRaMacCrypto.c.obj)
                0x0000000008008520                LoRaMacCryptoPrepareJoinRequest
 .text.LoRaMacCryptoPrepareReJoinType1
                0x00000000080085cc       0x58 zephyr/subsys/lorawan/libloramac-node.a(LoRaMacCrypto.c.obj)
                0x00000000080085cc                LoRaMacCryptoPrepareReJoinType1
 .text.LoRaMacCryptoPrepareReJoinType0or2
                0x0000000008008624       0x54 zephyr/subsys/lorawan/libloramac-node.a(LoRaMacCrypto.c.obj)
                0x0000000008008624                LoRaMacCryptoPrepareReJoinType0or2
 .text.LoRaMacCryptoSecureMessage
                0x0000000008008678      0x18c zephyr/subsys/lorawan/libloramac-node.a(LoRaMacCrypto.c.obj)
                0x0000000008008678                LoRaMacCryptoSecureMessage
 .text.LoRaMacCryptoUnsecureMessage
                0x0000000008008804      0x150 zephyr/subsys/lorawan/libloramac-node.a(LoRaMacCrypto.c.obj)
                0x0000000008008804                LoRaMacCryptoUnsecureMessage
 .text.LoRaMacCryptoSetKey
                0x0000000008008954       0x34 zephyr/subsys/lorawan/libloramac-node.a(LoRaMacCrypto.c.obj)
                0x0000000008008954                LoRaMacCryptoSetKey
 .text.LoRaMacCryptoHandleJoinAccept
                0x0000000008008988      0x180 zephyr/subsys/lorawan/libloramac-node.a(LoRaMacCrypto.c.obj)
                0x0000000008008988                LoRaMacCryptoHandleJoinAccept
 .text.RegionGetVersion
                0x0000000008008b08        0x8 zephyr/subsys/lorawan/libloramac-node.a(Region.c.obj)
                0x0000000008008b08                RegionGetVersion
 .text.RegionCommonUpdateBandTimeOff
                0x0000000008008b10       0xdc zephyr/subsys/lorawan/libloramac-node.a(RegionCommon.c.obj)
                0x0000000008008b10                RegionCommonUpdateBandTimeOff
 .text.RegionCommonComputeSymbolTimeLoRa
                0x0000000008008bec       0x10 zephyr/subsys/lorawan/libloramac-node.a(RegionCommon.c.obj)
                0x0000000008008bec                RegionCommonComputeSymbolTimeLoRa
 .text.RegionCommonGetBandwidth
                0x0000000008008bfc       0x24 zephyr/subsys/lorawan/libloramac-node.a(RegionCommon.c.obj)
                0x0000000008008bfc                RegionCommonGetBandwidth
 .text.VerifyRfFreq
                0x0000000008008c20       0x28 zephyr/subsys/lorawan/libloramac-node.a(RegionIN865.c.obj)
 .text.GetTimeOnAir
                0x0000000008008c48       0x54 zephyr/subsys/lorawan/libloramac-node.a(RegionIN865.c.obj)
 .text.RegionIN865GetPhyParam
                0x0000000008008c9c      0x124 zephyr/subsys/lorawan/libloramac-node.a(RegionIN865.c.obj)
                0x0000000008008c9c                RegionIN865GetPhyParam
 .text.RegionIN865SetBandTxDone
                0x0000000008008dc0       0x38 zephyr/subsys/lorawan/libloramac-node.a(RegionIN865.c.obj)
                0x0000000008008dc0                RegionIN865SetBandTxDone
 .text.RegionIN865InitDefaults
                0x0000000008008df8       0xb4 zephyr/subsys/lorawan/libloramac-node.a(RegionIN865.c.obj)
                0x0000000008008df8                RegionIN865InitDefaults
 .text.RegionIN865ChanMaskSet
                0x0000000008008eac       0x34 zephyr/subsys/lorawan/libloramac-node.a(RegionIN865.c.obj)
                0x0000000008008eac                RegionIN865ChanMaskSet
 .text.RegionIN865ComputeRxWindowParameters
                0x0000000008008ee0       0x64 zephyr/subsys/lorawan/libloramac-node.a(RegionIN865.c.obj)
                0x0000000008008ee0                RegionIN865ComputeRxWindowParameters
 .text.RegionIN865RxConfig
                0x0000000008008f44       0xd8 zephyr/subsys/lorawan/libloramac-node.a(RegionIN865.c.obj)
                0x0000000008008f44                RegionIN865RxConfig
 .text.RegionIN865TxConfig
                0x000000000800901c      0x108 zephyr/subsys/lorawan/libloramac-node.a(RegionIN865.c.obj)
                0x000000000800901c                RegionIN865TxConfig
 .text.RegionIN865LinkAdrReq
                0x0000000008009124      0x168 zephyr/subsys/lorawan/libloramac-node.a(RegionIN865.c.obj)
                0x0000000008009124                RegionIN865LinkAdrReq
 .text.RegionIN865DlChannelReq
                0x000000000800928c       0x50 zephyr/subsys/lorawan/libloramac-node.a(RegionIN865.c.obj)
                0x000000000800928c                RegionIN865DlChannelReq
 .text.RegionIN865NextChannel
                0x00000000080092dc       0xf4 zephyr/subsys/lorawan/libloramac-node.a(RegionIN865.c.obj)
                0x00000000080092dc                RegionIN865NextChannel
 .text.RegionIN865ChannelAdd
                0x00000000080093d0       0xb4 zephyr/subsys/lorawan/libloramac-node.a(RegionIN865.c.obj)
                0x00000000080093d0                RegionIN865ChannelAdd
 .text.RegionIN865ChannelsRemove
                0x0000000008009484       0x30 zephyr/subsys/lorawan/libloramac-node.a(RegionIN865.c.obj)
                0x0000000008009484                RegionIN865ChannelsRemove
 .text.RegionIN865ApplyDrOffset
                0x00000000080094b4       0x20 zephyr/subsys/lorawan/libloramac-node.a(RegionIN865.c.obj)
                0x00000000080094b4                RegionIN865ApplyDrOffset
 .text.stm32_exti_isr
                0x00000000080094d4       0x4c zephyr/drivers/interrupt_controller/libdrivers__interrupt_controller.a(intc_exti_stm32.c.obj)
 .text.stm32_fill_irq_table
                0x0000000008009520       0x18 zephyr/drivers/interrupt_controller/libdrivers__interrupt_controller.a(intc_exti_stm32.c.obj)
 .text.stm32_gpio_intc_enable_line
                0x0000000008009538       0x30 zephyr/drivers/interrupt_controller/libdrivers__interrupt_controller.a(intc_exti_stm32.c.obj)
                0x0000000008009538                stm32_gpio_intc_enable_line
 .text.stm32_gpio_intc_disable_line
                0x0000000008009568       0x14 zephyr/drivers/interrupt_controller/libdrivers__interrupt_controller.a(intc_exti_stm32.c.obj)
                0x0000000008009568                stm32_gpio_intc_disable_line
 .text.stm32_gpio_intc_select_line_trigger
                0x000000000800957c       0x50 zephyr/drivers/interrupt_controller/libdrivers__interrupt_controller.a(intc_exti_stm32.c.obj)
                0x000000000800957c                stm32_gpio_intc_select_line_trigger
 .text.stm32_gpio_intc_set_irq_callback
                0x00000000080095cc       0x40 zephyr/drivers/interrupt_controller/libdrivers__interrupt_controller.a(intc_exti_stm32.c.obj)
                0x00000000080095cc                stm32_gpio_intc_set_irq_callback
 .text.stm32_gpio_intc_remove_irq_callback
                0x000000000800960c       0x24 zephyr/drivers/interrupt_controller/libdrivers__interrupt_controller.a(intc_exti_stm32.c.obj)
                0x000000000800960c                stm32_gpio_intc_remove_irq_callback
 .text.stm32_exti_get_line_src_port
                0x0000000008009630       0x34 zephyr/drivers/interrupt_controller/libdrivers__interrupt_controller.a(intc_exti_stm32.c.obj)
                0x0000000008009630                stm32_exti_get_line_src_port
 .text.stm32_clock_control_get_subsys_rate
                0x0000000008009664       0xb0 zephyr/drivers/clock_control/libdrivers__clock_control.a(clock_stm32_ll_common.c.obj)
 .text.stm32_clock_control_init
                0x0000000008009714      0x190 zephyr/drivers/clock_control/libdrivers__clock_control.a(clock_stm32_ll_common.c.obj)
                0x0000000008009714                stm32_clock_control_init
 .text.get_pllsrc_frequency
                0x00000000080098a4        0x8 zephyr/drivers/clock_control/libdrivers__clock_control.a(clock_stm32l4_l5_wb_wl.c.obj)
                0x00000000080098a4                get_pllsrc_frequency
 .text.config_pll_sysclock
                0x00000000080098ac       0x24 zephyr/drivers/clock_control/libdrivers__clock_control.a(clock_stm32l4_l5_wb_wl.c.obj)
                0x00000000080098ac                config_pll_sysclock
 .text.uart_console_init
                0x00000000080098d0       0x28 zephyr/drivers/console/libdrivers__console.a(uart_console.c.obj)
 .text.console_out
                0x00000000080098f8       0x28 zephyr/drivers/console/libdrivers__console.a(uart_console.c.obj)
 .text.gpio_stm32_pin_interrupt_configure
                0x0000000008009920       0xb0 zephyr/drivers/gpio/libdrivers__gpio.a(gpio_stm32.c.obj)
 .text.gpio_stm32_init
                0x00000000080099d0       0x38 zephyr/drivers/gpio/libdrivers__gpio.a(gpio_stm32.c.obj)
 .text.pinctrl_configure_pins
                0x0000000008009a08       0x84 zephyr/drivers/pinctrl/libdrivers__pinctrl.a(pinctrl_stm32.c.obj)
                0x0000000008009a08                pinctrl_configure_pins
 .text.uart_stm32_cfg2ll_stopbits
                0x0000000008009a8c       0x38 zephyr/drivers/serial/libdrivers__serial.a(uart_stm32.c.obj)
 .text.lpuartdiv_calc
                0x0000000008009ac4       0x30 zephyr/drivers/serial/libdrivers__serial.a(uart_stm32.c.obj)
                0x0000000008009ac4                lpuartdiv_calc
 .text.uart_stm32_set_baudrate
                0x0000000008009af4      0x108 zephyr/drivers/serial/libdrivers__serial.a(uart_stm32.c.obj)
 .text.uart_stm32_configure
                0x0000000008009bfc       0xe8 zephyr/drivers/serial/libdrivers__serial.a(uart_stm32.c.obj)
 .text.uart_stm32_init
                0x0000000008009ce4      0x1b4 zephyr/drivers/serial/libdrivers__serial.a(uart_stm32.c.obj)
 .text.spi_stm32_init
                0x0000000008009e98      0x140 zephyr/drivers/spi/libdrivers__spi.a(spi_ll_stm32.c.obj)
 .text.spi_stm32_transceive
                0x0000000008009fd8      0x578 zephyr/drivers/spi/libdrivers__spi.a(spi_ll_stm32.c.obj)
 .text.elapsed  0x000000000800a550       0x4c zephyr/drivers/timer/libdrivers__timer.a(cortex_m_systick.c.obj)
 .text.sys_clock_driver_init
                0x000000000800a59c       0x38 zephyr/drivers/timer/libdrivers__timer.a(cortex_m_systick.c.obj)
 .text.sys_clock_isr
                0x000000000800a5d4       0x50 zephyr/drivers/timer/libdrivers__timer.a(cortex_m_systick.c.obj)
                0x000000000800a5d4                sys_clock_isr
 .text.sys_clock_set_timeout
                0x000000000800a624       0xe8 zephyr/drivers/timer/libdrivers__timer.a(cortex_m_systick.c.obj)
                0x000000000800a624                sys_clock_set_timeout
 .text.sys_clock_elapsed
                0x000000000800a70c       0x3c zephyr/drivers/timer/libdrivers__timer.a(cortex_m_systick.c.obj)
                0x000000000800a70c                sys_clock_elapsed
 .text.sys_clock_cycle_get_32
                0x000000000800a748       0x28 zephyr/drivers/timer/libdrivers__timer.a(cortex_m_systick.c.obj)
                0x000000000800a748                sys_clock_cycle_get_32
 .text.HAL_RCC_GetSysClockFreq
                0x000000000800a770       0xe4 modules/hal_stm32/stm32cube/lib..__modules__hal__stm32__stm32cube.a(stm32wlxx_hal_rcc.c.obj)
                0x000000000800a770                HAL_RCC_GetSysClockFreq
 .text.LL_SetFlashLatency
                0x000000000800a854       0xa4 modules/hal_stm32/stm32cube/lib..__modules__hal__stm32__stm32cube.a(stm32wlxx_ll_utils.c.obj)
                0x000000000800a854                LL_SetFlashLatency
 .text.k_sys_fatal_error_handler
                0x000000000800a8f8       0x20 zephyr/kernel/libkernel.a(fatal.c.obj)
                0x000000000800a8f8                k_sys_fatal_error_handler
 .text.z_fatal_error
                0x000000000800a918       0xe8 zephyr/kernel/libkernel.a(fatal.c.obj)
                0x000000000800a918                z_fatal_error
 .text.z_sys_init_run_level
                0x000000000800aa00       0x48 zephyr/kernel/libkernel.a(init.c.obj)
 .text.bg_thread_main
                0x000000000800aa48       0xc0 zephyr/kernel/libkernel.a(init.c.obj)
 .text.z_bss_zero
                0x000000000800ab08       0x18 zephyr/kernel/libkernel.a(init.c.obj)
                0x000000000800ab08                z_bss_zero
 .text.z_init_cpu
                0x000000000800ab20       0x70 zephyr/kernel/libkernel.a(init.c.obj)
                0x000000000800ab20                z_init_cpu
 .text.z_cstart
                0x000000000800ab90       0xd4 zephyr/kernel/libkernel.a(init.c.obj)
                0x000000000800ab90                z_cstart
 .text.z_impl_k_mutex_lock
                0x000000000800ac64       0xf0 zephyr/kernel/libkernel.a(mutex.c.obj)
                0x000000000800ac64                z_impl_k_mutex_lock
 .text.z_impl_k_mutex_unlock
                0x000000000800ad54       0xa0 zephyr/kernel/libkernel.a(mutex.c.obj)
                0x000000000800ad54                z_impl_k_mutex_unlock
 .text.z_impl_k_sem_give
                0x000000000800adf4       0x74 zephyr/kernel/libkernel.a(sem.c.obj)
                0x000000000800adf4                z_impl_k_sem_give
 .text.z_impl_k_sem_take
                0x000000000800ae68       0x4c zephyr/kernel/libkernel.a(sem.c.obj)
                0x000000000800ae68                z_impl_k_sem_take
 .text.work_queue_main
                0x000000000800aeb4      0x14c zephyr/kernel/libkernel.a(work.c.obj)
 .text.submit_to_queue_locked
                0x000000000800b000       0xb8 zephyr/kernel/libkernel.a(work.c.obj)
 .text.k_work_submit
                0x000000000800b0b8        0xc zephyr/kernel/libkernel.a(work.c.obj)
                0x000000000800b0b8                k_work_submit
 .text.k_work_queue_start
                0x000000000800b0c4       0x80 zephyr/kernel/libkernel.a(work.c.obj)
                0x000000000800b0c4                k_work_queue_start
 .text.z_setup_new_thread
                0x000000000800b144       0x98 zephyr/kernel/libkernel.a(thread.c.obj)
                0x000000000800b144                z_setup_new_thread
 .text.z_impl_k_thread_create
                0x000000000800b1dc       0x58 zephyr/kernel/libkernel.a(thread.c.obj)
                0x000000000800b1dc                z_impl_k_thread_create
 .text.z_dummy_thread_init
                0x000000000800b234       0x18 zephyr/kernel/libkernel.a(thread.c.obj)
                0x000000000800b234                z_dummy_thread_init
 .text.z_swap_irqlock
                0x000000000800b24c       0x30 zephyr/kernel/libkernel.a(sched.c.obj)
 .text.ready_thread
                0x000000000800b27c       0x84 zephyr/kernel/libkernel.a(sched.c.obj)
 .text.unready_thread
                0x000000000800b300       0x54 zephyr/kernel/libkernel.a(sched.c.obj)
 .text.add_thread_timeout
                0x000000000800b354       0x1c zephyr/kernel/libkernel.a(sched.c.obj)
 .text.move_thread_to_end_of_prio_q
                0x000000000800b370       0x90 zephyr/kernel/libkernel.a(sched.c.obj)
                0x000000000800b370                move_thread_to_end_of_prio_q
 .text.z_pend_curr
                0x000000000800b400       0x44 zephyr/kernel/libkernel.a(sched.c.obj)
                0x000000000800b400                z_pend_curr
 .text.z_thread_prio_set
                0x000000000800b444       0xe4 zephyr/kernel/libkernel.a(sched.c.obj)
                0x000000000800b444                z_thread_prio_set
 .text.z_reschedule
                0x000000000800b528       0x24 zephyr/kernel/libkernel.a(sched.c.obj)
                0x000000000800b528                z_reschedule
 .text.z_reschedule_irqlock
                0x000000000800b54c       0x28 zephyr/kernel/libkernel.a(sched.c.obj)
                0x000000000800b54c                z_reschedule_irqlock
 .text.k_sched_lock
                0x000000000800b574       0x28 zephyr/kernel/libkernel.a(sched.c.obj)
                0x000000000800b574                k_sched_lock
 .text.k_sched_unlock
                0x000000000800b59c       0x68 zephyr/kernel/libkernel.a(sched.c.obj)
                0x000000000800b59c                k_sched_unlock
 .text.z_sched_init
                0x000000000800b604       0x10 zephyr/kernel/libkernel.a(sched.c.obj)
                0x000000000800b604                z_sched_init
 .text.z_impl_k_yield
                0x000000000800b614       0x88 zephyr/kernel/libkernel.a(sched.c.obj)
                0x000000000800b614                z_impl_k_yield
 .text.z_tick_sleep
                0x000000000800b69c       0x78 zephyr/kernel/libkernel.a(sched.c.obj)
 .text.z_impl_k_wakeup
                0x000000000800b714       0x48 zephyr/kernel/libkernel.a(sched.c.obj)
                0x000000000800b714                z_impl_k_wakeup
 .text.z_impl_k_sched_current_thread_query
                0x000000000800b75c        0xc zephyr/kernel/libkernel.a(sched.c.obj)
                0x000000000800b75c                z_impl_k_sched_current_thread_query
 .text.z_thread_abort
                0x000000000800b768      0x138 zephyr/kernel/libkernel.a(sched.c.obj)
                0x000000000800b768                z_thread_abort
 .text.z_sched_wait
                0x000000000800b8a0       0x24 zephyr/kernel/libkernel.a(sched.c.obj)
                0x000000000800b8a0                z_sched_wait
 .text.slice_timeout
                0x000000000800b8c4       0x20 zephyr/kernel/libkernel.a(timeslicing.c.obj)
 .text.thread_is_sliceable
                0x000000000800b8e4       0x3c zephyr/kernel/libkernel.a(timeslicing.c.obj)
                0x000000000800b8e4                thread_is_sliceable
 .text.z_reset_time_slice
                0x000000000800b920       0x50 zephyr/kernel/libkernel.a(timeslicing.c.obj)
                0x000000000800b920                z_reset_time_slice
 .text.z_time_slice
                0x000000000800b970       0x60 zephyr/kernel/libkernel.a(timeslicing.c.obj)
                0x000000000800b970                z_time_slice
 .text.z_data_copy
                0x000000000800b9d0       0x38 zephyr/kernel/libkernel.a(xip.c.obj)
                0x000000000800b9d0                z_data_copy
 .text.first    0x000000000800ba08       0x10 zephyr/kernel/libkernel.a(timeout.c.obj)
 .text.elapsed  0x000000000800ba18       0x14 zephyr/kernel/libkernel.a(timeout.c.obj)
 .text.remove_timeout
                0x000000000800ba2c       0x38 zephyr/kernel/libkernel.a(timeout.c.obj)
 .text.z_add_timeout
                0x000000000800ba64      0x120 zephyr/kernel/libkernel.a(timeout.c.obj)
                0x000000000800ba64                z_add_timeout
 .text.sys_clock_announce
                0x000000000800bb84       0xc0 zephyr/kernel/libkernel.a(timeout.c.obj)
                0x000000000800bb84                sys_clock_announce
 .text.sys_clock_tick_get
                0x000000000800bc44       0x30 zephyr/kernel/libkernel.a(timeout.c.obj)
                0x000000000800bc44                sys_clock_tick_get
 .text.z_timer_expiration_handler
                0x000000000800bc74      0x110 zephyr/kernel/libkernel.a(timer.c.obj)
                0x000000000800bc74                z_timer_expiration_handler
 .text.z_impl_k_timer_start
                0x000000000800bd84       0x70 zephyr/kernel/libkernel.a(timer.c.obj)
                0x000000000800bd84                z_impl_k_timer_start
 .text.clear_event_registrations
                0x000000000800bdf4       0x60 zephyr/kernel/libkernel.a(poll.c.obj)
 .text.z_impl_k_poll
                0x000000000800be54       0xb0 zephyr/kernel/libkernel.a(poll.c.obj)
                0x000000000800be54                z_impl_k_poll
 .text.z_impl_k_poll_signal_raise
                0x000000000800bf04       0x50 zephyr/kernel/libkernel.a(poll.c.obj)
                0x000000000800bf04                z_impl_k_poll_signal_raise
 .text.boot_banner
                0x000000000800bf54        0xc zephyr/kernel/libkernel.a(banner.c.obj)
                0x000000000800bf54                boot_banner
 .text.k_sys_work_q_init
                0x000000000800bf60       0x2c zephyr/kernel/libkernel.a(system_work_q.c.obj)
 .text.snprintf
                0x000000000800bf8c       0x54 /home/elisa/zephyr-sdk-0.17.2/arm-zephyr-eabi/bin/../lib/gcc/../../picolibc/arm-zephyr-eabi/lib/thumb/v7e-m/nofp/libc.a(libc_tinystdio_snprintf.c.o)
                0x000000000800bf8c                snprintf
 .text.__l_vfprintf
                0x000000000800bfe0      0x4b8 /home/elisa/zephyr-sdk-0.17.2/arm-zephyr-eabi/bin/../lib/gcc/../../picolibc/arm-zephyr-eabi/lib/thumb/v7e-m/nofp/libc.a(libc_tinystdio_vflprintf.c.o)
                0x000000000800bfe0                __l_vfprintf
 .text.floorf   0x000000000800c498       0x60 /home/elisa/zephyr-sdk-0.17.2/arm-zephyr-eabi/bin/../lib/gcc/../../picolibc/arm-zephyr-eabi/lib/thumb/v7e-m/nofp/libc.a(libm_machine_arm_sf_floor.c.o)
                0x000000000800c498                floorf
 .text._OffsetAbsSyms
                0x000000000800c4f8        0x2 zephyr/CMakeFiles/offsets.dir/./arch/arm/core/offsets/offsets.c.obj
                0x000000000800c4f8                _OffsetAbsSyms
 .text.chunk_size
                0x000000000800c4fa        0xa zephyr/libzephyr.a(heap.c.obj)
 .text.free_list_add
                0x000000000800c504       0x4e zephyr/libzephyr.a(heap.c.obj)
 .text.sys_heap_init
                0x000000000800c552       0x7a zephyr/libzephyr.a(heap.c.obj)
                0x000000000800c552                sys_heap_init
 .text.cbpprintf_external
                0x000000000800c5cc       0x62 zephyr/libzephyr.a(cbprintf_packaged.c.obj)
                0x000000000800c5cc                cbpprintf_external
 .text.is_ptr   0x000000000800c62e       0x4a zephyr/libzephyr.a(cbprintf_packaged.c.obj)
                0x000000000800c62e                is_ptr
 .text.arch_printk_char_out
                0x000000000800c678        0x4 zephyr/libzephyr.a(printk.c.obj)
                0x000000000800c678                arch_printk_char_out
 .text.printk   0x000000000800c67c       0x1a zephyr/libzephyr.a(printk.c.obj)
                0x000000000800c67c                printk
 .text.free_space
                0x000000000800c696       0x26 zephyr/libzephyr.a(mpsc_pbuf.c.obj)
 .text.get_usage
                0x000000000800c6bc       0x22 zephyr/libzephyr.a(mpsc_pbuf.c.obj)
 .text.idx_inc  0x000000000800c6de       0x1c zephyr/libzephyr.a(mpsc_pbuf.c.obj)
 .text.rd_idx_inc
                0x000000000800c6fa       0x18 zephyr/libzephyr.a(mpsc_pbuf.c.obj)
 .text.add_skip_item
                0x000000000800c712       0x3a zephyr/libzephyr.a(mpsc_pbuf.c.obj)
 .text.drop_item_locked
                0x000000000800c74c      0x100 zephyr/libzephyr.a(mpsc_pbuf.c.obj)
 .text.post_drop_action
                0x000000000800c84c       0x36 zephyr/libzephyr.a(mpsc_pbuf.c.obj)
 .text.max_utilization_update
                0x000000000800c882       0x1a zephyr/libzephyr.a(mpsc_pbuf.c.obj)
 .text.mpsc_pbuf_init
                0x000000000800c89c       0x42 zephyr/libzephyr.a(mpsc_pbuf.c.obj)
                0x000000000800c89c                mpsc_pbuf_init
 .text.mpsc_pbuf_alloc
                0x000000000800c8de       0xfe zephyr/libzephyr.a(mpsc_pbuf.c.obj)
                0x000000000800c8de                mpsc_pbuf_alloc
 .text.mpsc_pbuf_commit
                0x000000000800c9dc       0x3e zephyr/libzephyr.a(mpsc_pbuf.c.obj)
                0x000000000800c9dc                mpsc_pbuf_commit
 .text.mpsc_pbuf_claim
                0x000000000800ca1a       0xa8 zephyr/libzephyr.a(mpsc_pbuf.c.obj)
                0x000000000800ca1a                mpsc_pbuf_claim
 .text.mpsc_pbuf_free
                0x000000000800cac2       0x76 zephyr/libzephyr.a(mpsc_pbuf.c.obj)
                0x000000000800cac2                mpsc_pbuf_free
 .text.mpsc_pbuf_is_pending
                0x000000000800cb38       0x32 zephyr/libzephyr.a(mpsc_pbuf.c.obj)
                0x000000000800cb38                mpsc_pbuf_is_pending
 .text._ConfigAbsSyms
                0x000000000800cb6a        0x2 zephyr/libzephyr.a(configs.c.obj)
                0x000000000800cb6a                _ConfigAbsSyms
 .text.log_msg_generic_get_wlen
                0x000000000800cb6c       0x20 zephyr/libzephyr.a(log_core.c.obj)
 .text.dummy_timestamp
                0x000000000800cb8c        0x4 zephyr/libzephyr.a(log_core.c.obj)
 .text.atomic_inc
                0x000000000800cb90       0x1a zephyr/libzephyr.a(log_core.c.obj)
 .text.default_lf_get_timestamp
                0x000000000800cbaa       0x10 zephyr/libzephyr.a(log_core.c.obj)
 .text.z_log_vprintk
                0x000000000800cbba       0x1c zephyr/libzephyr.a(log_core.c.obj)
                0x000000000800cbba                z_log_vprintk
 .text.z_log_notify_drop
                0x000000000800cbd6        0x6 zephyr/libzephyr.a(log_core.c.obj)
 .text.z_log_get_tag
                0x000000000800cbdc        0x4 zephyr/libzephyr.a(log_core.c.obj)
                0x000000000800cbdc                z_log_get_tag
 .text.log_backend_enable
                0x000000000800cbe0       0x12 zephyr/libzephyr.a(log_mgmt.c.obj)
                0x000000000800cbe0                log_backend_enable
 .text.z_cbprintf_cpy
                0x000000000800cbf2       0x2e zephyr/libzephyr.a(log_msg.c.obj)
 .text.z_log_msg_finalize
                0x000000000800cc20       0x32 zephyr/libzephyr.a(log_msg.c.obj)
                0x000000000800cc20                z_log_msg_finalize
 .text.z_log_msg_simple_create
                0x000000000800cc52       0x6e zephyr/libzephyr.a(log_msg.c.obj)
 .text.z_impl_z_log_msg_simple_create_0
                0x000000000800ccc0       0x12 zephyr/libzephyr.a(log_msg.c.obj)
                0x000000000800ccc0                z_impl_z_log_msg_simple_create_0
 .text.z_impl_z_log_msg_simple_create_1
                0x000000000800ccd2       0x14 zephyr/libzephyr.a(log_msg.c.obj)
                0x000000000800ccd2                z_impl_z_log_msg_simple_create_1
 .text.z_impl_z_log_msg_simple_create_2
                0x000000000800cce6       0x18 zephyr/libzephyr.a(log_msg.c.obj)
                0x000000000800cce6                z_impl_z_log_msg_simple_create_2
 .text.log_output_write
                0x000000000800ccfe       0x1c zephyr/libzephyr.a(log_output.c.obj)
 .text.log_output_flush
                0x000000000800cd1a       0x1a zephyr/libzephyr.a(log_output.c.obj)
 .text.out_func
                0x000000000800cd34       0x36 zephyr/libzephyr.a(log_output.c.obj)
 .text.cr_out_func
                0x000000000800cd6a       0x1c zephyr/libzephyr.a(log_output.c.obj)
 .text.log_output_msg_process
                0x000000000800cd86       0x6a zephyr/libzephyr.a(log_output.c.obj)
                0x000000000800cd86                log_output_msg_process
 .text.format_set
                0x000000000800cdf0        0xc zephyr/libzephyr.a(log_backend_uart.c.obj)
 .text.log_backend_uart_init
                0x000000000800cdfc        0xc zephyr/libzephyr.a(log_backend_uart.c.obj)
 .text.panic    0x000000000800ce08       0x32 zephyr/libzephyr.a(log_backend_uart.c.obj)
 .text.dropped  0x000000000800ce3a        0xa zephyr/libzephyr.a(log_backend_uart.c.obj)
 .text.process  0x000000000800ce44       0x1e zephyr/libzephyr.a(log_backend_uart.c.obj)
 .text.z_do_kernel_oops
                0x000000000800ce62        0x8 zephyr/arch/arch/arm/core/libarch__arm__core.a(fatal.c.obj)
                0x000000000800ce62                z_do_kernel_oops
 .text.z_arm_nmi
                0x000000000800ce6a        0xe zephyr/arch/arch/arm/core/libarch__arm__core.a(nmi.c.obj)
                0x000000000800ce6a                z_arm_nmi
 .text.z_log_msg_simple_create_0.constprop.0
                0x000000000800ce78        0x8 zephyr/arch/arch/arm/core/cortex_m/libarch__arm__core__cortex_m.a(fault.c.obj)
 .text.z_irq_spurious
                0x000000000800ce80        0x8 zephyr/arch/arch/arm/core/cortex_m/libarch__arm__core__cortex_m.a(irq_manage.c.obj)
                0x000000000800ce80                z_irq_spurious
 .text.z_prep_c
                0x000000000800ce88       0x16 zephyr/arch/arch/arm/core/cortex_m/libarch__arm__core__cortex_m.a(prep_c.c.obj)
                0x000000000800ce88                z_prep_c
 .text.arch_irq_unlock_outlined
                0x000000000800ce9e        0xe zephyr/arch/arch/arm/core/cortex_m/libarch__arm__core__cortex_m.a(thread.c.obj)
                0x000000000800ce9e                arch_irq_unlock_outlined
 .text.arch_cpu_idle
                0x000000000800ceac       0x1a zephyr/arch/arch/arm/core/cortex_m/libarch__arm__core__cortex_m.a(cpu_idle.c.obj)
                0x000000000800ceac                arch_cpu_idle
 .text.size_to_mpu_rasr_size
                0x000000000800cec6       0x20 zephyr/arch/arch/arm/core/mpu/libarch__arm__core__mpu.a(arm_mpu.c.obj)
 .text.cbputc   0x000000000800cee6        0xc zephyr/lib/libc/picolibc/liblib__libc__picolibc.a(cbprintf.c.obj)
 .text.picolibc_put
                0x000000000800cef2        0xa zephyr/lib/libc/picolibc/liblib__libc__picolibc.a(stdio.c.obj)
 .text.mlme_indication_handler
                0x000000000800cefc        0x2 zephyr/subsys/lorawan/libloramac-node.a(lorawan.c.obj)
 .text.mac_process_notify
                0x000000000800cefe        0x4 zephyr/subsys/lorawan/libloramac-node.a(lorawan.c.obj)
 .text.z_log_msg_static_create.constprop.0
                0x000000000800cf02        0x6 zephyr/subsys/lorawan/libloramac-node.a(lorawan.c.obj)
 .text.BoardGetUniqueId
                0x000000000800cf08        0x2 zephyr/subsys/lorawan/libloramac-node.a(lorawan.c.obj)
                0x000000000800cf08                BoardGetUniqueId
 .text.lorawan_get_payload_sizes
                0x000000000800cf0a       0x1e zephyr/subsys/lorawan/libloramac-node.a(lorawan.c.obj)
                0x000000000800cf0a                lorawan_get_payload_sizes
 .text.timer_work_handler
                0x000000000800cf28        0x4 zephyr/subsys/lorawan/libloramac-node.a(hal_common.c.obj)
 .text.k_uptime_get_32
                0x000000000800cf2c       0x10 zephyr/subsys/lorawan/libloramac-node.a(hal_common.c.obj)
 .text.RtcGetCalendarTime
                0x000000000800cf3c       0x1e zephyr/subsys/lorawan/libloramac-node.a(hal_common.c.obj)
                0x000000000800cf3c                RtcGetCalendarTime
 .text.RtcGetTimerValue
                0x000000000800cf5a        0x4 zephyr/subsys/lorawan/libloramac-node.a(hal_common.c.obj)
                0x000000000800cf5a                RtcGetTimerValue
 .text.RtcGetMinimumTimeout
                0x000000000800cf5e        0x4 zephyr/subsys/lorawan/libloramac-node.a(hal_common.c.obj)
                0x000000000800cf5e                RtcGetMinimumTimeout
 .text.DelayMsMcu
                0x000000000800cf62        0xa zephyr/subsys/lorawan/libloramac-node.a(hal_common.c.obj)
                0x000000000800cf62                DelayMsMcu
 .text.RtcMs2Tick
                0x000000000800cf6c        0x2 zephyr/subsys/lorawan/libloramac-node.a(hal_common.c.obj)
                0x000000000800cf6c                RtcMs2Tick
 .text.RtcTick2Ms
                0x000000000800cf6e        0x2 zephyr/subsys/lorawan/libloramac-node.a(hal_common.c.obj)
                0x000000000800cf6e                RtcTick2Ms
 .text.BoardCriticalSectionBegin
                0x000000000800cf70       0x12 zephyr/subsys/lorawan/libloramac-node.a(hal_common.c.obj)
                0x000000000800cf70                BoardCriticalSectionBegin
 .text.BoardCriticalSectionEnd
                0x000000000800cf82        0xc zephyr/subsys/lorawan/libloramac-node.a(hal_common.c.obj)
                0x000000000800cf82                BoardCriticalSectionEnd
 .text.sx12xx_ev_tx_timed_out
                0x000000000800cf8e        0x4 zephyr/subsys/lorawan/libloramac-node.a(sx12xx_common.c.obj)
 .text.gpio_pin_set.isra.0
                0x000000000800cf92       0x20 zephyr/subsys/lorawan/libloramac-node.a(sx126x.c.obj)
 .text.SX126xAntSwOn
                0x000000000800cfb2        0x2 zephyr/subsys/lorawan/libloramac-node.a(sx126x.c.obj)
                0x000000000800cfb2                SX126xAntSwOn
 .text.SX126xAntSwOff
                0x000000000800cfb4        0x2 zephyr/subsys/lorawan/libloramac-node.a(sx126x.c.obj)
                0x000000000800cfb4                SX126xAntSwOff
 .text.SX126xGetBoardTcxoWakeupTime
                0x000000000800cfb6        0x4 zephyr/subsys/lorawan/libloramac-node.a(sx126x.c.obj)
                0x000000000800cfb6                SX126xGetBoardTcxoWakeupTime
 .text.SX126xGetDeviceId
                0x000000000800cfba        0x4 zephyr/subsys/lorawan/libloramac-node.a(sx126x.c.obj)
                0x000000000800cfba                SX126xGetDeviceId
 .text.SX126xIoTcxoInit
                0x000000000800cfbe       0x18 zephyr/subsys/lorawan/libloramac-node.a(sx126x.c.obj)
                0x000000000800cfbe                SX126xIoTcxoInit
 .text.SX126xIoRfSwitchInit
                0x000000000800cfd6        0x6 zephyr/subsys/lorawan/libloramac-node.a(sx126x.c.obj)
                0x000000000800cfd6                SX126xIoRfSwitchInit
 .text.SX126xSetRfTxPower
                0x000000000800cfdc        0x6 zephyr/subsys/lorawan/libloramac-node.a(sx126x.c.obj)
                0x000000000800cfdc                SX126xSetRfTxPower
 .text.SX126xWriteBuffer
                0x000000000800cfe2       0x22 zephyr/subsys/lorawan/libloramac-node.a(sx126x.c.obj)
                0x000000000800cfe2                SX126xWriteBuffer
 .text.SX126xReadBuffer
                0x000000000800d004       0x26 zephyr/subsys/lorawan/libloramac-node.a(sx126x.c.obj)
                0x000000000800d004                SX126xReadBuffer
 .text.SX126xWriteCommand
                0x000000000800d02a       0x1c zephyr/subsys/lorawan/libloramac-node.a(sx126x.c.obj)
                0x000000000800d02a                SX126xWriteCommand
 .text.SX126xReadCommand
                0x000000000800d046       0x24 zephyr/subsys/lorawan/libloramac-node.a(sx126x.c.obj)
                0x000000000800d046                SX126xReadCommand
 .text.SX126xWriteRegisters
                0x000000000800d06a       0x28 zephyr/subsys/lorawan/libloramac-node.a(sx126x.c.obj)
                0x000000000800d06a                SX126xWriteRegisters
 .text.SX126xWriteRegister
                0x000000000800d092       0x16 zephyr/subsys/lorawan/libloramac-node.a(sx126x.c.obj)
                0x000000000800d092                SX126xWriteRegister
 .text.SX126xReadRegisters
                0x000000000800d0a8       0x2c zephyr/subsys/lorawan/libloramac-node.a(sx126x.c.obj)
                0x000000000800d0a8                SX126xReadRegisters
 .text.SX126xReadRegister
                0x000000000800d0d4       0x16 zephyr/subsys/lorawan/libloramac-node.a(sx126x.c.obj)
                0x000000000800d0d4                SX126xReadRegister
 .text.radio_isr
                0x000000000800d0ea       0x16 zephyr/subsys/lorawan/libloramac-node.a(sx126x_stm32wl.c.obj)
 .text.sx126x_reset
                0x000000000800d100       0x32 zephyr/subsys/lorawan/libloramac-node.a(sx126x_stm32wl.c.obj)
                0x000000000800d100                sx126x_reset
 .text.sx126x_get_dio1_pin_state
                0x000000000800d132        0x4 zephyr/subsys/lorawan/libloramac-node.a(sx126x_stm32wl.c.obj)
                0x000000000800d132                sx126x_get_dio1_pin_state
 .text.sx126x_dio1_irq_disable
                0x000000000800d136        0x6 zephyr/subsys/lorawan/libloramac-node.a(sx126x_stm32wl.c.obj)
                0x000000000800d136                sx126x_dio1_irq_disable
 .text.sx126x_set_tx_params
                0x000000000800d13c       0x58 zephyr/subsys/lorawan/libloramac-node.a(sx126x_stm32wl.c.obj)
                0x000000000800d13c                sx126x_set_tx_params
 .text.randr    0x000000000800d194       0x1a zephyr/subsys/lorawan/libloramac-node.a(utilities.c.obj)
                0x000000000800d194                randr
 .text.memcpy1  0x000000000800d1ae       0x14 zephyr/subsys/lorawan/libloramac-node.a(utilities.c.obj)
                0x000000000800d1ae                memcpy1
 .text.memcpyr  0x000000000800d1c2       0x14 zephyr/subsys/lorawan/libloramac-node.a(utilities.c.obj)
                0x000000000800d1c2                memcpyr
 .text.memset1  0x000000000800d1d6        0x4 zephyr/subsys/lorawan/libloramac-node.a(utilities.c.obj)
                0x000000000800d1d6                memset1
 .text.SysTimeAdd
                0x000000000800d1da       0x36 zephyr/subsys/lorawan/libloramac-node.a(systime.c.obj)
                0x000000000800d1da                SysTimeAdd
 .text.SysTimeSub
                0x000000000800d210       0x36 zephyr/subsys/lorawan/libloramac-node.a(systime.c.obj)
                0x000000000800d210                SysTimeSub
 .text.SysTimeSet
                0x000000000800d246       0x42 zephyr/subsys/lorawan/libloramac-node.a(systime.c.obj)
                0x000000000800d246                SysTimeSet
 .text.SysTimeGet
                0x000000000800d288       0x46 zephyr/subsys/lorawan/libloramac-node.a(systime.c.obj)
                0x000000000800d288                SysTimeGet
 .text.SysTimeGetMcuTime
                0x000000000800d2ce       0x24 zephyr/subsys/lorawan/libloramac-node.a(systime.c.obj)
                0x000000000800d2ce                SysTimeGetMcuTime
 .text.TimerSetTimeout
                0x000000000800d2f2       0x2c zephyr/subsys/lorawan/libloramac-node.a(timer.c.obj)
 .text.TimerInit
                0x000000000800d31e       0x10 zephyr/subsys/lorawan/libloramac-node.a(timer.c.obj)
                0x000000000800d31e                TimerInit
 .text.TimerSetValue
                0x000000000800d32e       0x22 zephyr/subsys/lorawan/libloramac-node.a(timer.c.obj)
                0x000000000800d32e                TimerSetValue
 .text.TimerGetCurrentTime
                0x000000000800d350        0xe zephyr/subsys/lorawan/libloramac-node.a(timer.c.obj)
                0x000000000800d350                TimerGetCurrentTime
 .text.TimerGetElapsedTime
                0x000000000800d35e       0x1e zephyr/subsys/lorawan/libloramac-node.a(timer.c.obj)
                0x000000000800d35e                TimerGetElapsedTime
 .text.DelayMs  0x000000000800d37c        0x4 zephyr/subsys/lorawan/libloramac-node.a(delay.c.obj)
                0x000000000800d37c                DelayMs
 .text.SX126xCheckDeviceReady
                0x000000000800d380       0x22 zephyr/subsys/lorawan/libloramac-node.a(sx126x.c.obj)
                0x000000000800d380                SX126xCheckDeviceReady
 .text.SX126xSetPayload
                0x000000000800d3a2        0xa zephyr/subsys/lorawan/libloramac-node.a(sx126x.c.obj)
                0x000000000800d3a2                SX126xSetPayload
 .text.SX126xSetSyncWord
                0x000000000800d3ac       0x12 zephyr/subsys/lorawan/libloramac-node.a(sx126x.c.obj)
                0x000000000800d3ac                SX126xSetSyncWord
 .text.SX126xSetStandby
                0x000000000800d3be       0x28 zephyr/subsys/lorawan/libloramac-node.a(sx126x.c.obj)
                0x000000000800d3be                SX126xSetStandby
 .text.SX126xSetTx
                0x000000000800d3e6       0x28 zephyr/subsys/lorawan/libloramac-node.a(sx126x.c.obj)
                0x000000000800d3e6                SX126xSetTx
 .text.SX126xSendPayload
                0x000000000800d40e       0x12 zephyr/subsys/lorawan/libloramac-node.a(sx126x.c.obj)
                0x000000000800d40e                SX126xSendPayload
 .text.SX126xSetRx
                0x000000000800d420       0x32 zephyr/subsys/lorawan/libloramac-node.a(sx126x.c.obj)
                0x000000000800d420                SX126xSetRx
 .text.SX126xGetRandom
                0x000000000800d452       0x68 zephyr/subsys/lorawan/libloramac-node.a(sx126x.c.obj)
                0x000000000800d452                SX126xGetRandom
 .text.SX126xSetRxBoosted
                0x000000000800d4ba       0x32 zephyr/subsys/lorawan/libloramac-node.a(sx126x.c.obj)
                0x000000000800d4ba                SX126xSetRxBoosted
 .text.SX126xSetRxDutyCycle
                0x000000000800d4ec       0x34 zephyr/subsys/lorawan/libloramac-node.a(sx126x.c.obj)
                0x000000000800d4ec                SX126xSetRxDutyCycle
 .text.SX126xSetCad
                0x000000000800d520       0x16 zephyr/subsys/lorawan/libloramac-node.a(sx126x.c.obj)
                0x000000000800d520                SX126xSetCad
 .text.SX126xSetTxContinuousWave
                0x000000000800d536       0x16 zephyr/subsys/lorawan/libloramac-node.a(sx126x.c.obj)
                0x000000000800d536                SX126xSetTxContinuousWave
 .text.SX126xSetStopRxTimerOnPreambleDetect
                0x000000000800d54c       0x18 zephyr/subsys/lorawan/libloramac-node.a(sx126x.c.obj)
                0x000000000800d54c                SX126xSetStopRxTimerOnPreambleDetect
 .text.SX126xSetLoRaSymbNumTimeout
                0x000000000800d564       0x56 zephyr/subsys/lorawan/libloramac-node.a(sx126x.c.obj)
                0x000000000800d564                SX126xSetLoRaSymbNumTimeout
 .text.SX126xSetRegulatorMode
                0x000000000800d5ba       0x18 zephyr/subsys/lorawan/libloramac-node.a(sx126x.c.obj)
                0x000000000800d5ba                SX126xSetRegulatorMode
 .text.SX126xCalibrate
                0x000000000800d5d2       0x1c zephyr/subsys/lorawan/libloramac-node.a(sx126x.c.obj)
                0x000000000800d5d2                SX126xCalibrate
 .text.SX126xSetPaConfig
                0x000000000800d5ee       0x24 zephyr/subsys/lorawan/libloramac-node.a(sx126x.c.obj)
                0x000000000800d5ee                SX126xSetPaConfig
 .text.SX126xSetDioIrqParams
                0x000000000800d612       0x2a zephyr/subsys/lorawan/libloramac-node.a(sx126x.c.obj)
                0x000000000800d612                SX126xSetDioIrqParams
 .text.SX126xGetIrqStatus
                0x000000000800d63c       0x1a zephyr/subsys/lorawan/libloramac-node.a(sx126x.c.obj)
                0x000000000800d63c                SX126xGetIrqStatus
 .text.SX126xSetDio2AsRfSwitchCtrl
                0x000000000800d656       0x18 zephyr/subsys/lorawan/libloramac-node.a(sx126x.c.obj)
                0x000000000800d656                SX126xSetDio2AsRfSwitchCtrl
 .text.SX126xSetDio3AsTcxoCtrl
                0x000000000800d66e       0x28 zephyr/subsys/lorawan/libloramac-node.a(sx126x.c.obj)
                0x000000000800d66e                SX126xSetDio3AsTcxoCtrl
 .text.SX126xSetTxParams
                0x000000000800d696       0x86 zephyr/subsys/lorawan/libloramac-node.a(sx126x.c.obj)
                0x000000000800d696                SX126xSetTxParams
 .text.SX126xSetBufferBaseAddress
                0x000000000800d71c       0x1a zephyr/subsys/lorawan/libloramac-node.a(sx126x.c.obj)
                0x000000000800d71c                SX126xSetBufferBaseAddress
 .text.SX126xGetRssiInst