Archive member included to satisfy reference by file (symbol)

app/libapp.a(main.c.obj)      (--whole-archive)
zephyr/libzephyr.a(heap.c.obj)
                              (--whole-archive)
zephyr/libzephyr.a(mem_blocks.c.obj)
                              (--whole-archive)
zephyr/libzephyr.a(cbprintf_packaged.c.obj)
                              (--whole-archive)
zephyr/libzephyr.a(clock.c.obj)
                              (--whole-archive)
zephyr/libzephyr.a(printk.c.obj)
                              (--whole-archive)
zephyr/libzephyr.a(sem.c.obj)
                              (--whole-archive)
zephyr/libzephyr.a(thread_entry.c.obj)
                              (--whole-archive)
zephyr/libzephyr.a(cbprintf_complete.c.obj)
                              (--whole-archive)
zephyr/libzephyr.a(assert.c.obj)
                              (--whole-archive)
zephyr/libzephyr.a(mpsc_pbuf.c.obj)
                              (--whole-archive)
zephyr/libzephyr.a(p4wq.c.obj)
                              (--whole-archive)
zephyr/libzephyr.a(dec.c.obj)
                              (--whole-archive)
zephyr/libzephyr.a(hex.c.obj)
                              (--whole-archive)
zephyr/libzephyr.a(rb.c.obj)  (--whole-archive)
zephyr/libzephyr.a(timeutil.c.obj)
                              (--whole-archive)
zephyr/libzephyr.a(bitarray.c.obj)
                              (--whole-archive)
zephyr/libzephyr.a(ring_buffer.c.obj)
                              (--whole-archive)
zephyr/libzephyr.a(last_section_id.c.obj)
                              (--whole-archive)
zephyr/libzephyr.a(configs.c.obj)
                              (--whole-archive)
zephyr/libzephyr.a(stm32cube_hal.c.obj)
                              (--whole-archive)
zephyr/libzephyr.a(soc_config.c.obj)
                              (--whole-archive)
zephyr/libzephyr.a(stm32_backup_domain.c.obj)
                              (--whole-archive)
zephyr/libzephyr.a(soc.c.obj)
                              (--whole-archive)
zephyr/libzephyr.a(log_core.c.obj)
                              (--whole-archive)
zephyr/libzephyr.a(log_mgmt.c.obj)
                              (--whole-archive)
zephyr/libzephyr.a(log_cache.c.obj)
                              (--whole-archive)
zephyr/libzephyr.a(log_msg.c.obj)
                              (--whole-archive)
zephyr/libzephyr.a(log_output.c.obj)
                              (--whole-archive)
zephyr/libzephyr.a(log_backend_uart.c.obj)
                              (--whole-archive)
zephyr/libzephyr.a(mem_attr.c.obj)
                              (--whole-archive)
zephyr/libzephyr.a(tracing_none.c.obj)
                              (--whole-archive)
zephyr/arch/common/libarch__common.a(sw_isr_common.c.obj)
                              (--whole-archive)
zephyr/arch/arch/arm/core/libarch__arm__core.a(fatal.c.obj)
                              (--whole-archive)
zephyr/arch/arch/arm/core/libarch__arm__core.a(nmi.c.obj)
                              (--whole-archive)
zephyr/arch/arch/arm/core/libarch__arm__core.a(nmi_on_reset.S.obj)
                              (--whole-archive)
zephyr/arch/arch/arm/core/libarch__arm__core.a(tls.c.obj)
                              (--whole-archive)
zephyr/arch/arch/arm/core/cortex_m/libarch__arm__core__cortex_m.a(exc_exit.c.obj)
                              (--whole-archive)
zephyr/arch/arch/arm/core/cortex_m/libarch__arm__core__cortex_m.a(fault.c.obj)
                              (--whole-archive)
zephyr/arch/arch/arm/core/cortex_m/libarch__arm__core__cortex_m.a(fault_s.S.obj)
                              (--whole-archive)
zephyr/arch/arch/arm/core/cortex_m/libarch__arm__core__cortex_m.a(fpu.c.obj)
                              (--whole-archive)
zephyr/arch/arch/arm/core/cortex_m/libarch__arm__core__cortex_m.a(reset.S.obj)
                              (--whole-archive)
zephyr/arch/arch/arm/core/cortex_m/libarch__arm__core__cortex_m.a(scb.c.obj)
                              (--whole-archive)
zephyr/arch/arch/arm/core/cortex_m/libarch__arm__core__cortex_m.a(thread_abort.c.obj)
                              (--whole-archive)
zephyr/arch/arch/arm/core/cortex_m/libarch__arm__core__cortex_m.a(vector_table.S.obj)
                              (--whole-archive)
zephyr/arch/arch/arm/core/cortex_m/libarch__arm__core__cortex_m.a(swap_helper.S.obj)
                              (--whole-archive)
zephyr/arch/arch/arm/core/cortex_m/libarch__arm__core__cortex_m.a(irq_manage.c.obj)
                              (--whole-archive)
zephyr/arch/arch/arm/core/cortex_m/libarch__arm__core__cortex_m.a(prep_c.c.obj)
                              (--whole-archive)
zephyr/arch/arch/arm/core/cortex_m/libarch__arm__core__cortex_m.a(thread.c.obj)
                              (--whole-archive)
zephyr/arch/arch/arm/core/cortex_m/libarch__arm__core__cortex_m.a(cpu_idle.c.obj)
                              (--whole-archive)
zephyr/arch/arch/arm/core/cortex_m/libarch__arm__core__cortex_m.a(irq_init.c.obj)
[...]
Memory Configuration

Name             Origin             Length             Attributes
FLASH            0x0000000008000000 0x0000000000040000 xr
RAM              0x0000000020000000 0x0000000000010000 xw
IDT_LIST         0x00000000ffff7fff 0x0000000000008000 xw
*default*        0x0000000000000000 0xffffffffffffffff

Linker script and memory map

                0x0000000008007d34                vfprintf = __l_vfprintf
                0x0000000000000000                vfscanf = __l_vfscanf
LOAD zephyr/CMakeFiles/zephyr_pre0.dir/misc/empty_file.c.obj
LOAD zephyr/CMakeFiles/offsets.dir/./arch/arm/core/offsets/offsets.c.obj
LOAD app/libapp.a
LOAD zephyr/libzephyr.a
LOAD zephyr/arch/common/libarch__common.a
LOAD zephyr/arch/arch/arm/core/libarch__arm__core.a
LOAD zephyr/arch/arch/arm/core/cortex_m/libarch__arm__core__cortex_m.a
LOAD zephyr/arch/arch/arm/core/mpu/libarch__arm__core__mpu.a
LOAD zephyr/lib/libc/picolibc/liblib__libc__picolibc.a
LOAD zephyr/lib/libc/common/liblib__libc__common.a
LOAD zephyr/subsys/rtio/libsubsys__rtio.a
LOAD zephyr/drivers/interrupt_controller/libdrivers__interrupt_controller.a
LOAD zephyr/drivers/adc/libdrivers__adc.a
LOAD zephyr/drivers/clock_control/libdrivers__clock_control.a
LOAD zephyr/drivers/console/libdrivers__console.a
LOAD zephyr/drivers/gpio/libdrivers__gpio.a
LOAD zephyr/drivers/i2c/libdrivers__i2c.a
LOAD zephyr/drivers/lora/libloramac-node.a
LOAD zephyr/drivers/pinctrl/libdrivers__pinctrl.a
LOAD zephyr/drivers/reset/libdrivers__reset.a
LOAD zephyr/drivers/sensor/st/stm32_temp/libdrivers__sensor__st__stm32_temp.a
LOAD zephyr/drivers/sensor/st/stm32_vbat/libdrivers__sensor__st__stm32_vbat.a
LOAD zephyr/drivers/sensor/st/stm32_vref/libdrivers__sensor__st__stm32_vref.a
LOAD zephyr/drivers/sensor/libdrivers__sensor.a
LOAD zephyr/drivers/serial/libdrivers__serial.a
LOAD zephyr/drivers/spi/libdrivers__spi.a
LOAD zephyr/drivers/timer/libdrivers__timer.a
LOAD modules/hal_stm32/stm32cube/lib..__modules__hal__stm32__stm32cube.a
LOAD zephyr/kernel/libkernel.a
LOAD zephyr/arch/common/libisr_tables.a
LOAD /home/elisa/zephyr-sdk-0.17.2/arm-zephyr-eabi/bin/../lib/gcc/../../picolibc/arm-zephyr-eabi/lib/thumb/v7e-m/nofp/libc.a
LOAD /home/elisa/zephyr-sdk-0.17.2/arm-zephyr-eabi/bin/../lib/gcc/arm-zephyr-eabi/12.2.0/thumb/v7e-m/nofp/libgcc.a
                0x0000000000000020                _region_min_align = 0x20

.rel.plt        0x0000000008000000        0x0
 *(SORT_BY_ALIGNMENT(.rel.plt))
                [!provide]                        PROVIDE (__rel_iplt_start = .)
 *(SORT_BY_ALIGNMENT(.rel.iplt))
 .rel.iplt      0x0000000008000000        0x0 app/libapp.a(main.c.obj)
                [!provide]                        PROVIDE (__rel_iplt_end = .)

.rela.plt       0x0000000000000000        0x0
 *(SORT_BY_ALIGNMENT(.rela.plt))
                [!provide]                        PROVIDE (__rela_iplt_start = .)
 *(SORT_BY_ALIGNMENT(.rela.iplt))
                [!provide]                        PROVIDE (__rela_iplt_end = .)

.rel.dyn
 *(SORT_BY_ALIGNMENT(.rel.*))

.rela.dyn
 *(SORT_BY_ALIGNMENT(.rela.*))

/DISCARD/
 *(SORT_BY_ALIGNMENT(.plt))

/DISCARD/
 *(SORT_BY_ALIGNMENT(.iplt))
                0x0000000008000000                __rom_region_start = 0x8000000

rom_start       0x0000000008000000      0x138
                0x0000000008000000                __rom_start_address = .
 FILL mask 0x00
                0x0000000008000000                . = (. + (0x0 - (. - __rom_start_address)))
                0x0000000008000000                . = ALIGN (0x4)
                0x0000000008000000                . = ALIGN (0x80)
                0x0000000008000000                . = ALIGN (0x200)
                0x0000000008000000                _vector_start = .
 *(SORT_BY_ALIGNMENT(.exc_vector_table))
 *(SORT_BY_ALIGNMENT(.exc_vector_table.*))
 .exc_vector_table._vector_table_section
                0x0000000008000000       0x40 zephyr/arch/arch/arm/core/cortex_m/libarch__arm__core__cortex_m.a(vector_table.S.obj)
                0x0000000008000000                _vector_table
 *(SORT_BY_ALIGNMENT(.vectors))
                0x0000000008000138                _vector_end = .
                0x0000000008000040                . = ALIGN (0x4)
 *(SORT_BY_ALIGNMENT(.gnu.linkonce.irq_vector_table*))
 .gnu.linkonce.irq_vector_table
                0x0000000008000040       0xf8 zephyr/arch/common/libisr_tables.a(isr_tables.c.obj)
                0x0000000008000040                _irq_vector_table
                0x0000000008000138                _vector_end = .

text            0x0000000008000138     0xae98
                0x0000000008000138                __text_region_start = .
 *(SORT_BY_ALIGNMENT(.text))
 .text          0x0000000008000138      0x21c /home/elisa/zephyr-sdk-0.17.2/arm-zephyr-eabi/bin/../lib/gcc/arm-zephyr-eabi/12.2.0/thumb/v7e-m/nofp/libgcc.a(_arm_addsubsf3.o)
                0x0000000008000138                __aeabi_frsub
                0x0000000008000140                __subsf3
                0x0000000008000140                __aeabi_fsub
                0x0000000008000144                __aeabi_fadd
                0x0000000008000144                __addsf3
                0x00000000080002a4                __aeabi_ui2f
                0x00000000080002a4                __floatunsisf
                0x00000000080002ac                __aeabi_i2f
                0x00000000080002ac                __floatsisf
                0x00000000080002c8                __floatundisf
                0x00000000080002c8                __aeabi_ul2f
                0x00000000080002d8                __floatdisf
                0x00000000080002d8                __aeabi_l2f
 .text          0x0000000008000354      0x2a0 /home/elisa/zephyr-sdk-0.17.2/arm-zephyr-eabi/bin/../lib/gcc/arm-zephyr-eabi/12.2.0/thumb/v7e-m/nofp/libgcc.a(_arm_muldivsf3.o)
                0x0000000008000354                __mulsf3
                0x0000000008000354                __aeabi_fmul
                0x00000000080004bc                __divsf3
                0x00000000080004bc                __aeabi_fdiv
 .text          0x00000000080005f4       0xec /home/elisa/zephyr-sdk-0.17.2/arm-zephyr-eabi/bin/../lib/gcc/arm-zephyr-eabi/12.2.0/thumb/v7e-m/nofp/libgcc.a(_arm_cmpsf2.o)
                0x00000000080005f4                __gtsf2
                0x00000000080005f4                __gesf2
                0x00000000080005fc                __lesf2
                0x00000000080005fc                __ltsf2
                0x0000000008000604                __nesf2
                0x0000000008000604                __eqsf2
                0x0000000008000604                __cmpsf2
                0x0000000008000664                __aeabi_cfrcmple
                0x000000000800066c                __aeabi_cfcmple
                0x000000000800066c                __aeabi_cfcmpeq
                0x000000000800067c                __aeabi_fcmpeq
                0x0000000008000690                __aeabi_fcmplt
                0x00000000080006a4                __aeabi_fcmple
                0x00000000080006b8                __aeabi_fcmpge
                0x00000000080006cc                __aeabi_fcmpgt
 .text          0x00000000080006e0       0x4c /home/elisa/zephyr-sdk-0.17.2/arm-zephyr-eabi/bin/../lib/gcc/arm-zephyr-eabi/12.2.0/thumb/v7e-m/nofp/libgcc.a(_arm_fixsfsi.o)
                0x00000000080006e0                __fixsfsi
                0x00000000080006e0                __aeabi_f2iz
 .text          0x000000000800072c       0xa0 /home/elisa/zephyr-sdk-0.17.2/arm-zephyr-eabi/bin/../lib/gcc/arm-zephyr-eabi/12.2.0/thumb/v7e-m/nofp/libgcc.a(_aeabi_ldivmod.o)
                0x000000000800072c                __aeabi_ldivmod
 .text          0x00000000080007cc       0x30 /home/elisa/zephyr-sdk-0.17.2/arm-zephyr-eabi/bin/../lib/gcc/arm-zephyr-eabi/12.2.0/thumb/v7e-m/nofp/libgcc.a(_aeabi_uldivmod.o)
                0x00000000080007cc                __aeabi_uldivmod
 .text          0x00000000080007fc        0x4 /home/elisa/zephyr-sdk-0.17.2/arm-zephyr-eabi/bin/../lib/gcc/arm-zephyr-eabi/12.2.0/thumb/v7e-m/nofp/libgcc.a(_dvmd_tls.o)
                0x00000000080007fc                __aeabi_ldiv0
                0x00000000080007fc                __aeabi_idiv0
 .text          0x0000000008000800       0x10 /home/elisa/zephyr-sdk-0.17.2/arm-zephyr-eabi/bin/../lib/gcc/../../picolibc/arm-zephyr-eabi/lib/thumb/v7e-m/nofp/libc.a(strlen.S.o)
                0x0000000008000800                strlen
 .text          0x0000000008000810       0x26 /home/elisa/zephyr-sdk-0.17.2/arm-zephyr-eabi/bin/../lib/gcc/arm-zephyr-eabi/12.2.0/thumb/v7e-m/nofp/libgcc.a(_popcountsi2.o)
                0x0000000008000810                __popcountsi2
 .text          0x0000000008000836      0x2a0 /home/elisa/zephyr-sdk-0.17.2/arm-zephyr-eabi/bin/../lib/gcc/arm-zephyr-eabi/12.2.0/thumb/v7e-m/nofp/libgcc.a(_udivmoddi4.o)
                0x0000000008000836                __udivmoddi4
 *(SORT_BY_ALIGNMENT(.text.*))
 *fill*         0x0000000008000ad6        0x2 
 .text.main     0x0000000008000ad8       0xd8 app/libapp.a(main.c.obj)
                0x0000000008000ad8                main
 .text.cbvprintf_package
                0x0000000008000bb0      0x3a4 zephyr/libzephyr.a(cbprintf_packaged.c.obj)
                0x0000000008000bb0                cbvprintf_package
 .text.cbprintf_package_convert
                0x0000000008000f54      0x3cc zephyr/libzephyr.a(cbprintf_packaged.c.obj)
                0x0000000008000f54                cbprintf_package_convert
 .text.__printk_hook_install
                0x0000000008001320        0xc zephyr/libzephyr.a(printk.c.obj)
                0x0000000008001320                __printk_hook_install
 .text.z_thread_entry
                0x000000000800132c       0x34 zephyr/libzephyr.a(thread_entry.c.obj)
                0x000000000800132c                z_thread_entry
 .text.p4wq_loop
                0x0000000008001360       0xe8 zephyr/libzephyr.a(p4wq.c.obj)
 .text.k_p4wq_init
                0x0000000008001448       0x24 zephyr/libzephyr.a(p4wq.c.obj)
                0x0000000008001448                k_p4wq_init
 .text.k_p4wq_add_thread
                0x000000000800146c       0x34 zephyr/libzephyr.a(p4wq.c.obj)
                0x000000000800146c                k_p4wq_add_thread
 .text.static_init
                0x00000000080014a0       0x80 zephyr/libzephyr.a(p4wq.c.obj)
 .text.st_stm32_common_config
                0x0000000008001520       0x14 zephyr/libzephyr.a(soc_config.c.obj)
 .text.stm32_backup_domain_enable_access
                0x0000000008001534       0x3c zephyr/libzephyr.a(stm32_backup_domain.c.obj)
                0x0000000008001534                stm32_backup_domain_enable_access
 .text.stm32_backup_domain_disable_access
                0x0000000008001570       0x60 zephyr/libzephyr.a(stm32_backup_domain.c.obj)
                0x0000000008001570                stm32_backup_domain_disable_access
 .text.soc_early_init_hook
                0x00000000080015d0       0x30 zephyr/libzephyr.a(soc.c.obj)
                0x00000000080015d0                soc_early_init_hook
 .text.activate_foreach_backend
                0x0000000008001600       0x64 zephyr/libzephyr.a(log_core.c.obj)
 .text.enable_logger
                0x0000000008001664       0x5c zephyr/libzephyr.a(log_core.c.obj)
 .text.log_process_thread_timer_expiry_fn
                0x00000000080016c0        0xc zephyr/libzephyr.a(log_core.c.obj)
 .text.z_log_init
                0x00000000080016cc       0x94 zephyr/libzephyr.a(log_core.c.obj)
 .text.log_format_func_t_get
                0x0000000008001760        0xc zephyr/libzephyr.a(log_core.c.obj)
                0x0000000008001760                log_format_func_t_get
 .text.log_set_timestamp_func
                0x000000000800176c       0x20 zephyr/libzephyr.a(log_core.c.obj)
                0x000000000800176c                log_set_timestamp_func
 .text.z_log_notify_backend_enabled
                0x000000000800178c       0x1c zephyr/libzephyr.a(log_core.c.obj)
                0x000000000800178c                z_log_notify_backend_enabled
 .text.z_log_dropped
                0x00000000080017a8       0x44 zephyr/libzephyr.a(log_core.c.obj)
                0x00000000080017a8                z_log_dropped
 .text.z_log_dropped_read_and_clear
                0x00000000080017ec       0x20 zephyr/libzephyr.a(log_core.c.obj)
                0x00000000080017ec                z_log_dropped_read_and_clear
 .text.dropped_notify
                0x000000000800180c       0x30 zephyr/libzephyr.a(log_core.c.obj)
                0x000000000800180c                dropped_notify
 .text.z_log_msg_init
                0x000000000800183c       0x20 zephyr/libzephyr.a(log_core.c.obj)
                0x000000000800183c                z_log_msg_init
 .text.log_core_init
                0x000000000800185c       0x50 zephyr/libzephyr.a(log_core.c.obj)
                0x000000000800185c                log_core_init
 .text.z_log_msg_alloc
                0x00000000080018ac       0x10 zephyr/libzephyr.a(log_core.c.obj)
                0x00000000080018ac                z_log_msg_alloc
 .text.z_log_msg_local_claim
                0x00000000080018bc        0xc zephyr/libzephyr.a(log_core.c.obj)
                0x00000000080018bc                z_log_msg_local_claim
 .text.z_log_msg_free
                0x00000000080018c8       0x10 zephyr/libzephyr.a(log_core.c.obj)
                0x00000000080018c8                z_log_msg_free
 .text.z_log_msg_pending
                0x00000000080018d8        0xc zephyr/libzephyr.a(log_core.c.obj)
                0x00000000080018d8                z_log_msg_pending
 .text.z_impl_log_process
                0x00000000080018e4       0xb4 zephyr/libzephyr.a(log_core.c.obj)
                0x00000000080018e4                z_impl_log_process
 .text.z_impl_log_panic
                0x0000000008001998       0x44 zephyr/libzephyr.a(log_core.c.obj)
                0x0000000008001998                z_impl_log_panic
 .text.log_process_thread_func
                0x00000000080019dc       0xa4 zephyr/libzephyr.a(log_core.c.obj)
 .text.z_log_msg_post_finalize
                0x0000000008001a80       0x78 zephyr/libzephyr.a(log_core.c.obj)
 .text.z_log_msg_commit
                0x0000000008001af8       0x24 zephyr/libzephyr.a(log_core.c.obj)
                0x0000000008001af8                z_log_msg_commit
 .text.log_source_name_get
                0x0000000008001b1c       0x1c zephyr/libzephyr.a(log_mgmt.c.obj)
                0x0000000008001b1c                log_source_name_get
 .text.z_impl_z_log_msg_static_create
                0x0000000008001b38      0x108 zephyr/libzephyr.a(log_msg.c.obj)
                0x0000000008001b38                z_impl_z_log_msg_static_create
 .text.z_log_msg_runtime_vcreate
                0x0000000008001c40       0xa0 zephyr/libzephyr.a(log_msg.c.obj)
                0x0000000008001c40                z_log_msg_runtime_vcreate
 .text.log_msg_get_source_id
                0x0000000008001ce0       0x18 zephyr/libzephyr.a(log_msg.c.obj)
                0x0000000008001ce0                log_msg_get_source_id
 .text.print_formatted
                0x0000000008001cf8       0x24 zephyr/libzephyr.a(log_output.c.obj)
 .text.newline_print
                0x0000000008001d1c       0x1c zephyr/libzephyr.a(log_output.c.obj)
 .text.log_output_process
                0x0000000008001d38      0x2d4 zephyr/libzephyr.a(log_output.c.obj)
                0x0000000008001d38                log_output_process
 .text.log_output_dropped_process
                0x000000000800200c       0x58 zephyr/libzephyr.a(log_output.c.obj)
                0x000000000800200c                log_output_dropped_process
 .text.log_output_timestamp_freq_set
                0x0000000008002064       0x2c zephyr/libzephyr.a(log_output.c.obj)
                0x0000000008002064                log_output_timestamp_freq_set
 .text.char_out
                0x0000000008002090       0x24 zephyr/libzephyr.a(log_backend_uart.c.obj)
 .text.mem_attr_get_regions
                0x00000000080020b4        0xc zephyr/libzephyr.a(mem_attr.c.obj)
                0x00000000080020b4                mem_attr_get_regions
 .text.z_arm_fatal_error
                0x00000000080020c0       0xb8 zephyr/arch/arch/arm/core/libarch__arm__core.a(fatal.c.obj)
                0x00000000080020c0                z_arm_fatal_error
 .text.z_SysNmiOnReset
                0x0000000008002178        0x8 zephyr/arch/arch/arm/core/libarch__arm__core.a(nmi_on_reset.S.obj)
                0x0000000008002178                z_SysNmiOnReset
 .text.arch_tls_stack_setup
                0x0000000008002180       0x40 zephyr/arch/arch/arm/core/libarch__arm__core.a(tls.c.obj)
                0x0000000008002180                arch_tls_stack_setup
 .text._HandlerModeExit
                0x00000000080021c0       0x20 zephyr/arch/arch/arm/core/cortex_m/libarch__arm__core__cortex_m.a(exc_exit.c.obj)
                0x00000000080021c0                z_arm_exc_exit
                0x00000000080021c0                z_arm_int_exit
 .text.bus_fault.constprop.0
                0x00000000080021e0       0xb8 zephyr/arch/arch/arm/core/cortex_m/libarch__arm__core__cortex_m.a(fault.c.obj)
 .text.usage_fault.constprop.0
                0x0000000008002298       0xa8 zephyr/arch/arch/arm/core/cortex_m/libarch__arm__core__cortex_m.a(fault.c.obj)
 .text.mem_manage_fault
                0x0000000008002340       0xe4 zephyr/arch/arch/arm/core/cortex_m/libarch__arm__core__cortex_m.a(fault.c.obj)
 .text.z_arm_fault
                0x0000000008002424      0x1d4 zephyr/arch/arch/arm/core/cortex_m/libarch__arm__core__cortex_m.a(fault.c.obj)
                0x0000000008002424                z_arm_fault
 .text.z_arm_fault_init
                0x00000000080025f8       0x18 zephyr/arch/arch/arm/core/cortex_m/libarch__arm__core__cortex_m.a(fault.c.obj)
                0x00000000080025f8                z_arm_fault_init
 .text.__fault  0x0000000008002610       0x14 zephyr/arch/arch/arm/core/cortex_m/libarch__arm__core__cortex_m.a(fault_s.S.obj)
                0x0000000008002610                z_arm_bus_fault
                0x0000000008002610                z_arm_usage_fault
                0x0000000008002610                z_arm_mpu_fault
                0x0000000008002610                z_arm_exc_spurious
                0x0000000008002610                z_arm_debug_monitor
                0x0000000008002610                z_arm_hard_fault
 .text._reset_section
                0x0000000008002624       0x34 zephyr/arch/arch/arm/core/cortex_m/libarch__arm__core__cortex_m.a(reset.S.obj)
                0x0000000008002624                z_arm_reset
                0x0000000008002624                __start
 .text.z_impl_k_thread_abort
                0x0000000008002658       0x2c zephyr/arch/arch/arm/core/cortex_m/libarch__arm__core__cortex_m.a(thread_abort.c.obj)
                0x0000000008002658                z_impl_k_thread_abort
 .text.z_arm_pendsv
                0x0000000008002684       0x60 zephyr/arch/arch/arm/core/cortex_m/libarch__arm__core__cortex_m.a(swap_helper.S.obj)
                0x0000000008002684                z_arm_pendsv
 .text.z_arm_svc
                0x00000000080026e4       0x24 zephyr/arch/arch/arm/core/cortex_m/libarch__arm__core__cortex_m.a(swap_helper.S.obj)
                0x00000000080026e4                z_arm_svc
 .text.arm_irq_enable
                0x0000000008002708       0x1c zephyr/arch/arch/arm/core/cortex_m/libarch__arm__core__cortex_m.a(irq_manage.c.obj)
                0x0000000008002708                arm_irq_enable
 .text.arm_irq_disable
                0x0000000008002724       0x28 zephyr/arch/arch/arm/core/cortex_m/libarch__arm__core__cortex_m.a(irq_manage.c.obj)
                0x0000000008002724                arm_irq_disable
 .text.arm_irq_priority_set
                0x000000000800274c       0x30 zephyr/arch/arch/arm/core/cortex_m/libarch__arm__core__cortex_m.a(irq_manage.c.obj)
                0x000000000800274c                arm_irq_priority_set
 .text.relocate_vector_table
                0x000000000800277c       0x1c zephyr/arch/arch/arm/core/cortex_m/libarch__arm__core__cortex_m.a(prep_c.c.obj)
                0x000000000800277c                relocate_vector_table
 .text.arch_new_thread
                0x0000000008002798       0x38 zephyr/arch/arch/arm/core/cortex_m/libarch__arm__core__cortex_m.a(thread.c.obj)
                0x0000000008002798                arch_new_thread
 .text.z_check_thread_stack_fail
                0x00000000080027d0       0x2c zephyr/arch/arch/arm/core/cortex_m/libarch__arm__core__cortex_m.a(thread.c.obj)
                0x00000000080027d0                z_check_thread_stack_fail
 .text.arch_switch_to_main_thread
                0x00000000080027fc       0x3c zephyr/arch/arch/arm/core/cortex_m/libarch__arm__core__cortex_m.a(thread.c.obj)
                0x00000000080027fc                arch_switch_to_main_thread
 .text.z_arm_cpu_idle_init
                0x0000000008002838        0xc zephyr/arch/arch/arm/core/cortex_m/libarch__arm__core__cortex_m.a(cpu_idle.c.obj)
                0x0000000008002838                z_arm_cpu_idle_init
 .text.z_arm_interrupt_init
                0x0000000008002844       0x18 zephyr/arch/arch/arm/core/cortex_m/libarch__arm__core__cortex_m.a(irq_init.c.obj)
                0x0000000008002844                z_arm_interrupt_init
 .text._isr_wrapper
                0x000000000800285c       0x24 zephyr/arch/arch/arm/core/cortex_m/libarch__arm__core__cortex_m.a(isr_wrapper.c.obj)
                0x000000000800285c                _isr_wrapper
 .text.z_arm_configure_static_mpu_regions
                0x0000000008002880       0x18 zephyr/arch/arch/arm/core/mpu/libarch__arm__core__mpu.a(arm_core_mpu.c.obj)
                0x0000000008002880                z_arm_configure_static_mpu_regions
 .text.z_arm_configure_dynamic_mpu_regions
                0x0000000008002898       0x20 zephyr/arch/arch/arm/core/mpu/libarch__arm__core__mpu.a(arm_core_mpu.c.obj)
                0x0000000008002898                z_arm_configure_dynamic_mpu_regions
 .text.region_allocate_and_init
                0x00000000080028b8       0x54 zephyr/arch/arch/arm/core/mpu/libarch__arm__core__mpu.a(arm_mpu.c.obj)
 .text.mpu_configure_regions
                0x000000000800290c       0x68 zephyr/arch/arch/arm/core/mpu/libarch__arm__core__mpu.a(arm_mpu.c.obj)
 .text.arm_core_mpu_enable
                0x0000000008002974       0x18 zephyr/arch/arch/arm/core/mpu/libarch__arm__core__mpu.a(arm_mpu.c.obj)
                0x0000000008002974                arm_core_mpu_enable
 .text.arm_core_mpu_disable
                0x000000000800298c       0x14 zephyr/arch/arch/arm/core/mpu/libarch__arm__core__mpu.a(arm_mpu.c.obj)
                0x000000000800298c                arm_core_mpu_disable
 .text.arm_core_mpu_configure_static_mpu_regions
                0x00000000080029a0       0x14 zephyr/arch/arch/arm/core/mpu/libarch__arm__core__mpu.a(arm_mpu.c.obj)
                0x00000000080029a0                arm_core_mpu_configure_static_mpu_regions
 .text.arm_core_mpu_configure_dynamic_mpu_regions
                0x00000000080029b4       0x38 zephyr/arch/arch/arm/core/mpu/libarch__arm__core__mpu.a(arm_mpu.c.obj)
                0x00000000080029b4                arm_core_mpu_configure_dynamic_mpu_regions
 .text.z_arm_mpu_init
                0x00000000080029ec      0x17c zephyr/arch/arch/arm/core/mpu/libarch__arm__core__mpu.a(arm_mpu.c.obj)
                0x00000000080029ec                z_arm_mpu_init
 .text.cbvprintf
                0x0000000008002b68       0x38 zephyr/lib/libc/picolibc/liblib__libc__picolibc.a(cbprintf.c.obj)
                0x0000000008002b68                cbvprintf
 .text.z_impl_zephyr_fputc
                0x0000000008002ba0       0x10 zephyr/lib/libc/picolibc/liblib__libc__picolibc.a(stdio.c.obj)
                0x0000000008002ba0                z_impl_zephyr_fputc
 .text.__stdout_hook_install
                0x0000000008002bb0       0x18 zephyr/lib/libc/picolibc/liblib__libc__picolibc.a(stdio.c.obj)
                0x0000000008002bb0                __stdout_hook_install
 .text.malloc_prepare
                0x0000000008002bc8       0x24 zephyr/lib/libc/common/liblib__libc__common.a(malloc.c.obj)
 .text.rtio_init
                0x0000000008002bec       0x98 zephyr/subsys/rtio/libsubsys__rtio.a(rtio_init.c.obj)
                0x0000000008002bec                rtio_init
 .text.rtio_work_req_done_handler
                0x0000000008002c84        0xc zephyr/subsys/rtio/libsubsys__rtio.a(rtio_workq.c.obj)
 .text.stm32_exti_isr
                0x0000000008002c90       0x4c zephyr/drivers/interrupt_controller/libdrivers__interrupt_controller.a(intc_exti_stm32.c.obj)
 .text.stm32_fill_irq_table
                0x0000000008002cdc       0x18 zephyr/drivers/interrupt_controller/libdrivers__interrupt_controller.a(intc_exti_stm32.c.obj)
 .text.stm32_gpio_intc_enable_line
                0x0000000008002cf4       0x30 zephyr/drivers/interrupt_controller/libdrivers__interrupt_controller.a(intc_exti_stm32.c.obj)
                0x0000000008002cf4                stm32_gpio_intc_enable_line
 .text.stm32_gpio_intc_disable_line
                0x0000000008002d24       0x14 zephyr/drivers/interrupt_controller/libdrivers__interrupt_controller.a(intc_exti_stm32.c.obj)
                0x0000000008002d24                stm32_gpio_intc_disable_line
 .text.stm32_gpio_intc_select_line_trigger
                0x0000000008002d38       0x50 zephyr/drivers/interrupt_controller/libdrivers__interrupt_controller.a(intc_exti_stm32.c.obj)
                0x0000000008002d38                stm32_gpio_intc_select_line_trigger
 .text.stm32_gpio_intc_set_irq_callback
                0x0000000008002d88       0x40 zephyr/drivers/interrupt_controller/libdrivers__interrupt_controller.a(intc_exti_stm32.c.obj)
                0x0000000008002d88                stm32_gpio_intc_set_irq_callback
 .text.stm32_gpio_intc_remove_irq_callback
                0x0000000008002dc8       0x24 zephyr/drivers/interrupt_controller/libdrivers__interrupt_controller.a(intc_exti_stm32.c.obj)
                0x0000000008002dc8                stm32_gpio_intc_remove_irq_callback
 .text.stm32_exti_get_line_src_port
                0x0000000008002dec       0x34 zephyr/drivers/interrupt_controller/libdrivers__interrupt_controller.a(intc_exti_stm32.c.obj)
                0x0000000008002dec                stm32_exti_get_line_src_port
 .text.adc_stm32_channel_setup
                0x0000000008002e20      0x10c zephyr/drivers/adc/libdrivers__adc.a(adc_stm32.c.obj)
 .text.adc_stm32_isr_18
                0x0000000008002f2c       0xe8 zephyr/drivers/adc/libdrivers__adc.a(adc_stm32.c.obj)
 .text.adc_stm32_calibrate.isra.0
                0x0000000008003014       0x70 zephyr/drivers/adc/libdrivers__adc.a(adc_stm32.c.obj)
 .text.adc_stm32_init
                0x0000000008003084      0x110 zephyr/drivers/adc/libdrivers__adc.a(adc_stm32.c.obj)
 .text.adc_stm32_read
                0x0000000008003194      0x26c zephyr/drivers/adc/libdrivers__adc.a(adc_stm32.c.obj)
 .text.stm32_clock_control_get_subsys_rate
                0x0000000008003400       0xb0 zephyr/drivers/clock_control/libdrivers__clock_control.a(clock_stm32_ll_common.c.obj)
 .text.stm32_clock_control_init
                0x00000000080034b0      0x190 zephyr/drivers/clock_control/libdrivers__clock_control.a(clock_stm32_ll_common.c.obj)
                0x00000000080034b0                stm32_clock_control_init
 .text.get_pllsrc_frequency
                0x0000000008003640        0x8 zephyr/drivers/clock_control/libdrivers__clock_control.a(clock_stm32l4_l5_wb_wl.c.obj)
                0x0000000008003640                get_pllsrc_frequency
 .text.config_pll_sysclock
                0x0000000008003648       0x24 zephyr/drivers/clock_control/libdrivers__clock_control.a(clock_stm32l4_l5_wb_wl.c.obj)
                0x0000000008003648                config_pll_sysclock
 .text.uart_console_init
                0x000000000800366c       0x28 zephyr/drivers/console/libdrivers__console.a(uart_console.c.obj)
 .text.console_out
                0x0000000008003694       0x28 zephyr/drivers/console/libdrivers__console.a(uart_console.c.obj)
 .text.gpio_stm32_pin_interrupt_configure
                0x00000000080036bc       0xb0 zephyr/drivers/gpio/libdrivers__gpio.a(gpio_stm32.c.obj)
 .text.gpio_stm32_init
                0x000000000800376c       0x38 zephyr/drivers/gpio/libdrivers__gpio.a(gpio_stm32.c.obj)
 .text.i2c_stm32_get_config.part.0
                0x00000000080037a4       0x1c zephyr/drivers/i2c/libdrivers__i2c.a(i2c_ll_stm32.c.obj)
 .text.i2c_stm32_set_smbus_mode
                0x00000000080037c0       0x54 zephyr/drivers/i2c/libdrivers__i2c.a(i2c_ll_stm32.c.obj)
                0x00000000080037c0                i2c_stm32_set_smbus_mode
 .text.i2c_stm32_runtime_configure
                0x0000000008003814       0x88 zephyr/drivers/i2c/libdrivers__i2c.a(i2c_ll_stm32.c.obj)
                0x0000000008003814                i2c_stm32_runtime_configure
 .text.i2c_stm32_init
                0x000000000800389c       0xe0 zephyr/drivers/i2c/libdrivers__i2c.a(i2c_ll_stm32.c.obj)
 .text.i2c_stm32_activate
                0x000000000800397c       0x68 zephyr/drivers/i2c/libdrivers__i2c.a(i2c_ll_stm32_common.c.obj)
                0x000000000800397c                i2c_stm32_activate
 .text.msg_init
                0x00000000080039e4       0x9c zephyr/drivers/i2c/libdrivers__i2c.a(i2c_ll_stm32_v2.c.obj)
 .text.i2c_stm32_configure_timing
                0x0000000008003a80      0x158 zephyr/drivers/i2c/libdrivers__i2c.a(i2c_ll_stm32_v2.c.obj)
                0x0000000008003a80                i2c_stm32_configure_timing
 .text.timer_callback
                0x0000000008003bd8        0xc zephyr/drivers/lora/libloramac-node.a(hal_common.c.obj)
 .text.RtcGetTimerElapsedTime
                0x0000000008003be4       0x14 zephyr/drivers/lora/libloramac-node.a(hal_common.c.obj)
                0x0000000008003be4                RtcGetTimerElapsedTime
 .text.RtcStopAlarm
                0x0000000008003bf8        0xc zephyr/drivers/lora/libloramac-node.a(hal_common.c.obj)
                0x0000000008003bf8                RtcStopAlarm
 .text.RtcSetAlarm
                0x0000000008003c04       0x20 zephyr/drivers/lora/libloramac-node.a(hal_common.c.obj)
                0x0000000008003c04                RtcSetAlarm
 .text.RtcSetTimerContext
                0x0000000008003c24       0x10 zephyr/drivers/lora/libloramac-node.a(hal_common.c.obj)
                0x0000000008003c24                RtcSetTimerContext
 .text.RtcGetTimerContext
                0x0000000008003c34        0xc zephyr/drivers/lora/libloramac-node.a(hal_common.c.obj)
                0x0000000008003c34                RtcGetTimerContext
 .text.modem_release.constprop.0
                0x0000000008003c40       0x54 zephyr/drivers/lora/libloramac-node.a(sx12xx_common.c.obj)
 .text.sx12xx_ev_tx_done
                0x0000000008003c94       0x20 zephyr/drivers/lora/libloramac-node.a(sx12xx_common.c.obj)
 .text.sx12xx_ev_rx_error
                0x0000000008003cb4       0x40 zephyr/drivers/lora/libloramac-node.a(sx12xx_common.c.obj)
 .text.sx12xx_ev_rx_done
                0x0000000008003cf4       0xb0 zephyr/drivers/lora/libloramac-node.a(sx12xx_common.c.obj)
 .text.__sx12xx_configure_pin
                0x0000000008003da4       0xd0 zephyr/drivers/lora/libloramac-node.a(sx12xx_common.c.obj)
                0x0000000008003da4                __sx12xx_configure_pin
 .text.sx12xx_lora_send_async
                0x0000000008003e74       0x4c zephyr/drivers/lora/libloramac-node.a(sx12xx_common.c.obj)
                0x0000000008003e74                sx12xx_lora_send_async
 .text.sx12xx_lora_send
                0x0000000008003ec0       0xb8 zephyr/drivers/lora/libloramac-node.a(sx12xx_common.c.obj)
                0x0000000008003ec0                sx12xx_lora_send
 .text.sx12xx_lora_recv
                0x0000000008003f78       0xd4 zephyr/drivers/lora/libloramac-node.a(sx12xx_common.c.obj)
                0x0000000008003f78                sx12xx_lora_recv
 .text.sx12xx_lora_recv_async
                0x000000000800404c       0x54 zephyr/drivers/lora/libloramac-node.a(sx12xx_common.c.obj)
                0x000000000800404c                sx12xx_lora_recv_async
 .text.sx12xx_lora_config
                0x00000000080040a0       0xbc zephyr/drivers/lora/libloramac-node.a(sx12xx_common.c.obj)
                0x00000000080040a0                sx12xx_lora_config
 .text.sx12xx_lora_test_cw
                0x000000000800415c       0x40 zephyr/drivers/lora/libloramac-node.a(sx12xx_common.c.obj)
                0x000000000800415c                sx12xx_lora_test_cw
 .text.sx12xx_init
                0x000000000800419c       0x60 zephyr/drivers/lora/libloramac-node.a(sx12xx_common.c.obj)
                0x000000000800419c                sx12xx_init
 .text.sx126x_set_rx_enable
                0x00000000080041fc       0x10 zephyr/drivers/lora/libloramac-node.a(sx126x.c.obj)
 .text.sx126x_set_tx_enable
                0x000000000800420c       0x10 zephyr/drivers/lora/libloramac-node.a(sx126x.c.obj)
 .text.sx126x_dio1_irq_work_handler.part.0
                0x000000000800421c       0x14 zephyr/drivers/lora/libloramac-node.a(sx126x.c.obj)
 .text.sx126x_dio1_irq_work_handler
                0x0000000008004230       0x38 zephyr/drivers/lora/libloramac-node.a(sx126x.c.obj)
 .text.sx126x_lora_init
                0x0000000008004268       0xa4 zephyr/drivers/lora/libloramac-node.a(sx126x.c.obj)
 .text.SX126xGetOperatingMode
                0x000000000800430c        0xc zephyr/drivers/lora/libloramac-node.a(sx126x.c.obj)
                0x000000000800430c                SX126xGetOperatingMode
 .text.SX126xSetOperatingMode
                0x0000000008004318       0x4c zephyr/drivers/lora/libloramac-node.a(sx126x.c.obj)
                0x0000000008004318                SX126xSetOperatingMode
 .text.SX126xIoIrqInit
                0x0000000008004364        0xc zephyr/drivers/lora/libloramac-node.a(sx126x.c.obj)
                0x0000000008004364                SX126xIoIrqInit
 .text.SX126xReset
                0x0000000008004370       0x18 zephyr/drivers/lora/libloramac-node.a(sx126x.c.obj)
                0x0000000008004370                SX126xReset
 .text.SX126xWaitOnBusy
                0x0000000008004388       0x1c zephyr/drivers/lora/libloramac-node.a(sx126x.c.obj)
                0x0000000008004388                SX126xWaitOnBusy
 .text.sx126x_spi_transceive.isra.0
                0x00000000080043a4       0x7c zephyr/drivers/lora/libloramac-node.a(sx126x.c.obj)
 .text.SX126xWakeup
                0x0000000008004420       0x60 zephyr/drivers/lora/libloramac-node.a(sx126x.c.obj)
                0x0000000008004420                SX126xWakeup
 .text.SX126xGetDio1PinState
                0x0000000008004480        0xc zephyr/drivers/lora/libloramac-node.a(sx126x.c.obj)
                0x0000000008004480                SX126xGetDio1PinState
 .text.sx126x_is_busy
                0x000000000800448c       0x10 zephyr/drivers/lora/libloramac-node.a(sx126x_stm32wl.c.obj)
                0x000000000800448c                sx126x_is_busy
 .text.sx126x_dio1_irq_enable
                0x000000000800449c       0x14 zephyr/drivers/lora/libloramac-node.a(sx126x_stm32wl.c.obj)
                0x000000000800449c                sx126x_dio1_irq_enable
 .text.sx126x_variant_init
                0x00000000080044b0       0x28 zephyr/drivers/lora/libloramac-node.a(sx126x_stm32wl.c.obj)
                0x00000000080044b0                sx126x_variant_init
 .text.TimerInsertNewHeadTimer
                0x00000000080044d8       0x18 zephyr/drivers/lora/libloramac-node.a(timer.c.obj)
 .text.TimerStart
                0x00000000080044f0       0x70 zephyr/drivers/lora/libloramac-node.a(timer.c.obj)
                0x00000000080044f0                TimerStart
 .text.TimerIrqHandler
                0x0000000008004560       0x7c zephyr/drivers/lora/libloramac-node.a(timer.c.obj)
                0x0000000008004560                TimerIrqHandler
 .text.TimerStop
                0x00000000080045dc       0x54 zephyr/drivers/lora/libloramac-node.a(timer.c.obj)
                0x00000000080045dc                TimerStop
 .text.SX126xSetCrcSeed
                0x0000000008004630       0x24 zephyr/drivers/lora/libloramac-node.a(sx126x.c.obj)
                0x0000000008004630                SX126xSetCrcSeed
 .text.SX126xSetCrcPolynomial
                0x0000000008004654       0x24 zephyr/drivers/lora/libloramac-node.a(sx126x.c.obj)
                0x0000000008004654                SX126xSetCrcPolynomial
 .text.SX126xSetWhiteningSeed
                0x0000000008004678       0x38 zephyr/drivers/lora/libloramac-node.a(sx126x.c.obj)
                0x0000000008004678                SX126xSetWhiteningSeed
 .text.SX126xSetSleep
                0x00000000080046b0       0x3c zephyr/drivers/lora/libloramac-node.a(sx126x.c.obj)
                0x00000000080046b0                SX126xSetSleep
 .text.SX126xInit
                0x00000000080046ec       0x34 zephyr/drivers/lora/libloramac-node.a(sx126x.c.obj)
                0x00000000080046ec                SX126xInit
 .text.SX126xCalibrateImage
                0x0000000008004720       0x64 zephyr/drivers/lora/libloramac-node.a(sx126x.c.obj)
                0x0000000008004720                SX126xCalibrateImage
 .text.SX126xSetRfFrequency
                0x0000000008004784       0x48 zephyr/drivers/lora/libloramac-node.a(sx126x.c.obj)
                0x0000000008004784                SX126xSetRfFrequency
 .text.SX126xSetPacketType
                0x00000000080047cc       0x20 zephyr/drivers/lora/libloramac-node.a(sx126x.c.obj)
                0x00000000080047cc                SX126xSetPacketType
 .text.SX126xGetPacketType
                0x00000000080047ec        0xc zephyr/drivers/lora/libloramac-node.a(sx126x.c.obj)
                0x00000000080047ec                SX126xGetPacketType
 .text.SX126xSetModulationParams
                0x00000000080047f8       0x98 zephyr/drivers/lora/libloramac-node.a(sx126x.c.obj)
                0x00000000080047f8                SX126xSetModulationParams
 .text.SX126xSetPacketParams
                0x0000000008004890       0xbc zephyr/drivers/lora/libloramac-node.a(sx126x.c.obj)
                0x0000000008004890                SX126xSetPacketParams
 .text.SX126xGetRxBufferStatus
                0x000000000800494c       0x44 zephyr/drivers/lora/libloramac-node.a(sx126x.c.obj)
                0x000000000800494c                SX126xGetRxBufferStatus
 .text.SX126xGetPacketStatus
                0x0000000008004990       0x78 zephyr/drivers/lora/libloramac-node.a(sx126x.c.obj)
                0x0000000008004990                SX126xGetPacketStatus
 .text.RadioOnTxTimeoutIrq
                0x0000000008004a08       0x14 zephyr/drivers/lora/libloramac-node.a(radio.c.obj)
                0x0000000008004a08                RadioOnTxTimeoutIrq
 .text.RadioOnRxTimeoutIrq
                0x0000000008004a1c       0x14 zephyr/drivers/lora/libloramac-node.a(radio.c.obj)
                0x0000000008004a1c                RadioOnRxTimeoutIrq
 .text.RadioOnDioIrq
                0x0000000008004a30        0xc zephyr/drivers/lora/libloramac-node.a(radio.c.obj)
                0x0000000008004a30                RadioOnDioIrq
 .text.RadioGetStatus
                0x0000000008004a3c       0x1c zephyr/drivers/lora/libloramac-node.a(radio.c.obj)
                0x0000000008004a3c                RadioGetStatus
 .text.RadioSend
                0x0000000008004a58       0x5c zephyr/drivers/lora/libloramac-node.a(radio.c.obj)
                0x0000000008004a58                RadioSend
 .text.RadioSetTxContinuousWave
                0x0000000008004ab4       0x30 zephyr/drivers/lora/libloramac-node.a(radio.c.obj)
                0x0000000008004ab4                RadioSetTxContinuousWave
 .text.RadioIrqProcess
                0x0000000008004ae4      0x17c zephyr/drivers/lora/libloramac-node.a(radio.c.obj)
                0x0000000008004ae4                RadioIrqProcess
 .text.RadioGetFskBandwidthRegValue
                0x0000000008004c60       0x34 zephyr/drivers/lora/libloramac-node.a(radio.c.obj)
 .text.RadioSetMaxPayloadLength
                0x0000000008004c94       0x30 zephyr/drivers/lora/libloramac-node.a(radio.c.obj)
                0x0000000008004c94                RadioSetMaxPayloadLength
 .text.RadioRx  0x0000000008004cc4       0x48 zephyr/drivers/lora/libloramac-node.a(radio.c.obj)
                0x0000000008004cc4                RadioRx
 .text.RadioRxBoosted
                0x0000000008004d0c       0x48 zephyr/drivers/lora/libloramac-node.a(radio.c.obj)
                0x0000000008004d0c                RadioRxBoosted
 .text.RadioTimeOnAir
                0x0000000008004d54       0xe4 zephyr/drivers/lora/libloramac-node.a(radio.c.obj)
                0x0000000008004d54                RadioTimeOnAir
 .text.RadioSetPublicNetwork
                0x0000000008004e38       0x3c zephyr/drivers/lora/libloramac-node.a(radio.c.obj)
                0x0000000008004e38                RadioSetPublicNetwork
 .text.RadioSetModem.part.0
                0x0000000008004e74       0x24 zephyr/drivers/lora/libloramac-node.a(radio.c.obj)
 .text.RadioSetModem
                0x0000000008004e98       0x20 zephyr/drivers/lora/libloramac-node.a(radio.c.obj)
                0x0000000008004e98                RadioSetModem
 .text.RadioSetRxConfig
                0x0000000008004eb8      0x1e0 zephyr/drivers/lora/libloramac-node.a(radio.c.obj)
                0x0000000008004eb8                RadioSetRxConfig
 .text.RadioSetTxConfig
                0x0000000008005098      0x194 zephyr/drivers/lora/libloramac-node.a(radio.c.obj)
                0x0000000008005098                RadioSetTxConfig
 .text.RadioInit
                0x000000000800522c       0x7c zephyr/drivers/lora/libloramac-node.a(radio.c.obj)
                0x000000000800522c                RadioInit
 .text.pinctrl_configure_pins
                0x00000000080052a8       0x84 zephyr/drivers/pinctrl/libdrivers__pinctrl.a(pinctrl_stm32.c.obj)
                0x00000000080052a8                pinctrl_configure_pins
 .text.stm32_temp_channel_get
                0x000000000800532c       0xf0 zephyr/drivers/sensor/st/stm32_temp/libdrivers__sensor__st__stm32_temp.a(stm32_temp.c.obj)
 .text.stm32_temp_sample_fetch
                0x000000000800541c       0x90 zephyr/drivers/sensor/st/stm32_temp/libdrivers__sensor__st__stm32_temp.a(stm32_temp.c.obj)
 .text.stm32_temp_init
                0x00000000080054ac       0x80 zephyr/drivers/sensor/st/stm32_temp/libdrivers__sensor__st__stm32_temp.a(stm32_temp.c.obj)
 .text.stm32_vbat_sample_fetch
                0x000000000800552c       0x88 zephyr/drivers/sensor/st/stm32_vbat/libdrivers__sensor__st__stm32_vbat.a(stm32_vbat.c.obj)
 .text.stm32_vbat_init
                0x00000000080055b4       0x94 zephyr/drivers/sensor/st/stm32_vbat/libdrivers__sensor__st__stm32_vbat.a(stm32_vbat.c.obj)
 .text.stm32_vref_channel_get.part.0
                0x0000000008005648       0x1c zephyr/drivers/sensor/st/stm32_vref/libdrivers__sensor__st__stm32_vref.a(stm32_vref.c.obj)
 .text.stm32_vref_sample_fetch
                0x0000000008005664       0x90 zephyr/drivers/sensor/st/stm32_vref/libdrivers__sensor__st__stm32_vref.a(stm32_vref.c.obj)
 .text.stm32_vref_init
                0x00000000080056f4       0x80 zephyr/drivers/sensor/st/stm32_vref/libdrivers__sensor__st__stm32_vref.a(stm32_vref.c.obj)
 .text.uart_stm32_cfg2ll_stopbits
                0x0000000008005774       0x38 zephyr/drivers/serial/libdrivers__serial.a(uart_stm32.c.obj)
 .text.lpuartdiv_calc
                0x00000000080057ac       0x30 zephyr/drivers/serial/libdrivers__serial.a(uart_stm32.c.obj)
                0x00000000080057ac                lpuartdiv_calc
 .text.uart_stm32_set_baudrate
                0x00000000080057dc      0x108 zephyr/drivers/serial/libdrivers__serial.a(uart_stm32.c.obj)
 .text.uart_stm32_configure
                0x00000000080058e4       0xe8 zephyr/drivers/serial/libdrivers__serial.a(uart_stm32.c.obj)
 .text.uart_stm32_init
                0x00000000080059cc      0x1b4 zephyr/drivers/serial/libdrivers__serial.a(uart_stm32.c.obj)
 .text.spi_stm32_init
                0x0000000008005b80      0x140 zephyr/drivers/spi/libdrivers__spi.a(spi_ll_stm32.c.obj)
 .text.spi_stm32_transceive
                0x0000000008005cc0      0x578 zephyr/drivers/spi/libdrivers__spi.a(spi_ll_stm32.c.obj)
 .text.elapsed  0x0000000008006238       0x4c zephyr/drivers/timer/libdrivers__timer.a(cortex_m_systick.c.obj)
 .text.sys_clock_driver_init
                0x0000000008006284       0x38 zephyr/drivers/timer/libdrivers__timer.a(cortex_m_systick.c.obj)
 .text.sys_clock_isr
                0x00000000080062bc       0x50 zephyr/drivers/timer/libdrivers__timer.a(cortex_m_systick.c.obj)
                0x00000000080062bc                sys_clock_isr
 .text.sys_clock_set_timeout
                0x000000000800630c       0xe8 zephyr/drivers/timer/libdrivers__timer.a(cortex_m_systick.c.obj)
                0x000000000800630c                sys_clock_set_timeout
 .text.sys_clock_elapsed
                0x00000000080063f4       0x3c zephyr/drivers/timer/libdrivers__timer.a(cortex_m_systick.c.obj)
                0x00000000080063f4                sys_clock_elapsed
 .text.sys_clock_cycle_get_32
                0x0000000008006430       0x28 zephyr/drivers/timer/libdrivers__timer.a(cortex_m_systick.c.obj)
                0x0000000008006430                sys_clock_cycle_get_32
 .text.HAL_RCC_GetSysClockFreq
                0x0000000008006458       0xe4 modules/hal_stm32/stm32cube/lib..__modules__hal__stm32__stm32cube.a(stm32wlxx_hal_rcc.c.obj)
                0x0000000008006458                HAL_RCC_GetSysClockFreq
 .text.LL_SetFlashLatency
                0x000000000800653c       0xa4 modules/hal_stm32/stm32cube/lib..__modules__hal__stm32__stm32cube.a(stm32wlxx_ll_utils.c.obj)
                0x000000000800653c                LL_SetFlashLatency
 .text.k_sys_fatal_error_handler
                0x00000000080065e0       0x20 zephyr/kernel/libkernel.a(fatal.c.obj)
                0x00000000080065e0                k_sys_fatal_error_handler
 .text.z_fatal_error
                0x0000000008006600       0xe8 zephyr/kernel/libkernel.a(fatal.c.obj)
                0x0000000008006600                z_fatal_error
 .text.z_sys_init_run_level
                0x00000000080066e8       0x48 zephyr/kernel/libkernel.a(init.c.obj)
 .text.bg_thread_main
                0x0000000008006730       0xc0 zephyr/kernel/libkernel.a(init.c.obj)
 .text.z_bss_zero
                0x00000000080067f0       0x18 zephyr/kernel/libkernel.a(init.c.obj)
                0x00000000080067f0                z_bss_zero
 .text.z_init_cpu
                0x0000000008006808       0x70 zephyr/kernel/libkernel.a(init.c.obj)
                0x0000000008006808                z_init_cpu
 .text.z_cstart
                0x0000000008006878       0xd4 zephyr/kernel/libkernel.a(init.c.obj)
                0x0000000008006878                z_cstart
 .text.init_mem_slab_obj_core_list
                0x000000000800694c       0x24 zephyr/kernel/libkernel.a(mem_slab.c.obj)
 .text.z_impl_k_mutex_lock
                0x0000000008006970       0xf0 zephyr/kernel/libkernel.a(mutex.c.obj)
                0x0000000008006970                z_impl_k_mutex_lock
 .text.z_impl_k_mutex_unlock
                0x0000000008006a60       0xa0 zephyr/kernel/libkernel.a(mutex.c.obj)
                0x0000000008006a60                z_impl_k_mutex_unlock
 .text.z_impl_k_sem_give
                0x0000000008006b00       0x74 zephyr/kernel/libkernel.a(sem.c.obj)
                0x0000000008006b00                z_impl_k_sem_give
 .text.z_impl_k_sem_take
                0x0000000008006b74       0x4c zephyr/kernel/libkernel.a(sem.c.obj)
                0x0000000008006b74                z_impl_k_sem_take
 .text.work_queue_main
                0x0000000008006bc0      0x14c zephyr/kernel/libkernel.a(work.c.obj)
 .text.submit_to_queue_locked
                0x0000000008006d0c       0xb8 zephyr/kernel/libkernel.a(work.c.obj)
 .text.k_work_submit
                0x0000000008006dc4        0xc zephyr/kernel/libkernel.a(work.c.obj)
                0x0000000008006dc4                k_work_submit
 .text.k_work_queue_start
                0x0000000008006dd0       0x80 zephyr/kernel/libkernel.a(work.c.obj)
                0x0000000008006dd0                k_work_queue_start
 .text.z_setup_new_thread
                0x0000000008006e50       0x9c zephyr/kernel/libkernel.a(thread.c.obj)
                0x0000000008006e50                z_setup_new_thread
 .text.z_impl_k_thread_create
                0x0000000008006eec       0x58 zephyr/kernel/libkernel.a(thread.c.obj)
                0x0000000008006eec                z_impl_k_thread_create
 .text.z_dummy_thread_init
                0x0000000008006f44       0x18 zephyr/kernel/libkernel.a(thread.c.obj)
                0x0000000008006f44                z_dummy_thread_init
 .text.z_swap_irqlock
                0x0000000008006f5c       0x30 zephyr/kernel/libkernel.a(sched.c.obj)
 .text.ready_thread
                0x0000000008006f8c       0x90 zephyr/kernel/libkernel.a(sched.c.obj)
 .text.unready_thread
                0x000000000800701c       0x54 zephyr/kernel/libkernel.a(sched.c.obj)
 .text.add_thread_timeout
                0x0000000008007070       0x1c zephyr/kernel/libkernel.a(sched.c.obj)
 .text.move_thread_to_end_of_prio_q
                0x000000000800708c       0x9c zephyr/kernel/libkernel.a(sched.c.obj)
                0x000000000800708c                move_thread_to_end_of_prio_q
 .text.z_pend_curr
                0x0000000008007128       0x44 zephyr/kernel/libkernel.a(sched.c.obj)
                0x0000000008007128                z_pend_curr
 .text.z_thread_prio_set
                0x000000000800716c      0x108 zephyr/kernel/libkernel.a(sched.c.obj)
                0x000000000800716c                z_thread_prio_set
 .text.z_reschedule
                0x0000000008007274       0x24 zephyr/kernel/libkernel.a(sched.c.obj)
                0x0000000008007274                z_reschedule
 .text.z_reschedule_irqlock
                0x0000000008007298       0x28 zephyr/kernel/libkernel.a(sched.c.obj)
                0x0000000008007298                z_reschedule_irqlock
 .text.k_sched_lock
                0x00000000080072c0       0x28 zephyr/kernel/libkernel.a(sched.c.obj)
                0x00000000080072c0                k_sched_lock
 .text.k_sched_unlock
                0x00000000080072e8       0x68 zephyr/kernel/libkernel.a(sched.c.obj)
                0x00000000080072e8                k_sched_unlock
 .text.z_sched_init
                0x0000000008007350       0x10 zephyr/kernel/libkernel.a(sched.c.obj)
                0x0000000008007350                z_sched_init
 .text.z_impl_k_yield
                0x0000000008007360       0x90 zephyr/kernel/libkernel.a(sched.c.obj)
                0x0000000008007360                z_impl_k_yield
 .text.z_tick_sleep
                0x00000000080073f0       0x78 zephyr/kernel/libkernel.a(sched.c.obj)
 .text.z_impl_k_wakeup
                0x0000000008007468       0x48 zephyr/kernel/libkernel.a(sched.c.obj)
                0x0000000008007468                z_impl_k_wakeup
 .text.z_impl_k_sched_current_thread_query
                0x00000000080074b0        0xc zephyr/kernel/libkernel.a(sched.c.obj)
                0x00000000080074b0                z_impl_k_sched_current_thread_query
 .text.z_thread_abort
                0x00000000080074bc      0x138 zephyr/kernel/libkernel.a(sched.c.obj)
                0x00000000080074bc                z_thread_abort
 .text.z_sched_wait
                0x00000000080075f4       0x24 zephyr/kernel/libkernel.a(sched.c.obj)
                0x00000000080075f4                z_sched_wait
 .text.slice_timeout
                0x0000000008007618       0x20 zephyr/kernel/libkernel.a(timeslicing.c.obj)
 .text.thread_is_sliceable
                0x0000000008007638       0x3c zephyr/kernel/libkernel.a(timeslicing.c.obj)
                0x0000000008007638                thread_is_sliceable
 .text.z_reset_time_slice
                0x0000000008007674       0x50 zephyr/kernel/libkernel.a(timeslicing.c.obj)
                0x0000000008007674                z_reset_time_slice
 .text.z_time_slice
                0x00000000080076c4       0x60 zephyr/kernel/libkernel.a(timeslicing.c.obj)
                0x00000000080076c4                z_time_slice
 .text.z_data_copy
                0x0000000008007724       0x38 zephyr/kernel/libkernel.a(xip.c.obj)
                0x0000000008007724                z_data_copy
 .text.first    0x000000000800775c       0x10 zephyr/kernel/libkernel.a(timeout.c.obj)
 .text.elapsed  0x000000000800776c       0x14 zephyr/kernel/libkernel.a(timeout.c.obj)
 .text.remove_timeout
                0x0000000008007780       0x38 zephyr/kernel/libkernel.a(timeout.c.obj)
 .text.z_add_timeout
                0x00000000080077b8      0x120 zephyr/kernel/libkernel.a(timeout.c.obj)
                0x00000000080077b8                z_add_timeout
 .text.sys_clock_announce
                0x00000000080078d8       0xc0 zephyr/kernel/libkernel.a(timeout.c.obj)
                0x00000000080078d8                sys_clock_announce
 .text.sys_clock_tick_get
                0x0000000008007998       0x30 zephyr/kernel/libkernel.a(timeout.c.obj)
                0x0000000008007998                sys_clock_tick_get
 .text.z_timer_expiration_handler
                0x00000000080079c8      0x110 zephyr/kernel/libkernel.a(timer.c.obj)
                0x00000000080079c8                z_timer_expiration_handler
 .text.z_impl_k_timer_start
                0x0000000008007ad8       0x70 zephyr/kernel/libkernel.a(timer.c.obj)
                0x0000000008007ad8                z_impl_k_timer_start
 .text.clear_event_registrations
                0x0000000008007b48       0x60 zephyr/kernel/libkernel.a(poll.c.obj)
 .text.z_impl_k_poll
                0x0000000008007ba8       0xb0 zephyr/kernel/libkernel.a(poll.c.obj)
                0x0000000008007ba8                z_impl_k_poll
 .text.z_impl_k_poll_signal_raise
                0x0000000008007c58       0x50 zephyr/kernel/libkernel.a(poll.c.obj)
                0x0000000008007c58                z_impl_k_poll_signal_raise
 .text.boot_banner
                0x0000000008007ca8        0xc zephyr/kernel/libkernel.a(banner.c.obj)
                0x0000000008007ca8                boot_banner
 .text.k_sys_work_q_init
                0x0000000008007cb4       0x2c zephyr/kernel/libkernel.a(system_work_q.c.obj)
 .text.snprintf
                0x0000000008007ce0       0x54 /home/elisa/zephyr-sdk-0.17.2/arm-zephyr-eabi/bin/../lib/gcc/../../picolibc/arm-zephyr-eabi/lib/thumb/v7e-m/nofp/libc.a(libc_tinystdio_snprintf.c.o)
                0x0000000008007ce0                snprintf
 .text.__l_vfprintf
                0x0000000008007d34      0x4b8 /home/elisa/zephyr-sdk-0.17.2/arm-zephyr-eabi/bin/../lib/gcc/../../picolibc/arm-zephyr-eabi/lib/thumb/v7e-m/nofp/libc.a(libc_tinystdio_vflprintf.c.o)
                0x0000000008007d34                __l_vfprintf
 .text._OffsetAbsSyms
                0x00000000080081ec        0x2 zephyr/CMakeFiles/offsets.dir/./arch/arm/core/offsets/offsets.c.obj
                0x00000000080081ec                _OffsetAbsSyms
 .text.chunk_size
                0x00000000080081ee        0xa zephyr/libzephyr.a(heap.c.obj)
 .text.free_list_add
                0x00000000080081f8       0x4e zephyr/libzephyr.a(heap.c.obj)
 .text.sys_heap_init
                0x0000000008008246       0x7a zephyr/libzephyr.a(heap.c.obj)
                0x0000000008008246                sys_heap_init
 .text.cbpprintf_external
                0x00000000080082c0       0x62 zephyr/libzephyr.a(cbprintf_packaged.c.obj)
                0x00000000080082c0                cbpprintf_external
 .text.is_ptr   0x0000000008008322       0x4a zephyr/libzephyr.a(cbprintf_packaged.c.obj)
                0x0000000008008322                is_ptr
 .text.arch_printk_char_out
                0x000000000800836c        0x4 zephyr/libzephyr.a(printk.c.obj)
                0x000000000800836c                arch_printk_char_out
 .text.printk   0x0000000008008370       0x1a zephyr/libzephyr.a(printk.c.obj)
                0x0000000008008370                printk
 .text.free_space
                0x000000000800838a       0x26 zephyr/libzephyr.a(mpsc_pbuf.c.obj)
 .text.get_usage
                0x00000000080083b0       0x22 zephyr/libzephyr.a(mpsc_pbuf.c.obj)
 .text.idx_inc  0x00000000080083d2       0x1c zephyr/libzephyr.a(mpsc_pbuf.c.obj)
 .text.rd_idx_inc
                0x00000000080083ee       0x18 zephyr/libzephyr.a(mpsc_pbuf.c.obj)
 .text.add_skip_item
                0x0000000008008406       0x3a zephyr/libzephyr.a(mpsc_pbuf.c.obj)
 .text.drop_item_locked
                0x0000000008008440      0x100 zephyr/libzephyr.a(mpsc_pbuf.c.obj)
 .text.post_drop_action
                0x0000000008008540       0x36 zephyr/libzephyr.a(mpsc_pbuf.c.obj)
 .text.max_utilization_update
                0x0000000008008576       0x1a zephyr/libzephyr.a(mpsc_pbuf.c.obj)
 .text.mpsc_pbuf_init
                0x0000000008008590       0x42 zephyr/libzephyr.a(mpsc_pbuf.c.obj)
                0x0000000008008590                mpsc_pbuf_init
 .text.mpsc_pbuf_alloc
                0x00000000080085d2       0xfe zephyr/libzephyr.a(mpsc_pbuf.c.obj)
                0x00000000080085d2                mpsc_pbuf_alloc
 .text.mpsc_pbuf_commit
                0x00000000080086d0       0x3e zephyr/libzephyr.a(mpsc_pbuf.c.obj)
                0x00000000080086d0                mpsc_pbuf_commit
 .text.mpsc_pbuf_claim
                0x000000000800870e       0xa8 zephyr/libzephyr.a(mpsc_pbuf.c.obj)
                0x000000000800870e                mpsc_pbuf_claim
 .text.mpsc_pbuf_free
                0x00000000080087b6       0x76 zephyr/libzephyr.a(mpsc_pbuf.c.obj)
                0x00000000080087b6                mpsc_pbuf_free
 .text.mpsc_pbuf_is_pending
                0x000000000800882c       0x32 zephyr/libzephyr.a(mpsc_pbuf.c.obj)
                0x000000000800882c                mpsc_pbuf_is_pending
 .text.rb_lessthan
                0x000000000800885e       0x2a zephyr/libzephyr.a(p4wq.c.obj)
 .text.find_and_stack
                0x0000000008008888       0x3a zephyr/libzephyr.a(rb.c.obj)
 .text.set_child
                0x00000000080088c2       0x12 zephyr/libzephyr.a(rb.c.obj)
 .text.rotate   0x00000000080088d4       0xa8 zephyr/libzephyr.a(rb.c.obj)
 .text.z_rb_get_minmax
                0x000000000800897c       0x1a zephyr/libzephyr.a(rb.c.obj)
                0x000000000800897c                z_rb_get_minmax
 .text.rb_remove
                0x0000000008008996      0x344 zephyr/libzephyr.a(rb.c.obj)
                0x0000000008008996                rb_remove
 .text._ConfigAbsSyms
                0x0000000008008cda        0x2 zephyr/libzephyr.a(configs.c.obj)
                0x0000000008008cda                _ConfigAbsSyms
 .text.log_msg_generic_get_wlen
                0x0000000008008cdc       0x20 zephyr/libzephyr.a(log_core.c.obj)
 .text.dummy_timestamp
                0x0000000008008cfc        0x4 zephyr/libzephyr.a(log_core.c.obj)
 .text.atomic_inc
                0x0000000008008d00       0x1a zephyr/libzephyr.a(log_core.c.obj)
 .text.default_lf_get_timestamp
                0x0000000008008d1a       0x10 zephyr/libzephyr.a(log_core.c.obj)
 .text.z_log_vprintk
                0x0000000008008d2a       0x1c zephyr/libzephyr.a(log_core.c.obj)
                0x0000000008008d2a                z_log_vprintk
 .text.z_log_notify_drop
                0x0000000008008d46        0x6 zephyr/libzephyr.a(log_core.c.obj)
 .text.z_log_get_tag
                0x0000000008008d4c        0x4 zephyr/libzephyr.a(log_core.c.obj)
                0x0000000008008d4c                z_log_get_tag
 .text.log_backend_enable
                0x0000000008008d50       0x12 zephyr/libzephyr.a(log_mgmt.c.obj)
                0x0000000008008d50                log_backend_enable
 .text.z_cbprintf_cpy
                0x0000000008008d62       0x2e zephyr/libzephyr.a(log_msg.c.obj)
 .text.z_log_msg_finalize
                0x0000000008008d90       0x32 zephyr/libzephyr.a(log_msg.c.obj)
                0x0000000008008d90                z_log_msg_finalize
 .text.z_log_msg_simple_create
                0x0000000008008dc2       0x6e zephyr/libzephyr.a(log_msg.c.obj)
 .text.z_impl_z_log_msg_simple_create_0
                0x0000000008008e30       0x12 zephyr/libzephyr.a(log_msg.c.obj)
                0x0000000008008e30                z_impl_z_log_msg_simple_create_0
 .text.z_impl_z_log_msg_simple_create_1
                0x0000000008008e42       0x14 zephyr/libzephyr.a(log_msg.c.obj)
                0x0000000008008e42                z_impl_z_log_msg_simple_create_1
 .text.z_impl_z_log_msg_simple_create_2
                0x0000000008008e56       0x18 zephyr/libzephyr.a(log_msg.c.obj)
                0x0000000008008e56                z_impl_z_log_msg_simple_create_2
 .text.log_output_write
                0x0000000008008e6e       0x1c zephyr/libzephyr.a(log_output.c.obj)
 .text.log_output_flush
                0x0000000008008e8a       0x1a zephyr/libzephyr.a(log_output.c.obj)
 .text.out_func
                0x0000000008008ea4       0x36 zephyr/libzephyr.a(log_output.c.obj)
 .text.cr_out_func
                0x0000000008008eda       0x1c zephyr/libzephyr.a(log_output.c.obj)
 .text.log_output_msg_process
                0x0000000008008ef6       0x6a zephyr/libzephyr.a(log_output.c.obj)
                0x0000000008008ef6                log_output_msg_process
 .text.format_set
                0x0000000008008f60        0xc zephyr/libzephyr.a(log_backend_uart.c.obj)
 .text.log_backend_uart_init
                0x0000000008008f6c        0xc zephyr/libzephyr.a(log_backend_uart.c.obj)
 .text.panic    0x0000000008008f78       0x32 zephyr/libzephyr.a(log_backend_uart.c.obj)
 .text.dropped  0x0000000008008faa        0xa zephyr/libzephyr.a(log_backend_uart.c.obj)
 .text.process  0x0000000008008fb4       0x1e zephyr/libzephyr.a(log_backend_uart.c.obj)
 .text.z_do_kernel_oops
                0x0000000008008fd2        0x8 zephyr/arch/arch/arm/core/libarch__arm__core.a(fatal.c.obj)
                0x0000000008008fd2                z_do_kernel_oops
 .text.z_arm_nmi
                0x0000000008008fda        0xe zephyr/arch/arch/arm/core/libarch__arm__core.a(nmi.c.obj)
                0x0000000008008fda                z_arm_nmi
 .text.z_log_msg_simple_create_0.constprop.0
                0x0000000008008fe8        0x8 zephyr/arch/arch/arm/core/cortex_m/libarch__arm__core__cortex_m.a(fault.c.obj)
 .text.z_irq_spurious
                0x0000000008008ff0        0x8 zephyr/arch/arch/arm/core/cortex_m/libarch__arm__core__cortex_m.a(irq_manage.c.obj)
                0x0000000008008ff0                z_irq_spurious
 .text.z_prep_c
                0x0000000008008ff8       0x16 zephyr/arch/arch/arm/core/cortex_m/libarch__arm__core__cortex_m.a(prep_c.c.obj)
                0x0000000008008ff8                z_prep_c
 .text.arch_irq_unlock_outlined
                0x000000000800900e        0xe zephyr/arch/arch/arm/core/cortex_m/libarch__arm__core__cortex_m.a(thread.c.obj)
                0x000000000800900e                arch_irq_unlock_outlined
 .text.arch_cpu_idle
                0x000000000800901c       0x1a zephyr/arch/arch/arm/core/cortex_m/libarch__arm__core__cortex_m.a(cpu_idle.c.obj)
                0x000000000800901c                arch_cpu_idle
 .text.size_to_mpu_rasr_size
                0x0000000008009036       0x20 zephyr/arch/arch/arm/core/mpu/libarch__arm__core__mpu.a(arm_mpu.c.obj)
 .text.cbputc   0x0000000008009056        0xc zephyr/lib/libc/picolibc/liblib__libc__picolibc.a(cbprintf.c.obj)
 .text.picolibc_put
                0x0000000008009062        0xa zephyr/lib/libc/picolibc/liblib__libc__picolibc.a(stdio.c.obj)
 .text.stm32_exti_init
                0x000000000800906c       0x92 zephyr/drivers/interrupt_controller/libdrivers__interrupt_controller.a(intc_exti_stm32.c.obj)
 .text.stm32_gpio_intc_get_pin_irq_line
                0x00000000080090fe        0x6 zephyr/drivers/interrupt_controller/libdrivers__interrupt_controller.a(intc_exti_stm32.c.obj)
                0x00000000080090fe                stm32_gpio_intc_get_pin_irq_line
 .text.stm32_exti_set_line_src_port
                0x0000000008009104       0x3c zephyr/drivers/interrupt_controller/libdrivers__interrupt_controller.a(intc_exti_stm32.c.obj)
                0x0000000008009104                stm32_exti_set_line_src_port
 .text.adc_stm32_isr_18_init
                0x0000000008009140       0x16 zephyr/drivers/adc/libdrivers__adc.a(adc_stm32.c.obj)
 .text.z_log_msg_simple_create_0.constprop.0
                0x0000000008009156        0x8 zephyr/drivers/adc/libdrivers__adc.a(adc_stm32.c.obj)
 .text.adc_context_start_sampling
                0x000000000800915e       0x1e zephyr/drivers/adc/libdrivers__adc.a(adc_stm32.c.obj)
 .text.adc_context_on_timer_expired
                0x000000000800917c       0x2e zephyr/drivers/adc/libdrivers__adc.a(adc_stm32.c.obj)
 .text.adc_stm32_enable.isra.0
                0x00000000080091aa       0x32 zephyr/drivers/adc/libdrivers__adc.a(adc_stm32.c.obj)
 .text.adc_stm32_disable
                0x00000000080091dc       0x3a zephyr/drivers/adc/libdrivers__adc.a(adc_stm32.c.obj)
 .text.LL_RCC_HSI_IsReady
                0x0000000008009216        0xc zephyr/drivers/clock_control/libdrivers__clock_control.a(clock_stm32_ll_common.c.obj)
 .text.stm32_clock_control_on
                0x0000000008009222       0x3c zephyr/drivers/clock_control/libdrivers__clock_control.a(clock_stm32_ll_common.c.obj)
 .text.stm32_clock_control_off
                0x000000000800925e       0x28 zephyr/drivers/clock_control/libdrivers__clock_control.a(clock_stm32_ll_common.c.obj)
 .text.enabled_clock
                0x0000000008009286       0x1e zephyr/drivers/clock_control/libdrivers__clock_control.a(clock_stm32_ll_common.c.obj)
                0x0000000008009286                enabled_clock
 .text.stm32_clock_control_configure
                0x00000000080092a4       0x4a zephyr/drivers/clock_control/libdrivers__clock_control.a(clock_stm32_ll_common.c.obj)
 .text.stm32_clock_control_get_status
                0x00000000080092ee       0x34 zephyr/drivers/clock_control/libdrivers__clock_control.a(clock_stm32_ll_common.c.obj)
 .text.config_regulator_voltage
                0x0000000008009322        0x2 zephyr/drivers/clock_control/libdrivers__clock_control.a(clock_stm32_ll_common.c.obj)
                0x0000000008009322                config_regulator_voltage
 .text.config_enable_default_clocks
                0x0000000008009324        0x2 zephyr/drivers/clock_control/libdrivers__clock_control.a(clock_stm32l4_l5_wb_wl.c.obj)
                0x0000000008009324                config_enable_default_clocks
 .text.gpio_stm32_port_get_raw
                0x0000000008009326        0xc zephyr/drivers/gpio/libdrivers__gpio.a(gpio_stm32.c.obj)
 .text.gpio_stm32_port_set_masked_raw
                0x0000000008009332       0x12 zephyr/drivers/gpio/libdrivers__gpio.a(gpio_stm32.c.obj)
 .text.gpio_stm32_port_set_bits_raw
                0x0000000008009344        0xa zephyr/drivers/gpio/libdrivers__gpio.a(gpio_stm32.c.obj)
 .text.gpio_stm32_port_clear_bits_raw
                0x000000000800934e        0xa zephyr/drivers/gpio/libdrivers__gpio.a(gpio_stm32.c.obj)
 .text.gpio_stm32_port_toggle_bits
                0x0000000008009358        0xe zephyr/drivers/gpio/libdrivers__gpio.a(gpio_stm32.c.obj)
 .text.gpio_stm32_manage_callback
                0x0000000008009366       0x52 zephyr/drivers/gpio/libdrivers__gpio.a(gpio_stm32.c.obj)
 .text.gpio_stm32_configure_raw.isra.0
                0x00000000080093b8      0x106 zephyr/drivers/gpio/libdrivers__gpio.a(gpio_stm32.c.obj)
 .text.gpio_stm32_config
                0x00000000080094be       0xd4 zephyr/drivers/gpio/libdrivers__gpio.a(gpio_stm32.c.obj)
 .text.gpio_stm32_isr
                0x0000000008009592       0x2c zephyr/drivers/gpio/libdrivers__gpio.a(gpio_stm32.c.obj)
 .text.gpio_stm32_configure
                0x00000000080095be       0x2a zephyr/drivers/gpio/libdrivers__gpio.a(gpio_stm32.c.obj)
                0x00000000080095be                gpio_stm32_configure
 .text.i2c_stm32_irq_config_func_0
                0x00000000080095e8       0x26 zephyr/drivers/i2c/libdrivers__i2c.a(i2c_ll_stm32.c.obj)
 .text.i2c_stm32_transfer
                0x000000000800960e       0x8e zephyr/drivers/i2c/libdrivers__i2c.a(i2c_ll_stm32.c.obj)
 .text.i2c_stm32_get_config
                0x000000000800969c       0x14 zephyr/drivers/i2c/libdrivers__i2c.a(i2c_ll_stm32.c.obj)
                0x000000000800969c                i2c_stm32_get_config
 .text.i2c_stm32_event_isr
                0x00000000080096b0        0x4 zephyr/drivers/i2c/libdrivers__i2c.a(i2c_ll_stm32_common.c.obj)
                0x00000000080096b0                i2c_stm32_event_isr
 .text.i2c_stm32_error_isr
                0x00000000080096b4        0x4 zephyr/drivers/i2c/libdrivers__i2c.a(i2c_ll_stm32_common.c.obj)
                0x00000000080096b4                i2c_stm32_error_isr
 .text.i2c_stm32_disable_transfer_interrupts
                0x00000000080096b8       0x3e zephyr/drivers/i2c/libdrivers__i2c.a(i2c_ll_stm32_v2.c.obj)
 .text.i2c_stm32_enable_transfer_interrupts.isra.0
                0x00000000080096f6       0x24 zephyr/drivers/i2c/libdrivers__i2c.a(i2c_ll_stm32_v2.c.obj)
 .text.i2c_stm32_master_mode_end
                0x000000000800971a       0x32 zephyr/drivers/i2c/libdrivers__i2c.a(i2c_ll_stm32_v2.c.obj)
 .text.i2c_stm32_event
                0x000000000800974c       0x8c zephyr/drivers/i2c/libdrivers__i2c.a(i2c_ll_stm32_v2.c.obj)
                0x000000000800974c                i2c_stm32_event
 .text.i2c_stm32_error
                0x00000000080097d8       0x3e zephyr/drivers/i2c/libdrivers__i2c.a(i2c_ll_stm32_v2.c.obj)
                0x00000000080097d8                i2c_stm32_error
 .text.i2c_stm32_transaction
                0x0000000008009816      0x14e zephyr/drivers/i2c/libdrivers__i2c.a(i2c_ll_stm32_v2.c.obj)
                0x0000000008009816                i2c_stm32_transaction
 .text.timer_work_handler
                0x0000000008009964        0x4 zephyr/drivers/lora/libloramac-node.a(hal_common.c.obj)
 .text.k_uptime_get_32
                0x0000000008009968       0x10 zephyr/drivers/lora/libloramac-node.a(hal_common.c.obj)
 .text.RtcGetTimerValue
                0x0000000008009978        0x4 zephyr/drivers/lora/libloramac-node.a(hal_common.c.obj)
                0x0000000008009978                RtcGetTimerValue
 .text.RtcGetMinimumTimeout
                0x000000000800997c        0x4 zephyr/drivers/lora/libloramac-node.a(hal_common.c.obj)
                0x000000000800997c                RtcGetMinimumTimeout
 .text.DelayMsMcu
                0x0000000008009980        0xa zephyr/drivers/lora/libloramac-node.a(hal_common.c.obj)
                0x0000000008009980                DelayMsMcu
 .text.RtcMs2Tick
                0x000000000800998a        0x2 zephyr/drivers/lora/libloramac-node.a(hal_common.c.obj)
                0x000000000800998a                RtcMs2Tick
 .text.RtcTick2Ms
                0x000000000800998c        0x2 zephyr/drivers/lora/libloramac-node.a(hal_common.c.obj)
                0x000000000800998c                RtcTick2Ms
 .text.BoardCriticalSectionBegin
                0x000000000800998e       0x12 zephyr/drivers/lora/libloramac-node.a(hal_common.c.obj)
                0x000000000800998e                BoardCriticalSectionBegin
 .text.BoardCriticalSectionEnd
                0x00000000080099a0        0xc zephyr/drivers/lora/libloramac-node.a(hal_common.c.obj)
                0x00000000080099a0                BoardCriticalSectionEnd
 .text.sx12xx_ev_tx_timed_out
                0x00000000080099ac        0x4 zephyr/drivers/lora/libloramac-node.a(sx12xx_common.c.obj)
 .text.gpio_pin_set.isra.0
                0x00000000080099b0       0x20 zephyr/drivers/lora/libloramac-node.a(sx126x.c.obj)
 .text.SX126xAntSwOn
                0x00000000080099d0        0x2 zephyr/drivers/lora/libloramac-node.a(sx126x.c.obj)
                0x00000000080099d0                SX126xAntSwOn
 .text.SX126xAntSwOff
                0x00000000080099d2        0x2 zephyr/drivers/lora/libloramac-node.a(sx126x.c.obj)
                0x00000000080099d2                SX126xAntSwOff
 .text.SX126xGetBoardTcxoWakeupTime
                0x00000000080099d4        0x4 zephyr/drivers/lora/libloramac-node.a(sx126x.c.obj)
                0x00000000080099d4                SX126xGetBoardTcxoWakeupTime
 .text.SX126xGetDeviceId
                0x00000000080099d8        0x4 zephyr/drivers/lora/libloramac-node.a(sx126x.c.obj)
                0x00000000080099d8                SX126xGetDeviceId
 .text.SX126xIoTcxoInit
                0x00000000080099dc       0x18 zephyr/drivers/lora/libloramac-node.a(sx126x.c.obj)
                0x00000000080099dc                SX126xIoTcxoInit
 .text.SX126xIoRfSwitchInit
                0x00000000080099f4        0x6 zephyr/drivers/lora/libloramac-node.a(sx126x.c.obj)
                0x00000000080099f4                SX126xIoRfSwitchInit
 .text.SX126xSetRfTxPower
                0x00000000080099fa        0x6 zephyr/drivers/lora/libloramac-node.a(sx126x.c.obj)
                0x00000000080099fa                SX126xSetRfTxPower
 .text.SX126xWriteBuffer
                0x0000000008009a00       0x22 zephyr/drivers/lora/libloramac-node.a(sx126x.c.obj)
                0x0000000008009a00                SX126xWriteBuffer
 .text.SX126xReadBuffer
                0x0000000008009a22       0x26 zephyr/drivers/lora/libloramac-node.a(sx126x.c.obj)
                0x0000000008009a22                SX126xReadBuffer
 .text.SX126xWriteCommand
                0x0000000008009a48       0x1c zephyr/drivers/lora/libloramac-node.a(sx126x.c.obj)
                0x0000000008009a48                SX126xWriteCommand
 .text.SX126xReadCommand
                0x0000000008009a64       0x24 zephyr/drivers/lora/libloramac-node.a(sx126x.c.obj)
                0x0000000008009a64                SX126xReadCommand
 .text.SX126xWriteRegisters
                0x0000000008009a88       0x28 zephyr/drivers/lora/libloramac-node.a(sx126x.c.obj)
                0x0000000008009a88                SX126xWriteRegisters
 .text.SX126xWriteRegister
                0x0000000008009ab0       0x16 zephyr/drivers/lora/libloramac-node.a(sx126x.c.obj)
                0x0000000008009ab0                SX126xWriteRegister
 .text.SX126xReadRegisters
                0x0000000008009ac6       0x2c zephyr/drivers/lora/libloramac-node.a(sx126x.c.obj)
                0x0000000008009ac6                SX126xReadRegisters
 .text.SX126xReadRegister
                0x0000000008009af2       0x16 zephyr/drivers/lora/libloramac-node.a(sx126x.c.obj)
                0x0000000008009af2                SX126xReadRegister
 .text.radio_isr
                0x0000000008009b08       0x16 zephyr/drivers/lora/libloramac-node.a(sx126x_stm32wl.c.obj)
 .text.sx126x_reset
                0x0000000008009b1e       0x32 zephyr/drivers/lora/libloramac-node.a(sx126x_stm32wl.c.obj)
                0x0000000008009b1e                sx126x_reset
 .text.sx126x_get_dio1_pin_state
                0x0000000008009b50        0x4 zephyr/drivers/lora/libloramac-node.a(sx126x_stm32wl.c.obj)
                0x0000000008009b50                sx126x_get_dio1_pin_state
 .text.sx126x_dio1_irq_disable
                0x0000000008009b54        0x6 zephyr/drivers/lora/libloramac-node.a(sx126x_stm32wl.c.obj)
                0x0000000008009b54                sx126x_dio1_irq_disable
 .text.sx126x_set_tx_params
                0x0000000008009b5a       0x58 zephyr/drivers/lora/libloramac-node.a(sx126x_stm32wl.c.obj)
                0x0000000008009b5a                sx126x_set_tx_params
 .text.TimerSetTimeout
                0x0000000008009bb2       0x2c zephyr/drivers/lora/libloramac-node.a(timer.c.obj)
 .text.TimerInit
                0x0000000008009bde       0x10 zephyr/drivers/lora/libloramac-node.a(timer.c.obj)
                0x0000000008009bde                TimerInit
 .text.TimerSetValue
                0x0000000008009bee       0x22 zephyr/drivers/lora/libloramac-node.a(timer.c.obj)
                0x0000000008009bee                TimerSetValue
 .text.TimerGetCurrentTime
                0x0000000008009c10        0xe zephyr/drivers/lora/libloramac-node.a(timer.c.obj)
                0x0000000008009c10                TimerGetCurrentTime
 .text.TimerGetElapsedTime
                0x0000000008009c1e       0x1e zephyr/drivers/lora/libloramac-node.a(timer.c.obj)
                0x0000000008009c1e                TimerGetElapsedTime
 .text.DelayMs  0x0000000008009c3c        0x4 zephyr/drivers/lora/libloramac-node.a(delay.c.obj)
                0x0000000008009c3c                DelayMs
 .text.SX126xCheckDeviceReady
                0x0000000008009c40       0x22 zephyr/drivers/lora/libloramac-node.a(sx126x.c.obj)
                0x0000000008009c40                SX126xCheckDeviceReady
 .text.SX126xSetPayload
                0x0000000008009c62        0xa zephyr/drivers/lora/libloramac-node.a(sx126x.c.obj)
                0x0000000008009c62                SX126xSetPayload
 .text.SX126xSetSyncWord
                0x0000000008009c6c       0x12 zephyr/drivers/lora/libloramac-node.a(sx126x.c.obj)
                0x0000000008009c6c                SX126xSetSyncWord
 .text.SX126xSetStandby
                0x0000000008009c7e       0x28 zephyr/drivers/lora/libloramac-node.a(sx126x.c.obj)
                0x0000000008009c7e                SX126xSetStandby
 .text.SX126xSetTx
                0x0000000008009ca6       0x28 zephyr/drivers/lora/libloramac-node.a(sx126x.c.obj)
                0x0000000008009ca6                SX126xSetTx
 .text.SX126xSendPayload
                0x0000000008009cce       0x12 zephyr/drivers/lora/libloramac-node.a(sx126x.c.obj)
                0x0000000008009cce                SX126xSendPayload
 .text.SX126xSetRx
                0x0000000008009ce0       0x32 zephyr/drivers/lora/libloramac-node.a(sx126x.c.obj)
                0x0000000008009ce0                SX126xSetRx
 .text.SX126xGetRandom
                0x0000000008009d12       0x68 zephyr/drivers/lora/libloramac-node.a(sx126x.c.obj)
                0x0000000008009d12                SX126xGetRandom
 .text.SX126xSetRxBoosted
                0x0000000008009d7a       0x32 zephyr/drivers/lora/libloramac-node.a(sx126x.c.obj)
                0x0000000008009d7a                SX126xSetRxBoosted
 .text.SX126xSetRxDutyCycle
                0x0000000008009dac       0x34 zephyr/drivers/lora/libloramac-node.a(sx126x.c.obj)
                0x0000000008009dac                SX126xSetRxDutyCycle
 .text.SX126xSetCad
                0x0000000008009de0       0x16 zephyr/drivers/lora/libloramac-node.a(sx126x.c.obj)
                0x0000000008009de0                SX126xSetCad
 .text.SX126xSetTxContinuousWave
                0x0000000008009df6       0x16 zephyr/drivers/lora/libloramac-node.a(sx126x.c.obj)
                0x0000000008009df6                SX126xSetTxContinuousWave
 .text.SX126xSetStopRxTimerOnPreambleDetect
                0x0000000008009e0c       0x18 zephyr/drivers/lora/libloramac-node.a(sx126x.c.obj)
                0x0000000008009e0c                SX126xSetStopRxTimerOnPreambleDetect
 .text.SX126xSetLoRaSymbNumTimeout
                0x0000000008009e24       0x56 zephyr/drivers/lora/libloramac-node.a(sx126x.c.obj)
                0x0000000008009e24                SX126xSetLoRaSymbNumTimeout
 .text.SX126xSetRegulatorMode
                0x0000000008009e7a       0x18 zephyr/drivers/lora/libloramac-node.a(sx126x.c.obj)
                0x0000000008009e7a                SX126xSetRegulatorMode
 .text.SX126xCalibrate
                0x0000000008009e92       0x1c zephyr/drivers/lora/libloramac-node.a(sx126x.c.obj)
                0x0000000008009e92                SX126xCalibrate
 .text.SX126xSetPaConfig
                0x0000000008009eae       0x24 zephyr/drivers/lora/libloramac-node.a(sx126x.c.obj)
                0x0000000008009eae                SX126xSetPaConfig
 .text.SX126xSetDioIrqParams
                0x0000000008009ed2       0x2a zephyr/drivers/lora/libloramac-node.a(sx126x.c.obj)
                0x0000000008009ed2                SX126xSetDioIrqParams
 .text.SX126xGetIrqStatus
                0x0000000008009efc       0x1a zephyr/drivers/lora/libloramac-node.a(sx126x.c.obj)
                0x0000000008009efc                SX126xGetIrqStatus
 .text.SX126xSetDio2AsRfSwitchCtrl
                0x0000000008009f16       0x18 zephyr/drivers/lora/libloramac-node.a(sx126x.c.obj)
                0x0000000008009f16                SX126xSetDio2AsRfSwitchCtrl
 .text.SX126xSetDio3AsTcxoCtrl
                0x0000000008009f2e       0x28 zephyr/drivers/lora/libloramac-node.a(sx126x.c.obj)
                0x0000000008009f2e                SX126xSetDio3AsTcxoCtrl
 .text.SX126xSetTxParams
                0x0000000008009f56       0x86 zephyr/drivers/lora/libloramac-node.a(sx126x.c.obj)
                0x0000000008009f56                SX126xSetTxParams
 .text.SX126xSetBufferBaseAddress
                0x0000000008009fdc       0x1a zephyr/drivers/lora/libloramac-node.a(sx126x.c.obj)
                0x0000000008009fdc                SX126xSetBufferBaseAddress
 .text.SX126xGetRssiInst
                0x0000000008009ff6       0x1a zephyr/drivers/lora/libloramac-node.a(sx126x.c.obj)
                0x0000000008009ff6                SX126xGetRssiInst
 .text.SX126xGetPayload
                0x000000000800a010       0x32 zephyr/drivers/lora/libloramac-node.a(sx126x.c.obj)
                0x000000000800a010                SX126xGetPayload
 .text.SX126xClearIrqStatus
                0x000000000800a042       0x18 zephyr/drivers/lora/libloramac-node.a(sx126x.c.obj)
                0x000000000800a042                SX126xClearIrqStatus
 .text.RadioCheckRfFrequency
                0x000000000800a05a        0x4 zephyr/drivers/lora/libloramac-node.a(radio.c.obj)
                0x000000000800a05a                RadioCheckRfFrequency
 .text.RadioStandby
                0x000000000800a05e        0x6 zephyr/drivers/lora/libloramac-node.a(radio.c.obj)
                0x000000000800a05e                RadioStandby
 .text.RadioSetChannel
                0x000000000800a064        0x4 zephyr/drivers/lora/libloramac-node.a(radio.c.obj)
                0x000000000800a064                RadioSetChannel
 .text.RadioRead
                0x000000000800a068        0x6 zephyr/drivers/lora/libloramac-node.a(radio.c.obj)
                0x000000000800a068                RadioRead
 .text.RadioWrite
                0x000000000800a06e        0x6 zephyr/drivers/lora/libloramac-node.a(radio.c.obj)
                0x000000000800a06e                RadioWrite
 .text.RadioSleep
                0x000000000800a074       0x14 zephyr/drivers/lora/libloramac-node.a(radio.c.obj)
                0x000000000800a074                RadioSleep
 .text.RadioSetRxDutyCycle
                0x000000000800a088        0x4 zephyr/drivers/lora/libloramac-node.a(radio.c.obj)
                0x000000000800a088                RadioSetRxDutyCycle
 .text.RadioReadBuffer
                0x000000000800a08c        0x6 zephyr/drivers/lora/libloramac-node.a(radio.c.obj)
                0x000000000800a08c                RadioReadBuffer
 .text.RadioWriteBuffer
                0x000000000800a092        0x6 zephyr/drivers/lora/libloramac-node.a(radio.c.obj)
                0x000000000800a092                RadioWriteBuffer
 .text.RadioStartCad
                0x000000000800a098       0x18 zephyr/drivers/lora/libloramac-node.a(radio.c.obj)
                0x000000000800a098                RadioStartCad
 .text.RadioRssi
                0x000000000800a0b0        0x8 zephyr/drivers/lora/libloramac-node.a(radio.c.obj)
                0x000000000800a0b0                RadioRssi
 .text.RadioGetWakeupTime
                0x000000000800a0b8        0xa zephyr/drivers/lora/libloramac-node.a(radio.c.obj)
                0x000000000800a0b8                RadioGetWakeupTime
 .text.RadioIsChannelFree
                0x000000000800a0c2       0x7a zephyr/drivers/lora/libloramac-node.a(radio.c.obj)
                0x000000000800a0c2                RadioIsChannelFree
 .text.RadioRandom
                0x000000000800a13c       0x1a zephyr/drivers/lora/libloramac-node.a(radio.c.obj)
                0x000000000800a13c                RadioRandom
 .text.RadioAddRegisterToRetentionList
                0x000000000800a156       0x6a zephyr/drivers/lora/libloramac-node.a(radio.c.obj)
                0x000000000800a156                RadioAddRegisterToRetentionList
 .text.pinctrl_lookup_state
                0x000000000800a1c0       0x26 zephyr/drivers/pinctrl/libdrivers__pinctrl.a(common.c.obj)
                0x000000000800a1c0                pinctrl_lookup_state
 .text.reset_stm32_status
                0x000000000800a1e6       0x20 zephyr/drivers/reset/libdrivers__reset.a(reset_stm32.c.obj)
 .text.reset_stm32_line_assert
                0x000000000800a206       0x1c zephyr/drivers/reset/libdrivers__reset.a(reset_stm32.c.obj)
 .text.reset_stm32_line_deassert
                0x000000000800a222       0x1e zephyr/drivers/reset/libdrivers__reset.a(reset_stm32.c.obj)
 .text.reset_stm32_line_toggle
                0x000000000800a240       0x16 zephyr/drivers/reset/libdrivers__reset.a(reset_stm32.c.obj)
 .text.stm32_vbat_channel_get
                0x000000000800a256       0x44 zephyr/drivers/sensor/st/stm32_vbat/libdrivers__sensor__st__stm32_vbat.a(stm32_vbat.c.obj)
 .text.stm32_vref_channel_get
                0x000000000800a29a       0x4a zephyr/drivers/sensor/st/stm32_vref/libdrivers__sensor__st__stm32_vref.a(stm32_vref.c.obj)
 .text.sensor_decoders_init
                0x000000000800a2e4        0x4 zephyr/drivers/sensor/libdrivers__sensor.a(sensor_decoders_init.c.obj)
 .text.uart_stm32_ll2cfg_databits
                0x000000000800a2e8       0x2a zephyr/drivers/serial/libdrivers__serial.a(uart_stm32.c.obj)
 .text.uart_stm32_err_check
                0x000000000800a312       0x5a zephyr/drivers/serial/libdrivers__serial.a(uart_stm32.c.obj)
 .text.uart_stm32_poll_out
                0x000000000800a36c       0x36 zephyr/drivers/serial/libdrivers__serial.a(uart_stm32.c.obj)
 .text.uart_stm32_poll_in
                0x000000000800a3a2       0x20 zephyr/drivers/serial/libdrivers__serial.a(uart_stm32.c.obj)
 .text.uart_stm32_config_get
                0x000000000800a3c2       0x92 zephyr/drivers/serial/libdrivers__serial.a(uart_stm32.c.obj)
 .text.uart_stm32_parameters_set
                0x000000000800a454      0x136 zephyr/drivers/serial/libdrivers__serial.a(uart_stm32.c.obj)
 .text.spi_context_get_next_buf
                0x000000000800a58a       0x2c zephyr/drivers/spi/libdrivers__spi.a(spi_ll_stm32.c.obj)
 .text.spi_context_buffers_setup
                0x000000000800a5b6       0x5e zephyr/drivers/spi/libdrivers__spi.a(spi_ll_stm32.c.obj)
 .text.ll_func_disable_spi
                0x000000000800a614       0x1a zephyr/drivers/spi/libdrivers__spi.a(spi_ll_stm32.c.obj)
 .text.spi_stm32_send_next_frame
                0x000000000800a62e       0x90 zephyr/drivers/spi/libdrivers__spi.a(spi_ll_stm32.c.obj)
 .text.spi_stm32_read_next_frame
                0x000000000800a6be       0x84 zephyr/drivers/spi/libdrivers__spi.a(spi_ll_stm32.c.obj)
 .text.gpio_pin_set_dt.isra.0
                0x000000000800a742       0x28 zephyr/drivers/spi/libdrivers__spi.a(spi_ll_stm32.c.obj)
 .text.spi_context_unlock_unconditionally
                0x000000000800a76a       0x30 zephyr/drivers/spi/libdrivers__spi.a(spi_ll_stm32.c.obj)
 .text.spi_stm32_release
                0x000000000800a79a       0x14 zephyr/drivers/spi/libdrivers__spi.a(spi_ll_stm32.c.obj)
 .text.z_impl_k_busy_wait
                0x000000000800a7ae       0x1c zephyr/kernel/libkernel.a(busy_wait.c.obj)
                0x000000000800a7ae                z_impl_k_busy_wait
 .text.z_device_state_init
                0x000000000800a7ca        0x2 zephyr/kernel/libkernel.a(device.c.obj)
                0x000000000800a7ca                z_device_state_init
 .text.z_impl_device_is_ready
                0x000000000800a7cc       0x16 zephyr/kernel/libkernel.a(device.c.obj)
                0x000000000800a7cc                z_impl_device_is_ready
 .text.arch_system_halt
                0x000000000800a7e2       0x10 zephyr/kernel/libkernel.a(fatal.c.obj)
                0x000000000800a7e2                arch_system_halt
 .text.do_device_init
                0x000000000800a7f2       0x2e zephyr/kernel/libkernel.a(init.c.obj)
 .text.z_early_memset
                0x000000000800a820        0x4 zephyr/kernel/libkernel.a(init.c.obj)
                0x000000000800a820                z_early_memset
 .text.z_early_memcpy
                0x000000000800a824        0x4 zephyr/kernel/libkernel.a(init.c.obj)
                0x000000000800a824                z_early_memcpy
 .text.create_free_list
                0x000000000800a828       0x34 zephyr/kernel/libkernel.a(mem_slab.c.obj)
 .text.k_mem_slab_free
                0x000000000800a85c       0x6e zephyr/kernel/libkernel.a(mem_slab.c.obj)
                0x000000000800a85c                k_mem_slab_free
 .text.idle     0x000000000800a8ca       0x16 zephyr/kernel/libkernel.a(idle.c.obj)
                0x000000000800a8ca                idle
 .text.adjust_owner_prio.isra.0
                0x000000000800a8e0       0x10 zephyr/kernel/libkernel.a(mutex.c.obj)
 .text.z_impl_k_mutex_init
                0x000000000800a8f0        0xe zephyr/kernel/libkernel.a(mutex.c.obj)
                0x000000000800a8f0                z_impl_k_mutex_init
 .text.z_impl_k_sem_init
                0x000000000800a8fe       0x20 zephyr/kernel/libkernel.a(sem.c.obj)
                0x000000000800a8fe                z_impl_k_sem_init
 .text.flag_test_and_clear
                0x000000000800a91e       0x16 zephyr/kernel/libkernel.a(work.c.obj)
 .text.notify_queue_locked.isra.0
                0x000000000800a934        0xe zephyr/kernel/libkernel.a(work.c.obj)
 .text.k_work_init
                0x000000000800a942       0x12 zephyr/kernel/libkernel.a(work.c.obj)
                0x000000000800a942                k_work_init
 .text.z_work_submit_to_queue
                0x000000000800a954       0x26 zephyr/kernel/libkernel.a(work.c.obj)
                0x000000000800a954                z_work_submit_to_queue
 .text.k_work_submit_to_queue
                0x000000000800a97a       0x20 zephyr/kernel/libkernel.a(work.c.obj)
                0x000000000800a97a                k_work_submit_to_queue
 .text.k_is_in_isr
                0x000000000800a99a        0xc zephyr/kernel/libkernel.a(thread.c.obj)
                0x000000000800a99a                k_is_in_isr
 .text.z_impl_k_thread_name_set
                0x000000000800a9a6        0x6 zephyr/kernel/libkernel.a(thread.c.obj)
                0x000000000800a9a6                z_impl_k_thread_name_set
 .text.k_thread_name_get
                0x000000000800a9ac        0x4 zephyr/kernel/libkernel.a(thread.c.obj)
                0x000000000800a9ac                k_thread_name_get
 .text.sys_dlist_remove
                0x000000000800a9b0       0x10 zephyr/kernel/libkernel.a(sched.c.obj)
 .text.unpend_thread_no_timeout
                0x000000000800a9c0       0x14 zephyr/kernel/libkernel.a(sched.c.obj)
 .text.add_to_waitq_locked
                0x000000000800a9d4       0x5a zephyr/kernel/libkernel.a(sched.c.obj)
 .text.z_ready_thread
                0x000000000800aa2e       0x1e zephyr/kernel/libkernel.a(sched.c.obj)
                0x000000000800aa2e                z_ready_thread
 .text.z_unpend_thread_no_timeout
                0x000000000800aa4c       0x22 zephyr/kernel/libkernel.a(sched.c.obj)
                0x000000000800aa4c                z_unpend_thread_no_timeout
 .text.z_sched_wake_thread
                0x000000000800aa6e       0x3a zephyr/kernel/libkernel.a(sched.c.obj)
                0x000000000800aa6e                z_sched_wake_thread
 .text.z_thread_timeout
                0x000000000800aaa8        0x8 zephyr/kernel/libkernel.a(sched.c.obj)
                0x000000000800aaa8                z_thread_timeout
 .text.z_unpend1_no_timeout
                0x000000000800aab0       0x2c zephyr/kernel/libkernel.a(sched.c.obj)
                0x000000000800aab0                z_unpend1_no_timeout
 .text.z_unpend_thread
                0x000000000800aadc       0x10 zephyr/kernel/libkernel.a(sched.c.obj)
                0x000000000800aadc                z_unpend_thread
 .text.z_impl_k_sleep
                0x000000000800aaec       0x50 zephyr/kernel/libkernel.a(sched.c.obj)
                0x000000000800aaec                z_impl_k_sleep
 .text.z_impl_k_usleep
                0x000000000800ab3c       0x22 zephyr/kernel/libkernel.a(sched.c.obj)
                0x000000000800ab3c                z_impl_k_usleep
 .text.z_sched_wake
                0x000000000800ab5e       0x44 zephyr/kernel/libkernel.a(sched.c.obj)
                0x000000000800ab5e                z_sched_wake
 .text.next_timeout
                0x000000000800aba2       0x2e zephyr/kernel/libkernel.a(timeout.c.obj)
 .text.z_abort_timeout
                0x000000000800abd0       0x50 zephyr/kernel/libkernel.a(timeout.c.obj)
                0x000000000800abd0                z_abort_timeout
 .text.sys_clock_tick_get_32
                0x000000000800ac20        0x8 zephyr/kernel/libkernel.a(timeout.c.obj)
                0x000000000800ac20                sys_clock_tick_get_32
 .text.z_impl_k_uptime_ticks
                0x000000000800ac28        0x4 zephyr/kernel/libkernel.a(timeout.c.obj)
                0x000000000800ac28                z_impl_k_uptime_ticks
 .text.k_timer_init
                0x000000000800ac2c       0x18 zephyr/kernel/libkernel.a(timer.c.obj)
                0x000000000800ac2c                k_timer_init
 .text.z_impl_k_timer_stop
                0x000000000800ac44       0x38 zephyr/kernel/libkernel.a(timer.c.obj)
                0x000000000800ac44                z_impl_k_timer_stop
 .text.add_event
                0x000000000800ac7c       0x7a zephyr/kernel/libkernel.a(poll.c.obj)
 .text.register_events