Archive member included to satisfy reference by file (symbol)

app/libapp.a(main.c.obj)      (--whole-archive)
zephyr/libzephyr.a(crc32k_4_2_sw.c.obj)
                              (--whole-archive)
zephyr/libzephyr.a(crc32c_sw.c.obj)
                              (--whole-archive)
zephyr/libzephyr.a(crc32_sw.c.obj)
                              (--whole-archive)
zephyr/libzephyr.a(crc24_sw.c.obj)
                              (--whole-archive)
zephyr/libzephyr.a(crc16_sw.c.obj)
                              (--whole-archive)
zephyr/libzephyr.a(crc8_sw.c.obj)
                              (--whole-archive)
zephyr/libzephyr.a(crc7_sw.c.obj)
                              (--whole-archive)
zephyr/libzephyr.a(crc4_sw.c.obj)
                              (--whole-archive)
zephyr/libzephyr.a(heap.c.obj)
                              (--whole-archive)
zephyr/libzephyr.a(mem_blocks.c.obj)
                              (--whole-archive)
zephyr/libzephyr.a(cbprintf_packaged.c.obj)
                              (--whole-archive)
zephyr/libzephyr.a(clock.c.obj)
                              (--whole-archive)
zephyr/libzephyr.a(printk.c.obj)
                              (--whole-archive)
zephyr/libzephyr.a(sem.c.obj)
                              (--whole-archive)
zephyr/libzephyr.a(thread_entry.c.obj)
                              (--whole-archive)
zephyr/libzephyr.a(cbprintf_complete.c.obj)
                              (--whole-archive)
zephyr/libzephyr.a(assert.c.obj)
                              (--whole-archive)
zephyr/libzephyr.a(mpsc_pbuf.c.obj)
                              (--whole-archive)
zephyr/libzephyr.a(p4wq.c.obj)
                              (--whole-archive)
zephyr/libzephyr.a(dec.c.obj)
                              (--whole-archive)
zephyr/libzephyr.a(hex.c.obj)
                              (--whole-archive)
zephyr/libzephyr.a(rb.c.obj)  (--whole-archive)
zephyr/libzephyr.a(timeutil.c.obj)
                              (--whole-archive)
zephyr/libzephyr.a(bitarray.c.obj)
                              (--whole-archive)
zephyr/libzephyr.a(ring_buffer.c.obj)
                              (--whole-archive)
zephyr/libzephyr.a(last_section_id.c.obj)
                              (--whole-archive)
zephyr/libzephyr.a(configs.c.obj)
                              (--whole-archive)
zephyr/libzephyr.a(stm32cube_hal.c.obj)
                              (--whole-archive)
zephyr/libzephyr.a(soc_config.c.obj)
                              (--whole-archive)
zephyr/libzephyr.a(stm32_backup_domain.c.obj)
                              (--whole-archive)
zephyr/libzephyr.a(soc.c.obj)
                              (--whole-archive)
zephyr/libzephyr.a(log_core.c.obj)
                              (--whole-archive)
zephyr/libzephyr.a(log_mgmt.c.obj)
                              (--whole-archive)
zephyr/libzephyr.a(log_cache.c.obj)
                              (--whole-archive)
zephyr/libzephyr.a(log_msg.c.obj)
                              (--whole-archive)
zephyr/libzephyr.a(log_output.c.obj)
                              (--whole-archive)
zephyr/libzephyr.a(log_backend_uart.c.obj)
                              (--whole-archive)
zephyr/libzephyr.a(mem_attr.c.obj)
                              (--whole-archive)
zephyr/libzephyr.a(tracing_none.c.obj)
                              (--whole-archive)
zephyr/arch/common/libarch__common.a(sw_isr_common.c.obj)
                              (--whole-archive)
zephyr/arch/arch/arm/core/libarch__arm__core.a(fatal.c.obj)
                              (--whole-archive)
zephyr/arch/arch/arm/core/libarch__arm__core.a(nmi.c.obj)
                              (--whole-archive)
zephyr/arch/arch/arm/core/libarch__arm__core.a(nmi_on_reset.S.obj)
                              (--whole-archive)
zephyr/arch/arch/arm/core/libarch__arm__core.a(tls.c.obj)
                              (--whole-archive)
zephyr/arch/arch/arm/core/cortex_m/libarch__arm__core__cortex_m.a(exc_exit.c.obj)
                              (--whole-archive)
zephyr/arch/arch/arm/core/cortex_m/libarch__arm__core__cortex_m.a(fault.c.obj)
                              (--whole-archive)
zephyr/arch/arch/arm/core/cortex_m/libarch__arm__core__cortex_m.a(fault_s.S.obj)
                              (--whole-archive)
zephyr/arch/arch/arm/core/cortex_m/libarch__arm__core__cortex_m.a(fpu.c.obj)
                              (--whole-archive)
zephyr/arch/arch/arm/core/cortex_m/libarch__arm__core__cortex_m.a(reset.S.obj)
                              (--whole-archive)
zephyr/arch/arch/arm/core/cortex_m/libarch__arm__core__cortex_m.a(scb.c.obj)
                              (--whole-archive)
zephyr/arch/arch/arm/core/cortex_m/libarch__arm__core__cortex_m.a(thread_abort.c.obj)
                              (--whole-archive)
zephyr/arch/arch/arm/core/cortex_m/libarch__arm__core__cortex_m.a(vector_table.S.obj)
                              (--whole-archive)
[...]
Memory Configuration

Name             Origin             Length             Attributes
FLASH            0x0000000008000000 0x0000000000040000 xr
RAM              0x0000000020000000 0x0000000000010000 xw
IDT_LIST         0x00000000ffff7fff 0x0000000000008000 xw
*default*        0x0000000000000000 0xffffffffffffffff

Linker script and memory map

                0x000000000800f1f0                vfprintf = __l_vfprintf
                0x0000000000000000                vfscanf = __l_vfscanf
LOAD zephyr/CMakeFiles/zephyr_pre0.dir/misc/empty_file.c.obj
LOAD zephyr/CMakeFiles/offsets.dir/./arch/arm/core/offsets/offsets.c.obj
LOAD app/libapp.a
LOAD zephyr/libzephyr.a
LOAD zephyr/arch/common/libarch__common.a
LOAD zephyr/arch/arch/arm/core/libarch__arm__core.a
LOAD zephyr/arch/arch/arm/core/cortex_m/libarch__arm__core__cortex_m.a
LOAD zephyr/arch/arch/arm/core/mpu/libarch__arm__core__mpu.a
LOAD zephyr/lib/libc/picolibc/liblib__libc__picolibc.a
LOAD zephyr/lib/libc/common/liblib__libc__common.a
LOAD zephyr/subsys/lorawan/libloramac-node.a
LOAD zephyr/subsys/rtio/libsubsys__rtio.a
LOAD zephyr/drivers/interrupt_controller/libdrivers__interrupt_controller.a
LOAD zephyr/drivers/adc/libdrivers__adc.a
LOAD zephyr/drivers/clock_control/libdrivers__clock_control.a
LOAD zephyr/drivers/console/libdrivers__console.a
LOAD zephyr/drivers/gpio/libdrivers__gpio.a
LOAD zephyr/drivers/i2c/libdrivers__i2c.a
LOAD zephyr/drivers/pinctrl/libdrivers__pinctrl.a
LOAD zephyr/drivers/reset/libdrivers__reset.a
LOAD zephyr/drivers/sensor/sensirion/scd4x/libdrivers__sensor__sensirion__scd4x.a
LOAD zephyr/drivers/sensor/st/stm32_temp/libdrivers__sensor__st__stm32_temp.a
LOAD zephyr/drivers/sensor/st/stm32_vbat/libdrivers__sensor__st__stm32_vbat.a
LOAD zephyr/drivers/sensor/st/stm32_vref/libdrivers__sensor__st__stm32_vref.a
LOAD zephyr/drivers/sensor/libdrivers__sensor.a
LOAD zephyr/drivers/serial/libdrivers__serial.a
LOAD zephyr/drivers/spi/libdrivers__spi.a
LOAD zephyr/drivers/timer/libdrivers__timer.a
LOAD modules/hal_stm32/stm32cube/lib..__modules__hal__stm32__stm32cube.a
LOAD zephyr/kernel/libkernel.a
LOAD zephyr/arch/common/libisr_tables.a
LOAD /home/elisa/zephyr-sdk-0.17.2/arm-zephyr-eabi/bin/../lib/gcc/../../picolibc/arm-zephyr-eabi/lib/thumb/v7e-m/nofp/libc.a
LOAD /home/elisa/zephyr-sdk-0.17.2/arm-zephyr-eabi/bin/../lib/gcc/arm-zephyr-eabi/12.2.0/thumb/v7e-m/nofp/libgcc.a
                0x0000000000000020                _region_min_align = 0x20

.rel.plt        0x0000000008000000        0x0
 *(SORT_BY_ALIGNMENT(.rel.plt))
                [!provide]                        PROVIDE (__rel_iplt_start = .)
 *(SORT_BY_ALIGNMENT(.rel.iplt))
 .rel.iplt      0x0000000008000000        0x0 app/libapp.a(main.c.obj)
                [!provide]                        PROVIDE (__rel_iplt_end = .)

.rela.plt       0x0000000000000000        0x0
 *(SORT_BY_ALIGNMENT(.rela.plt))
                [!provide]                        PROVIDE (__rela_iplt_start = .)
 *(SORT_BY_ALIGNMENT(.rela.iplt))
                [!provide]                        PROVIDE (__rela_iplt_end = .)

.rel.dyn
 *(SORT_BY_ALIGNMENT(.rel.*))

.rela.dyn
 *(SORT_BY_ALIGNMENT(.rela.*))

/DISCARD/
 *(SORT_BY_ALIGNMENT(.plt))

/DISCARD/
 *(SORT_BY_ALIGNMENT(.iplt))
                0x0000000008000000                __rom_region_start = 0x8000000

rom_start       0x0000000008000000      0x138
                0x0000000008000000                __rom_start_address = .
 FILL mask 0x00
                0x0000000008000000                . = (. + (0x0 - (. - __rom_start_address)))
                0x0000000008000000                . = ALIGN (0x4)
                0x0000000008000000                . = ALIGN (0x80)
                0x0000000008000000                . = ALIGN (0x200)
                0x0000000008000000                _vector_start = .
 *(SORT_BY_ALIGNMENT(.exc_vector_table))
 *(SORT_BY_ALIGNMENT(.exc_vector_table.*))
 .exc_vector_table._vector_table_section
                0x0000000008000000       0x40 zephyr/arch/arch/arm/core/cortex_m/libarch__arm__core__cortex_m.a(vector_table.S.obj)
                0x0000000008000000                _vector_table
 *(SORT_BY_ALIGNMENT(.vectors))
                0x0000000008000138                _vector_end = .
                0x0000000008000040                . = ALIGN (0x4)
 *(SORT_BY_ALIGNMENT(.gnu.linkonce.irq_vector_table*))
 .gnu.linkonce.irq_vector_table
                0x0000000008000040       0xf8 zephyr/arch/common/libisr_tables.a(isr_tables.c.obj)
                0x0000000008000040                _irq_vector_table
                0x0000000008000138                _vector_end = .

text            0x0000000008000138    0x1409c
                0x0000000008000138                __text_region_start = .
 *(SORT_BY_ALIGNMENT(.text))
 .text          0x0000000008000138      0x378 /home/elisa/zephyr-sdk-0.17.2/arm-zephyr-eabi/bin/../lib/gcc/arm-zephyr-eabi/12.2.0/thumb/v7e-m/nofp/libgcc.a(_arm_addsubdf3.o)
                0x0000000008000138                __aeabi_drsub
                0x0000000008000140                __aeabi_dsub
                0x0000000008000140                __subdf3
                0x0000000008000144                __adddf3
                0x0000000008000144                __aeabi_dadd
                0x00000000080003bc                __aeabi_ui2d
                0x00000000080003bc                __floatunsidf
                0x00000000080003dc                __floatsidf
                0x00000000080003dc                __aeabi_i2d
                0x0000000008000400                __extendsfdf2
                0x0000000008000400                __aeabi_f2d
                0x0000000008000444                __aeabi_ul2d
                0x0000000008000444                __floatundidf
                0x0000000008000454                __floatdidf
                0x0000000008000454                __aeabi_l2d
 .text          0x00000000080004b0      0x424 /home/elisa/zephyr-sdk-0.17.2/arm-zephyr-eabi/bin/../lib/gcc/arm-zephyr-eabi/12.2.0/thumb/v7e-m/nofp/libgcc.a(_arm_muldivdf3.o)
                0x00000000080004b0                __aeabi_dmul
                0x00000000080004b0                __muldf3
                0x0000000008000704                __aeabi_ddiv
                0x0000000008000704                __divdf3
 .text          0x00000000080008d4       0x40 /home/elisa/zephyr-sdk-0.17.2/arm-zephyr-eabi/bin/../lib/gcc/arm-zephyr-eabi/12.2.0/thumb/v7e-m/nofp/libgcc.a(_arm_fixunsdfsi.o)
                0x00000000080008d4                __fixunsdfsi
                0x00000000080008d4                __aeabi_d2uiz
 .text          0x0000000008000914       0xa0 /home/elisa/zephyr-sdk-0.17.2/arm-zephyr-eabi/bin/../lib/gcc/arm-zephyr-eabi/12.2.0/thumb/v7e-m/nofp/libgcc.a(_arm_truncdfsf2.o)
                0x0000000008000914                __aeabi_d2f
                0x0000000008000914                __truncdfsf2
 .text          0x00000000080009b4      0x21c /home/elisa/zephyr-sdk-0.17.2/arm-zephyr-eabi/bin/../lib/gcc/arm-zephyr-eabi/12.2.0/thumb/v7e-m/nofp/libgcc.a(_arm_addsubsf3.o)
                0x00000000080009b4                __aeabi_frsub
                0x00000000080009bc                __subsf3
                0x00000000080009bc                __aeabi_fsub
                0x00000000080009c0                __aeabi_fadd
                0x00000000080009c0                __addsf3
                0x0000000008000b20                __aeabi_ui2f
                0x0000000008000b20                __floatunsisf
                0x0000000008000b28                __aeabi_i2f
                0x0000000008000b28                __floatsisf
                0x0000000008000b44                __floatundisf
                0x0000000008000b44                __aeabi_ul2f
                0x0000000008000b54                __floatdisf
                0x0000000008000b54                __aeabi_l2f
 .text          0x0000000008000bd0      0x2a0 /home/elisa/zephyr-sdk-0.17.2/arm-zephyr-eabi/bin/../lib/gcc/arm-zephyr-eabi/12.2.0/thumb/v7e-m/nofp/libgcc.a(_arm_muldivsf3.o)
                0x0000000008000bd0                __mulsf3
                0x0000000008000bd0                __aeabi_fmul
                0x0000000008000d38                __divsf3
                0x0000000008000d38                __aeabi_fdiv
 .text          0x0000000008000e70       0xec /home/elisa/zephyr-sdk-0.17.2/arm-zephyr-eabi/bin/../lib/gcc/arm-zephyr-eabi/12.2.0/thumb/v7e-m/nofp/libgcc.a(_arm_cmpsf2.o)
                0x0000000008000e70                __gtsf2
                0x0000000008000e70                __gesf2
                0x0000000008000e78                __lesf2
                0x0000000008000e78                __ltsf2
                0x0000000008000e80                __nesf2
                0x0000000008000e80                __eqsf2
                0x0000000008000e80                __cmpsf2
                0x0000000008000ee0                __aeabi_cfrcmple
                0x0000000008000ee8                __aeabi_cfcmple
                0x0000000008000ee8                __aeabi_cfcmpeq
                0x0000000008000ef8                __aeabi_fcmpeq
                0x0000000008000f0c                __aeabi_fcmplt
                0x0000000008000f20                __aeabi_fcmple
                0x0000000008000f34                __aeabi_fcmpge
                0x0000000008000f48                __aeabi_fcmpgt
 .text          0x0000000008000f5c       0x4c /home/elisa/zephyr-sdk-0.17.2/arm-zephyr-eabi/bin/../lib/gcc/arm-zephyr-eabi/12.2.0/thumb/v7e-m/nofp/libgcc.a(_arm_fixsfsi.o)
                0x0000000008000f5c                __fixsfsi
                0x0000000008000f5c                __aeabi_f2iz
 .text          0x0000000008000fa8       0x40 /home/elisa/zephyr-sdk-0.17.2/arm-zephyr-eabi/bin/../lib/gcc/arm-zephyr-eabi/12.2.0/thumb/v7e-m/nofp/libgcc.a(_arm_fixunssfsi.o)
                0x0000000008000fa8                __aeabi_f2uiz
                0x0000000008000fa8                __fixunssfsi
 .text          0x0000000008000fe8       0xa0 /home/elisa/zephyr-sdk-0.17.2/arm-zephyr-eabi/bin/../lib/gcc/arm-zephyr-eabi/12.2.0/thumb/v7e-m/nofp/libgcc.a(_aeabi_ldivmod.o)
                0x0000000008000fe8                __aeabi_ldivmod
 .text          0x0000000008001088       0x30 /home/elisa/zephyr-sdk-0.17.2/arm-zephyr-eabi/bin/../lib/gcc/arm-zephyr-eabi/12.2.0/thumb/v7e-m/nofp/libgcc.a(_aeabi_uldivmod.o)
                0x0000000008001088                __aeabi_uldivmod
 .text          0x00000000080010b8        0x4 /home/elisa/zephyr-sdk-0.17.2/arm-zephyr-eabi/bin/../lib/gcc/arm-zephyr-eabi/12.2.0/thumb/v7e-m/nofp/libgcc.a(_dvmd_tls.o)
                0x00000000080010b8                __aeabi_ldiv0
                0x00000000080010b8                __aeabi_idiv0
 .text          0x00000000080010bc       0x10 /home/elisa/zephyr-sdk-0.17.2/arm-zephyr-eabi/bin/../lib/gcc/../../picolibc/arm-zephyr-eabi/lib/thumb/v7e-m/nofp/libc.a(strlen.S.o)
                0x00000000080010bc                strlen
 .text          0x00000000080010cc       0x26 /home/elisa/zephyr-sdk-0.17.2/arm-zephyr-eabi/bin/../lib/gcc/arm-zephyr-eabi/12.2.0/thumb/v7e-m/nofp/libgcc.a(_popcountsi2.o)
                0x00000000080010cc                __popcountsi2
 .text          0x00000000080010f2      0x2a0 /home/elisa/zephyr-sdk-0.17.2/arm-zephyr-eabi/bin/../lib/gcc/arm-zephyr-eabi/12.2.0/thumb/v7e-m/nofp/libgcc.a(_udivmoddi4.o)
                0x00000000080010f2                __udivmoddi4
 *(SORT_BY_ALIGNMENT(.text.*))
 *fill*         0x0000000008001392        0x6 
 .text.main     0x0000000008001398      0x4fc app/libapp.a(main.c.obj)
                0x0000000008001398                main
 *fill*         0x0000000008001894        0x4 
 .text.scd4x_attr_set
                0x0000000008001898      0x218 zephyr/drivers/sensor/sensirion/scd4x/libdrivers__sensor__sensirion__scd4x.a(scd4x.c.obj)
                0x0000000008001898                scd4x_attr_set
 .text.dl_callback
                0x0000000008001ab0       0x8c app/libapp.a(main.c.obj)
 .text.cbvprintf_package
                0x0000000008001b3c      0x3a4 zephyr/libzephyr.a(cbprintf_packaged.c.obj)
                0x0000000008001b3c                cbvprintf_package
 .text.cbprintf_package_convert
                0x0000000008001ee0      0x3cc zephyr/libzephyr.a(cbprintf_packaged.c.obj)
                0x0000000008001ee0                cbprintf_package_convert
 .text.__printk_hook_install
                0x00000000080022ac        0xc zephyr/libzephyr.a(printk.c.obj)
                0x00000000080022ac                __printk_hook_install
 .text.z_thread_entry
                0x00000000080022b8       0x34 zephyr/libzephyr.a(thread_entry.c.obj)
                0x00000000080022b8                z_thread_entry
 .text.p4wq_loop
                0x00000000080022ec       0xe8 zephyr/libzephyr.a(p4wq.c.obj)
 .text.k_p4wq_init
                0x00000000080023d4       0x24 zephyr/libzephyr.a(p4wq.c.obj)
                0x00000000080023d4                k_p4wq_init
 .text.k_p4wq_add_thread
                0x00000000080023f8       0x34 zephyr/libzephyr.a(p4wq.c.obj)
                0x00000000080023f8                k_p4wq_add_thread
 .text.static_init
                0x000000000800242c       0x80 zephyr/libzephyr.a(p4wq.c.obj)
 .text.k_p4wq_submit
                0x00000000080024ac      0x110 zephyr/libzephyr.a(p4wq.c.obj)
                0x00000000080024ac                k_p4wq_submit
 .text.st_stm32_common_config
                0x00000000080025bc       0x14 zephyr/libzephyr.a(soc_config.c.obj)
 .text.stm32_backup_domain_enable_access
                0x00000000080025d0       0x3c zephyr/libzephyr.a(stm32_backup_domain.c.obj)
                0x00000000080025d0                stm32_backup_domain_enable_access
 .text.stm32_backup_domain_disable_access
                0x000000000800260c       0x60 zephyr/libzephyr.a(stm32_backup_domain.c.obj)
                0x000000000800260c                stm32_backup_domain_disable_access
 .text.soc_early_init_hook
                0x000000000800266c       0x30 zephyr/libzephyr.a(soc.c.obj)
                0x000000000800266c                soc_early_init_hook
 .text.activate_foreach_backend
                0x000000000800269c       0x64 zephyr/libzephyr.a(log_core.c.obj)
 .text.enable_logger
                0x0000000008002700       0x5c zephyr/libzephyr.a(log_core.c.obj)
 .text.log_process_thread_timer_expiry_fn
                0x000000000800275c        0xc zephyr/libzephyr.a(log_core.c.obj)
 .text.z_log_init
                0x0000000008002768       0x94 zephyr/libzephyr.a(log_core.c.obj)
 .text.log_format_func_t_get
                0x00000000080027fc        0xc zephyr/libzephyr.a(log_core.c.obj)
                0x00000000080027fc                log_format_func_t_get
 .text.log_set_timestamp_func
                0x0000000008002808       0x20 zephyr/libzephyr.a(log_core.c.obj)
                0x0000000008002808                log_set_timestamp_func
 .text.z_log_notify_backend_enabled
                0x0000000008002828       0x1c zephyr/libzephyr.a(log_core.c.obj)
                0x0000000008002828                z_log_notify_backend_enabled
 .text.z_log_dropped
                0x0000000008002844       0x44 zephyr/libzephyr.a(log_core.c.obj)
                0x0000000008002844                z_log_dropped
 .text.z_log_dropped_read_and_clear
                0x0000000008002888       0x20 zephyr/libzephyr.a(log_core.c.obj)
                0x0000000008002888                z_log_dropped_read_and_clear
 .text.dropped_notify
                0x00000000080028a8       0x30 zephyr/libzephyr.a(log_core.c.obj)
                0x00000000080028a8                dropped_notify
 .text.z_log_msg_init
                0x00000000080028d8       0x20 zephyr/libzephyr.a(log_core.c.obj)
                0x00000000080028d8                z_log_msg_init
 .text.log_core_init
                0x00000000080028f8       0x50 zephyr/libzephyr.a(log_core.c.obj)
                0x00000000080028f8                log_core_init
 .text.z_log_msg_alloc
                0x0000000008002948       0x10 zephyr/libzephyr.a(log_core.c.obj)
                0x0000000008002948                z_log_msg_alloc
 .text.z_log_msg_local_claim
                0x0000000008002958        0xc zephyr/libzephyr.a(log_core.c.obj)
                0x0000000008002958                z_log_msg_local_claim
 .text.z_log_msg_free
                0x0000000008002964       0x10 zephyr/libzephyr.a(log_core.c.obj)
                0x0000000008002964                z_log_msg_free
 .text.z_log_msg_pending
                0x0000000008002974        0xc zephyr/libzephyr.a(log_core.c.obj)
                0x0000000008002974                z_log_msg_pending
 .text.z_impl_log_process
                0x0000000008002980       0xb4 zephyr/libzephyr.a(log_core.c.obj)
                0x0000000008002980                z_impl_log_process
 .text.z_impl_log_panic
                0x0000000008002a34       0x44 zephyr/libzephyr.a(log_core.c.obj)
                0x0000000008002a34                z_impl_log_panic
 .text.log_process_thread_func
                0x0000000008002a78       0xa4 zephyr/libzephyr.a(log_core.c.obj)
 .text.z_log_msg_post_finalize
                0x0000000008002b1c       0x78 zephyr/libzephyr.a(log_core.c.obj)
 .text.z_log_msg_commit
                0x0000000008002b94       0x24 zephyr/libzephyr.a(log_core.c.obj)
                0x0000000008002b94                z_log_msg_commit
 .text.log_source_name_get
                0x0000000008002bb8       0x1c zephyr/libzephyr.a(log_mgmt.c.obj)
                0x0000000008002bb8                log_source_name_get
 .text.z_impl_z_log_msg_static_create
                0x0000000008002bd4      0x108 zephyr/libzephyr.a(log_msg.c.obj)
                0x0000000008002bd4                z_impl_z_log_msg_static_create
 .text.z_log_msg_runtime_vcreate
                0x0000000008002cdc       0xa0 zephyr/libzephyr.a(log_msg.c.obj)
                0x0000000008002cdc                z_log_msg_runtime_vcreate
 .text.log_msg_get_source_id
                0x0000000008002d7c       0x18 zephyr/libzephyr.a(log_msg.c.obj)
                0x0000000008002d7c                log_msg_get_source_id
 .text.print_formatted
                0x0000000008002d94       0x24 zephyr/libzephyr.a(log_output.c.obj)
 .text.newline_print
                0x0000000008002db8       0x1c zephyr/libzephyr.a(log_output.c.obj)
 .text.log_output_process
                0x0000000008002dd4      0x2d4 zephyr/libzephyr.a(log_output.c.obj)
                0x0000000008002dd4                log_output_process
 .text.log_output_dropped_process
                0x00000000080030a8       0x58 zephyr/libzephyr.a(log_output.c.obj)
                0x00000000080030a8                log_output_dropped_process
 .text.log_output_timestamp_freq_set
                0x0000000008003100       0x2c zephyr/libzephyr.a(log_output.c.obj)
                0x0000000008003100                log_output_timestamp_freq_set
 .text.char_out
                0x000000000800312c       0x24 zephyr/libzephyr.a(log_backend_uart.c.obj)
 .text.mem_attr_get_regions
                0x0000000008003150        0xc zephyr/libzephyr.a(mem_attr.c.obj)
                0x0000000008003150                mem_attr_get_regions
 .text.z_arm_fatal_error
                0x000000000800315c       0xb8 zephyr/arch/arch/arm/core/libarch__arm__core.a(fatal.c.obj)
                0x000000000800315c                z_arm_fatal_error
 .text.z_SysNmiOnReset
                0x0000000008003214        0x8 zephyr/arch/arch/arm/core/libarch__arm__core.a(nmi_on_reset.S.obj)
                0x0000000008003214                z_SysNmiOnReset
 .text.arch_tls_stack_setup
                0x000000000800321c       0x40 zephyr/arch/arch/arm/core/libarch__arm__core.a(tls.c.obj)
                0x000000000800321c                arch_tls_stack_setup
 .text._HandlerModeExit
                0x000000000800325c       0x20 zephyr/arch/arch/arm/core/cortex_m/libarch__arm__core__cortex_m.a(exc_exit.c.obj)
                0x000000000800325c                z_arm_exc_exit
                0x000000000800325c                z_arm_int_exit
 .text.bus_fault.constprop.0
                0x000000000800327c       0xb8 zephyr/arch/arch/arm/core/cortex_m/libarch__arm__core__cortex_m.a(fault.c.obj)
 .text.usage_fault.constprop.0
                0x0000000008003334       0xa8 zephyr/arch/arch/arm/core/cortex_m/libarch__arm__core__cortex_m.a(fault.c.obj)
 .text.mem_manage_fault
                0x00000000080033dc       0xe4 zephyr/arch/arch/arm/core/cortex_m/libarch__arm__core__cortex_m.a(fault.c.obj)
 .text.z_arm_fault
                0x00000000080034c0      0x1d4 zephyr/arch/arch/arm/core/cortex_m/libarch__arm__core__cortex_m.a(fault.c.obj)
                0x00000000080034c0                z_arm_fault
 .text.z_arm_fault_init
                0x0000000008003694       0x18 zephyr/arch/arch/arm/core/cortex_m/libarch__arm__core__cortex_m.a(fault.c.obj)
                0x0000000008003694                z_arm_fault_init
 .text.__fault  0x00000000080036ac       0x14 zephyr/arch/arch/arm/core/cortex_m/libarch__arm__core__cortex_m.a(fault_s.S.obj)
                0x00000000080036ac                z_arm_bus_fault
                0x00000000080036ac                z_arm_usage_fault
                0x00000000080036ac                z_arm_mpu_fault
                0x00000000080036ac                z_arm_exc_spurious
                0x00000000080036ac                z_arm_debug_monitor
                0x00000000080036ac                z_arm_hard_fault
 .text._reset_section
                0x00000000080036c0       0x34 zephyr/arch/arch/arm/core/cortex_m/libarch__arm__core__cortex_m.a(reset.S.obj)
                0x00000000080036c0                z_arm_reset
                0x00000000080036c0                __start
 .text.z_impl_k_thread_abort
                0x00000000080036f4       0x2c zephyr/arch/arch/arm/core/cortex_m/libarch__arm__core__cortex_m.a(thread_abort.c.obj)
                0x00000000080036f4                z_impl_k_thread_abort
 .text.z_arm_pendsv
                0x0000000008003720       0x60 zephyr/arch/arch/arm/core/cortex_m/libarch__arm__core__cortex_m.a(swap_helper.S.obj)
                0x0000000008003720                z_arm_pendsv
 .text.z_arm_svc
                0x0000000008003780       0x24 zephyr/arch/arch/arm/core/cortex_m/libarch__arm__core__cortex_m.a(swap_helper.S.obj)
                0x0000000008003780                z_arm_svc
 .text.arm_irq_enable
                0x00000000080037a4       0x1c zephyr/arch/arch/arm/core/cortex_m/libarch__arm__core__cortex_m.a(irq_manage.c.obj)
                0x00000000080037a4                arm_irq_enable
 .text.arm_irq_disable
                0x00000000080037c0       0x28 zephyr/arch/arch/arm/core/cortex_m/libarch__arm__core__cortex_m.a(irq_manage.c.obj)
                0x00000000080037c0                arm_irq_disable
 .text.arm_irq_priority_set
                0x00000000080037e8       0x30 zephyr/arch/arch/arm/core/cortex_m/libarch__arm__core__cortex_m.a(irq_manage.c.obj)
                0x00000000080037e8                arm_irq_priority_set
 .text.relocate_vector_table
                0x0000000008003818       0x1c zephyr/arch/arch/arm/core/cortex_m/libarch__arm__core__cortex_m.a(prep_c.c.obj)
                0x0000000008003818                relocate_vector_table
 .text.arch_new_thread
                0x0000000008003834       0x38 zephyr/arch/arch/arm/core/cortex_m/libarch__arm__core__cortex_m.a(thread.c.obj)
                0x0000000008003834                arch_new_thread
 .text.z_check_thread_stack_fail
                0x000000000800386c       0x2c zephyr/arch/arch/arm/core/cortex_m/libarch__arm__core__cortex_m.a(thread.c.obj)
                0x000000000800386c                z_check_thread_stack_fail
 .text.arch_switch_to_main_thread
                0x0000000008003898       0x3c zephyr/arch/arch/arm/core/cortex_m/libarch__arm__core__cortex_m.a(thread.c.obj)
                0x0000000008003898                arch_switch_to_main_thread
 .text.z_arm_cpu_idle_init
                0x00000000080038d4        0xc zephyr/arch/arch/arm/core/cortex_m/libarch__arm__core__cortex_m.a(cpu_idle.c.obj)
                0x00000000080038d4                z_arm_cpu_idle_init
 .text.z_arm_interrupt_init
                0x00000000080038e0       0x18 zephyr/arch/arch/arm/core/cortex_m/libarch__arm__core__cortex_m.a(irq_init.c.obj)
                0x00000000080038e0                z_arm_interrupt_init
 .text._isr_wrapper
                0x00000000080038f8       0x24 zephyr/arch/arch/arm/core/cortex_m/libarch__arm__core__cortex_m.a(isr_wrapper.c.obj)
                0x00000000080038f8                _isr_wrapper
 .text.z_arm_configure_static_mpu_regions
                0x000000000800391c       0x18 zephyr/arch/arch/arm/core/mpu/libarch__arm__core__mpu.a(arm_core_mpu.c.obj)
                0x000000000800391c                z_arm_configure_static_mpu_regions
 .text.z_arm_configure_dynamic_mpu_regions
                0x0000000008003934       0x20 zephyr/arch/arch/arm/core/mpu/libarch__arm__core__mpu.a(arm_core_mpu.c.obj)
                0x0000000008003934                z_arm_configure_dynamic_mpu_regions
 .text.region_allocate_and_init
                0x0000000008003954       0x54 zephyr/arch/arch/arm/core/mpu/libarch__arm__core__mpu.a(arm_mpu.c.obj)
 .text.mpu_configure_regions
                0x00000000080039a8       0x68 zephyr/arch/arch/arm/core/mpu/libarch__arm__core__mpu.a(arm_mpu.c.obj)
 .text.arm_core_mpu_enable
                0x0000000008003a10       0x18 zephyr/arch/arch/arm/core/mpu/libarch__arm__core__mpu.a(arm_mpu.c.obj)
                0x0000000008003a10                arm_core_mpu_enable
 .text.arm_core_mpu_disable
                0x0000000008003a28       0x14 zephyr/arch/arch/arm/core/mpu/libarch__arm__core__mpu.a(arm_mpu.c.obj)
                0x0000000008003a28                arm_core_mpu_disable
 .text.arm_core_mpu_configure_static_mpu_regions
                0x0000000008003a3c       0x14 zephyr/arch/arch/arm/core/mpu/libarch__arm__core__mpu.a(arm_mpu.c.obj)
                0x0000000008003a3c                arm_core_mpu_configure_static_mpu_regions
 .text.arm_core_mpu_configure_dynamic_mpu_regions
                0x0000000008003a50       0x38 zephyr/arch/arch/arm/core/mpu/libarch__arm__core__mpu.a(arm_mpu.c.obj)
                0x0000000008003a50                arm_core_mpu_configure_dynamic_mpu_regions
 .text.z_arm_mpu_init
                0x0000000008003a88      0x17c zephyr/arch/arch/arm/core/mpu/libarch__arm__core__mpu.a(arm_mpu.c.obj)
                0x0000000008003a88                z_arm_mpu_init
 .text.cbvprintf
                0x0000000008003c04       0x38 zephyr/lib/libc/picolibc/liblib__libc__picolibc.a(cbprintf.c.obj)
                0x0000000008003c04                cbvprintf
 .text.z_impl_zephyr_fputc
                0x0000000008003c3c       0x10 zephyr/lib/libc/picolibc/liblib__libc__picolibc.a(stdio.c.obj)
                0x0000000008003c3c                z_impl_zephyr_fputc
 .text.__stdout_hook_install
                0x0000000008003c4c       0x18 zephyr/lib/libc/picolibc/liblib__libc__picolibc.a(stdio.c.obj)
                0x0000000008003c4c                __stdout_hook_install
 .text.malloc_prepare
                0x0000000008003c64       0x24 zephyr/lib/libc/common/liblib__libc__common.a(malloc.c.obj)
 .text.get_battery_level
                0x0000000008003c88       0x10 zephyr/subsys/lorawan/libloramac-node.a(lorawan.c.obj)
 .text.lorawan_init
                0x0000000008003c98       0x50 zephyr/subsys/lorawan/libloramac-node.a(lorawan.c.obj)
 .text.datarate_observe
                0x0000000008003ce8       0x4c zephyr/subsys/lorawan/libloramac-node.a(lorawan.c.obj)
 .text.atomic_get.constprop.0
                0x0000000008003d34       0x14 zephyr/subsys/lorawan/libloramac-node.a(lorawan.c.obj)
 .text.mcps_indication_handler
                0x0000000008003d48       0xd4 zephyr/subsys/lorawan/libloramac-node.a(lorawan.c.obj)
 .text.mcps_confirm_handler
                0x0000000008003e1c       0x64 zephyr/subsys/lorawan/libloramac-node.a(lorawan.c.obj)
 .text.mlme_confirm_handler
                0x0000000008003e80       0xac zephyr/subsys/lorawan/libloramac-node.a(lorawan.c.obj)
 .text.lorawan_set_region
                0x0000000008003f2c       0x38 zephyr/subsys/lorawan/libloramac-node.a(lorawan.c.obj)
                0x0000000008003f2c                lorawan_set_region
 .text.lorawan_join
                0x0000000008003f64      0x1f4 zephyr/subsys/lorawan/libloramac-node.a(lorawan.c.obj)
                0x0000000008003f64                lorawan_join
 .text.lorawan_set_channels_mask
                0x0000000008004158       0x30 zephyr/subsys/lorawan/libloramac-node.a(lorawan.c.obj)
                0x0000000008004158                lorawan_set_channels_mask
 .text.lorawan_set_datarate
                0x0000000008004188       0x3c zephyr/subsys/lorawan/libloramac-node.a(lorawan.c.obj)
                0x0000000008004188                lorawan_set_datarate
 .text.lorawan_enable_adr
                0x00000000080041c4       0x64 zephyr/subsys/lorawan/libloramac-node.a(lorawan.c.obj)
                0x00000000080041c4                lorawan_enable_adr
 .text.lorawan_send
                0x0000000008004228      0x114 zephyr/subsys/lorawan/libloramac-node.a(lorawan.c.obj)
                0x0000000008004228                lorawan_send
 .text.lorawan_register_downlink_callback
                0x000000000800433c       0x20 zephyr/subsys/lorawan/libloramac-node.a(lorawan.c.obj)
                0x000000000800433c                lorawan_register_downlink_callback
 .text.lorawan_start
                0x000000000800435c       0xac zephyr/subsys/lorawan/libloramac-node.a(lorawan.c.obj)
                0x000000000800435c                lorawan_start
 .text.lorawan_status2str
                0x0000000008004408       0x18 zephyr/subsys/lorawan/libloramac-node.a(lw_priv.c.obj)
                0x0000000008004408                lorawan_status2str
 .text.lorawan_eventinfo2str
                0x0000000008004420       0x18 zephyr/subsys/lorawan/libloramac-node.a(lw_priv.c.obj)
                0x0000000008004420                lorawan_eventinfo2str
 .text.lorawan_status2errno
                0x0000000008004438       0x24 zephyr/subsys/lorawan/libloramac-node.a(lw_priv.c.obj)
                0x0000000008004438                lorawan_status2errno
 .text.lorawan_eventinfo2errno
                0x000000000800445c       0x24 zephyr/subsys/lorawan/libloramac-node.a(lw_priv.c.obj)
                0x000000000800445c                lorawan_eventinfo2errno
 .text.timer_callback
                0x0000000008004480        0xc zephyr/subsys/lorawan/libloramac-node.a(hal_common.c.obj)
 .text.RtcBkupWrite
                0x000000000800448c        0xc zephyr/subsys/lorawan/libloramac-node.a(hal_common.c.obj)
                0x000000000800448c                RtcBkupWrite
 .text.RtcBkupRead
                0x0000000008004498       0x10 zephyr/subsys/lorawan/libloramac-node.a(hal_common.c.obj)
                0x0000000008004498                RtcBkupRead
 .text.RtcGetTimerElapsedTime
                0x00000000080044a8       0x14 zephyr/subsys/lorawan/libloramac-node.a(hal_common.c.obj)
                0x00000000080044a8                RtcGetTimerElapsedTime
 .text.RtcStopAlarm
                0x00000000080044bc        0xc zephyr/subsys/lorawan/libloramac-node.a(hal_common.c.obj)
                0x00000000080044bc                RtcStopAlarm
 .text.RtcSetAlarm
                0x00000000080044c8       0x20 zephyr/subsys/lorawan/libloramac-node.a(hal_common.c.obj)
                0x00000000080044c8                RtcSetAlarm
 .text.RtcSetTimerContext
                0x00000000080044e8       0x10 zephyr/subsys/lorawan/libloramac-node.a(hal_common.c.obj)
                0x00000000080044e8                RtcSetTimerContext
 .text.RtcGetTimerContext
                0x00000000080044f8        0xc zephyr/subsys/lorawan/libloramac-node.a(hal_common.c.obj)
                0x00000000080044f8                RtcGetTimerContext
 .text.modem_release.constprop.0
                0x0000000008004504       0x54 zephyr/subsys/lorawan/libloramac-node.a(sx12xx_common.c.obj)
 .text.sx12xx_ev_tx_done
                0x0000000008004558       0x20 zephyr/subsys/lorawan/libloramac-node.a(sx12xx_common.c.obj)
 .text.sx12xx_ev_rx_error
                0x0000000008004578       0x40 zephyr/subsys/lorawan/libloramac-node.a(sx12xx_common.c.obj)
 .text.sx12xx_ev_rx_done
                0x00000000080045b8       0xb0 zephyr/subsys/lorawan/libloramac-node.a(sx12xx_common.c.obj)
 .text.__sx12xx_configure_pin
                0x0000000008004668       0xd0 zephyr/subsys/lorawan/libloramac-node.a(sx12xx_common.c.obj)
                0x0000000008004668                __sx12xx_configure_pin
 .text.sx12xx_lora_send_async
                0x0000000008004738       0x4c zephyr/subsys/lorawan/libloramac-node.a(sx12xx_common.c.obj)
                0x0000000008004738                sx12xx_lora_send_async
 .text.sx12xx_lora_send
                0x0000000008004784       0xb8 zephyr/subsys/lorawan/libloramac-node.a(sx12xx_common.c.obj)
                0x0000000008004784                sx12xx_lora_send
 .text.sx12xx_lora_recv
                0x000000000800483c       0xd4 zephyr/subsys/lorawan/libloramac-node.a(sx12xx_common.c.obj)
                0x000000000800483c                sx12xx_lora_recv
 .text.sx12xx_lora_recv_async
                0x0000000008004910       0x54 zephyr/subsys/lorawan/libloramac-node.a(sx12xx_common.c.obj)
                0x0000000008004910                sx12xx_lora_recv_async
 .text.sx12xx_lora_config
                0x0000000008004964       0xbc zephyr/subsys/lorawan/libloramac-node.a(sx12xx_common.c.obj)
                0x0000000008004964                sx12xx_lora_config
 .text.sx12xx_lora_test_cw
                0x0000000008004a20       0x40 zephyr/subsys/lorawan/libloramac-node.a(sx12xx_common.c.obj)
                0x0000000008004a20                sx12xx_lora_test_cw
 .text.sx12xx_init
                0x0000000008004a60       0x60 zephyr/subsys/lorawan/libloramac-node.a(sx12xx_common.c.obj)
                0x0000000008004a60                sx12xx_init
 .text.sx126x_set_rx_enable
                0x0000000008004ac0       0x10 zephyr/subsys/lorawan/libloramac-node.a(sx126x.c.obj)
 .text.sx126x_set_tx_enable
                0x0000000008004ad0       0x10 zephyr/subsys/lorawan/libloramac-node.a(sx126x.c.obj)
 .text.sx126x_dio1_irq_work_handler.part.0
                0x0000000008004ae0       0x14 zephyr/subsys/lorawan/libloramac-node.a(sx126x.c.obj)
 .text.sx126x_dio1_irq_work_handler
                0x0000000008004af4       0x38 zephyr/subsys/lorawan/libloramac-node.a(sx126x.c.obj)
 .text.sx126x_lora_init
                0x0000000008004b2c       0xa4 zephyr/subsys/lorawan/libloramac-node.a(sx126x.c.obj)
 .text.SX126xGetOperatingMode
                0x0000000008004bd0        0xc zephyr/subsys/lorawan/libloramac-node.a(sx126x.c.obj)
                0x0000000008004bd0                SX126xGetOperatingMode
 .text.SX126xSetOperatingMode
                0x0000000008004bdc       0x4c zephyr/subsys/lorawan/libloramac-node.a(sx126x.c.obj)
                0x0000000008004bdc                SX126xSetOperatingMode
 .text.SX126xIoIrqInit
                0x0000000008004c28        0xc zephyr/subsys/lorawan/libloramac-node.a(sx126x.c.obj)
                0x0000000008004c28                SX126xIoIrqInit
 .text.SX126xReset
                0x0000000008004c34       0x18 zephyr/subsys/lorawan/libloramac-node.a(sx126x.c.obj)
                0x0000000008004c34                SX126xReset
 .text.SX126xWaitOnBusy
                0x0000000008004c4c       0x1c zephyr/subsys/lorawan/libloramac-node.a(sx126x.c.obj)
                0x0000000008004c4c                SX126xWaitOnBusy
 .text.sx126x_spi_transceive.isra.0
                0x0000000008004c68       0x7c zephyr/subsys/lorawan/libloramac-node.a(sx126x.c.obj)
 .text.SX126xWakeup
                0x0000000008004ce4       0x60 zephyr/subsys/lorawan/libloramac-node.a(sx126x.c.obj)
                0x0000000008004ce4                SX126xWakeup
 .text.SX126xGetDio1PinState
                0x0000000008004d44        0xc zephyr/subsys/lorawan/libloramac-node.a(sx126x.c.obj)
                0x0000000008004d44                SX126xGetDio1PinState
 .text.sx126x_is_busy
                0x0000000008004d50       0x10 zephyr/subsys/lorawan/libloramac-node.a(sx126x_stm32wl.c.obj)
                0x0000000008004d50                sx126x_is_busy
 .text.sx126x_dio1_irq_enable
                0x0000000008004d60       0x14 zephyr/subsys/lorawan/libloramac-node.a(sx126x_stm32wl.c.obj)
                0x0000000008004d60                sx126x_dio1_irq_enable
 .text.sx126x_variant_init
                0x0000000008004d74       0x28 zephyr/subsys/lorawan/libloramac-node.a(sx126x_stm32wl.c.obj)
                0x0000000008004d74                sx126x_variant_init
 .text.rand1    0x0000000008004d9c       0x28 zephyr/subsys/lorawan/libloramac-node.a(utilities.c.obj)
                0x0000000008004d9c                rand1
 .text.srand1   0x0000000008004dc4        0xc zephyr/subsys/lorawan/libloramac-node.a(utilities.c.obj)
                0x0000000008004dc4                srand1
 .text.Crc32    0x0000000008004dd0       0x34 zephyr/subsys/lorawan/libloramac-node.a(utilities.c.obj)
                0x0000000008004dd0                Crc32
 .text.TimerInsertNewHeadTimer
                0x0000000008004e04       0x18 zephyr/subsys/lorawan/libloramac-node.a(timer.c.obj)
 .text.TimerStart
                0x0000000008004e1c       0x70 zephyr/subsys/lorawan/libloramac-node.a(timer.c.obj)
                0x0000000008004e1c                TimerStart
 .text.TimerIrqHandler
                0x0000000008004e8c       0x7c zephyr/subsys/lorawan/libloramac-node.a(timer.c.obj)
                0x0000000008004e8c                TimerIrqHandler
 .text.TimerStop
                0x0000000008004f08       0x54 zephyr/subsys/lorawan/libloramac-node.a(timer.c.obj)
                0x0000000008004f08                TimerStop
 .text.SX126xSetCrcSeed
                0x0000000008004f5c       0x24 zephyr/subsys/lorawan/libloramac-node.a(sx126x.c.obj)
                0x0000000008004f5c                SX126xSetCrcSeed
 .text.SX126xSetCrcPolynomial
                0x0000000008004f80       0x24 zephyr/subsys/lorawan/libloramac-node.a(sx126x.c.obj)
                0x0000000008004f80                SX126xSetCrcPolynomial
 .text.SX126xSetWhiteningSeed
                0x0000000008004fa4       0x38 zephyr/subsys/lorawan/libloramac-node.a(sx126x.c.obj)
                0x0000000008004fa4                SX126xSetWhiteningSeed
 .text.SX126xSetSleep
                0x0000000008004fdc       0x3c zephyr/subsys/lorawan/libloramac-node.a(sx126x.c.obj)
                0x0000000008004fdc                SX126xSetSleep
 .text.SX126xInit
                0x0000000008005018       0x34 zephyr/subsys/lorawan/libloramac-node.a(sx126x.c.obj)
                0x0000000008005018                SX126xInit
 .text.SX126xCalibrateImage
                0x000000000800504c       0x64 zephyr/subsys/lorawan/libloramac-node.a(sx126x.c.obj)
                0x000000000800504c                SX126xCalibrateImage
 .text.SX126xSetRfFrequency
                0x00000000080050b0       0x48 zephyr/subsys/lorawan/libloramac-node.a(sx126x.c.obj)
                0x00000000080050b0                SX126xSetRfFrequency
 .text.SX126xSetPacketType
                0x00000000080050f8       0x20 zephyr/subsys/lorawan/libloramac-node.a(sx126x.c.obj)
                0x00000000080050f8                SX126xSetPacketType
 .text.SX126xGetPacketType
                0x0000000008005118        0xc zephyr/subsys/lorawan/libloramac-node.a(sx126x.c.obj)
                0x0000000008005118                SX126xGetPacketType
 .text.SX126xSetModulationParams
                0x0000000008005124       0x98 zephyr/subsys/lorawan/libloramac-node.a(sx126x.c.obj)
                0x0000000008005124                SX126xSetModulationParams
 .text.SX126xSetPacketParams
                0x00000000080051bc       0xbc zephyr/subsys/lorawan/libloramac-node.a(sx126x.c.obj)
                0x00000000080051bc                SX126xSetPacketParams
 .text.SX126xGetRxBufferStatus
                0x0000000008005278       0x44 zephyr/subsys/lorawan/libloramac-node.a(sx126x.c.obj)
                0x0000000008005278                SX126xGetRxBufferStatus
 .text.SX126xGetPacketStatus
                0x00000000080052bc       0x78 zephyr/subsys/lorawan/libloramac-node.a(sx126x.c.obj)
                0x00000000080052bc                SX126xGetPacketStatus
 .text.RadioOnTxTimeoutIrq
                0x0000000008005334       0x14 zephyr/subsys/lorawan/libloramac-node.a(radio.c.obj)
                0x0000000008005334                RadioOnTxTimeoutIrq
 .text.RadioOnRxTimeoutIrq
                0x0000000008005348       0x14 zephyr/subsys/lorawan/libloramac-node.a(radio.c.obj)
                0x0000000008005348                RadioOnRxTimeoutIrq
 .text.RadioOnDioIrq
                0x000000000800535c        0xc zephyr/subsys/lorawan/libloramac-node.a(radio.c.obj)
                0x000000000800535c                RadioOnDioIrq
 .text.RadioGetStatus
                0x0000000008005368       0x1c zephyr/subsys/lorawan/libloramac-node.a(radio.c.obj)
                0x0000000008005368                RadioGetStatus
 .text.RadioSend
                0x0000000008005384       0x5c zephyr/subsys/lorawan/libloramac-node.a(radio.c.obj)
                0x0000000008005384                RadioSend
 .text.RadioSetTxContinuousWave
                0x00000000080053e0       0x30 zephyr/subsys/lorawan/libloramac-node.a(radio.c.obj)
                0x00000000080053e0                RadioSetTxContinuousWave
 .text.RadioIrqProcess
                0x0000000008005410      0x17c zephyr/subsys/lorawan/libloramac-node.a(radio.c.obj)
                0x0000000008005410                RadioIrqProcess
 .text.RadioGetFskBandwidthRegValue
                0x000000000800558c       0x34 zephyr/subsys/lorawan/libloramac-node.a(radio.c.obj)
 .text.RadioSetMaxPayloadLength
                0x00000000080055c0       0x30 zephyr/subsys/lorawan/libloramac-node.a(radio.c.obj)
                0x00000000080055c0                RadioSetMaxPayloadLength
 .text.RadioRx  0x00000000080055f0       0x48 zephyr/subsys/lorawan/libloramac-node.a(radio.c.obj)
                0x00000000080055f0                RadioRx
 .text.RadioRxBoosted
                0x0000000008005638       0x48 zephyr/subsys/lorawan/libloramac-node.a(radio.c.obj)
                0x0000000008005638                RadioRxBoosted
 .text.RadioTimeOnAir
                0x0000000008005680       0xe4 zephyr/subsys/lorawan/libloramac-node.a(radio.c.obj)
                0x0000000008005680                RadioTimeOnAir
 .text.RadioSetPublicNetwork
                0x0000000008005764       0x3c zephyr/subsys/lorawan/libloramac-node.a(radio.c.obj)
                0x0000000008005764                RadioSetPublicNetwork
 .text.RadioSetModem.part.0
                0x00000000080057a0       0x24 zephyr/subsys/lorawan/libloramac-node.a(radio.c.obj)
 .text.RadioSetModem
                0x00000000080057c4       0x20 zephyr/subsys/lorawan/libloramac-node.a(radio.c.obj)
                0x00000000080057c4                RadioSetModem
 .text.RadioSetRxConfig
                0x00000000080057e4      0x1e0 zephyr/subsys/lorawan/libloramac-node.a(radio.c.obj)
                0x00000000080057e4                RadioSetRxConfig
 .text.RadioSetTxConfig
                0x00000000080059c4      0x194 zephyr/subsys/lorawan/libloramac-node.a(radio.c.obj)
                0x00000000080059c4                RadioSetTxConfig
 .text.RadioInit
                0x0000000008005b58       0x7c zephyr/subsys/lorawan/libloramac-node.a(radio.c.obj)
                0x0000000008005b58                RadioInit
 .text.aes_set_key
                0x0000000008005bd4      0x104 zephyr/subsys/lorawan/libloramac-node.a(aes.c.obj)
                0x0000000008005bd4                aes_set_key
 .text.aes_encrypt
                0x0000000008005cd8      0x2cc zephyr/subsys/lorawan/libloramac-node.a(aes.c.obj)
                0x0000000008005cd8                aes_encrypt
 .text.ComputeCmac
                0x0000000008005fa4       0x80 zephyr/subsys/lorawan/libloramac-node.a(soft-se.c.obj)
 .text.SecureElementInit
                0x0000000008006024       0xc0 zephyr/subsys/lorawan/libloramac-node.a(soft-se.c.obj)
                0x0000000008006024                SecureElementInit
 .text.SecureElementAesEncrypt
                0x00000000080060e4       0x7c zephyr/subsys/lorawan/libloramac-node.a(soft-se.c.obj)
                0x00000000080060e4                SecureElementAesEncrypt
 .text.SecureElementSetKey.part.0
                0x0000000008006160       0x7c zephyr/subsys/lorawan/libloramac-node.a(soft-se.c.obj)
 .text.SecureElementSetDevEui
                0x00000000080061dc       0x1c zephyr/subsys/lorawan/libloramac-node.a(soft-se.c.obj)
                0x00000000080061dc                SecureElementSetDevEui
 .text.SecureElementGetDevEui
                0x00000000080061f8        0xc zephyr/subsys/lorawan/libloramac-node.a(soft-se.c.obj)
                0x00000000080061f8                SecureElementGetDevEui
 .text.SecureElementSetJoinEui
                0x0000000008006204       0x20 zephyr/subsys/lorawan/libloramac-node.a(soft-se.c.obj)
                0x0000000008006204                SecureElementSetJoinEui
 .text.SecureElementGetJoinEui
                0x0000000008006224        0xc zephyr/subsys/lorawan/libloramac-node.a(soft-se.c.obj)
                0x0000000008006224                SecureElementGetJoinEui
 .text.SecureElementSetPin
                0x0000000008006230       0x20 zephyr/subsys/lorawan/libloramac-node.a(soft-se.c.obj)
                0x0000000008006230                SecureElementSetPin
 .text.SecureElementGetPin
                0x0000000008006250        0xc zephyr/subsys/lorawan/libloramac-node.a(soft-se.c.obj)
                0x0000000008006250                SecureElementGetPin
 .text.UpdateRxSlotIdleState
                0x000000000800625c       0x1c zephyr/subsys/lorawan/libloramac-node.a(LoRaMac.c.obj)
 .text.OnMacProcessNotify
                0x0000000008006278       0x14 zephyr/subsys/lorawan/libloramac-node.a(LoRaMac.c.obj)
 .text.OnRadioRxTimeout
                0x000000000800628c       0x14 zephyr/subsys/lorawan/libloramac-node.a(LoRaMac.c.obj)
 .text.OnRadioTxTimeout
                0x00000000080062a0       0x14 zephyr/subsys/lorawan/libloramac-node.a(LoRaMac.c.obj)
 .text.OnRadioRxError
                0x00000000080062b4       0x14 zephyr/subsys/lorawan/libloramac-node.a(LoRaMac.c.obj)
 .text.OnAbpJoinPendingTimerEvent
                0x00000000080062c8       0x24 zephyr/subsys/lorawan/libloramac-node.a(LoRaMac.c.obj)
 .text.OnRadioRxDone
                0x00000000080062ec       0x3c zephyr/subsys/lorawan/libloramac-node.a(LoRaMac.c.obj)
 .text.GetMaxAppPayloadWithoutFOptsLength
                0x0000000008006328       0x2c zephyr/subsys/lorawan/libloramac-node.a(LoRaMac.c.obj)
 .text.OnForceRejoinReqCycleTimerEvent
                0x0000000008006354       0x64 zephyr/subsys/lorawan/libloramac-node.a(LoRaMac.c.obj)
 .text.OnRetransmitTimeoutTimerEvent
                0x00000000080063b8       0x28 zephyr/subsys/lorawan/libloramac-node.a(LoRaMac.c.obj)
 .text.PrepareRxDoneAbort
                0x00000000080063e0       0x38 zephyr/subsys/lorawan/libloramac-node.a(LoRaMac.c.obj)
 .text.ResetMacParameters
                0x0000000008006418      0x15c zephyr/subsys/lorawan/libloramac-node.a(LoRaMac.c.obj)
 .text.OnRadioTxDone
                0x0000000008006574       0x3c zephyr/subsys/lorawan/libloramac-node.a(LoRaMac.c.obj)
 .text.HandleRadioRxErrorTimeout
                0x00000000080065b0       0xcc zephyr/subsys/lorawan/libloramac-node.a(LoRaMac.c.obj)
 .text.OpenContinuousRxCWindow
                0x000000000800667c       0x58 zephyr/subsys/lorawan/libloramac-node.a(LoRaMac.c.obj)
 .text.SwitchClass
                0x00000000080066d4      0x100 zephyr/subsys/lorawan/libloramac-node.a(LoRaMac.c.obj)
 .text.RxWindowSetup.constprop.0
                0x00000000080067d4       0x40 zephyr/subsys/lorawan/libloramac-node.a(LoRaMac.c.obj)
 .text.OnRxWindow1TimerEvent
                0x0000000008006814       0x44 zephyr/subsys/lorawan/libloramac-node.a(LoRaMac.c.obj)
 .text.OnRxWindow2TimerEvent
                0x0000000008006858       0x4c zephyr/subsys/lorawan/libloramac-node.a(LoRaMac.c.obj)
 .text.ProcessMacCommands.constprop.0
                0x00000000080068a4      0x6ec zephyr/subsys/lorawan/libloramac-node.a(LoRaMac.c.obj)
 .text.StopRetransmission.isra.0
                0x0000000008006f90       0x90 zephyr/subsys/lorawan/libloramac-node.a(LoRaMac.c.obj)
 .text.OnRejoin1CycleTimerEvent
                0x0000000008007020       0x50 zephyr/subsys/lorawan/libloramac-node.a(LoRaMac.c.obj)
 .text.OnRejoin0CycleTimerEvent
                0x0000000008007070       0x50 zephyr/subsys/lorawan/libloramac-node.a(LoRaMac.c.obj)
 .text.LoRaMacIsBusy
                0x00000000080070c0       0x30 zephyr/subsys/lorawan/libloramac-node.a(LoRaMac.c.obj)
                0x00000000080070c0                LoRaMacIsBusy
 .text.PrepareFrame
                0x00000000080070f0      0x14c zephyr/subsys/lorawan/libloramac-node.a(LoRaMac.c.obj)
                0x00000000080070f0                PrepareFrame
 .text.SendFrameOnChannel
                0x000000000800723c      0x144 zephyr/subsys/lorawan/libloramac-node.a(LoRaMac.c.obj)
                0x000000000800723c                SendFrameOnChannel
 .text.ScheduleTx
                0x0000000008007380      0x1f8 zephyr/subsys/lorawan/libloramac-node.a(LoRaMac.c.obj)
 .text.OnTxDelayedTimerEvent
                0x0000000008007578       0x70 zephyr/subsys/lorawan/libloramac-node.a(LoRaMac.c.obj)
 .text.Send     0x00000000080075e8       0xfc zephyr/subsys/lorawan/libloramac-node.a(LoRaMac.c.obj)
                0x00000000080075e8                Send
 .text.SendReJoinReq
                0x00000000080076e4      0x108 zephyr/subsys/lorawan/libloramac-node.a(LoRaMac.c.obj)
                0x00000000080076e4                SendReJoinReq
 .text.SetTxContinuousWave
                0x00000000080077ec       0x2c zephyr/subsys/lorawan/libloramac-node.a(LoRaMac.c.obj)
                0x00000000080077ec                SetTxContinuousWave
 .text.LoRaMacInitialization
                0x0000000008007818      0x380 zephyr/subsys/lorawan/libloramac-node.a(LoRaMac.c.obj)
                0x0000000008007818                LoRaMacInitialization
 .text.LoRaMacStart
                0x0000000008007b98       0x14 zephyr/subsys/lorawan/libloramac-node.a(LoRaMac.c.obj)
                0x0000000008007b98                LoRaMacStart
 .text.LoRaMacQueryTxPossible
                0x0000000008007bac       0xc4 zephyr/subsys/lorawan/libloramac-node.a(LoRaMac.c.obj)
                0x0000000008007bac                LoRaMacQueryTxPossible
 .text.LoRaMacMibGetRequestConfirm
                0x0000000008007c70      0x230 zephyr/subsys/lorawan/libloramac-node.a(LoRaMac.c.obj)
                0x0000000008007c70                LoRaMacMibGetRequestConfirm
 .text.LoRaMacMibSetRequestConfirm
                0x0000000008007ea0      0x648 zephyr/subsys/lorawan/libloramac-node.a(LoRaMac.c.obj)
                0x0000000008007ea0                LoRaMacMibSetRequestConfirm
 .text.LoRaMacMlmeRequest
                0x00000000080084e8      0x228 zephyr/subsys/lorawan/libloramac-node.a(LoRaMac.c.obj)
                0x00000000080084e8                LoRaMacMlmeRequest
 .text.LoRaMacProcess
                0x0000000008008710      0xb9c zephyr/subsys/lorawan/libloramac-node.a(LoRaMac.c.obj)
                0x0000000008008710                LoRaMacProcess
 .text.LoRaMacMcpsRequest
                0x00000000080092ac      0x1a4 zephyr/subsys/lorawan/libloramac-node.a(LoRaMac.c.obj)
                0x00000000080092ac                LoRaMacMcpsRequest
 .text.IsSticky
                0x0000000008009450       0x20 zephyr/subsys/lorawan/libloramac-node.a(LoRaMacCommands.c.obj)
 .text.LoRaMacCommandsInit
                0x0000000008009470       0x1c zephyr/subsys/lorawan/libloramac-node.a(LoRaMacCommands.c.obj)
                0x0000000008009470                LoRaMacCommandsInit
 .text.LoRaMacCommandsAddCmd
                0x000000000800948c       0x9c zephyr/subsys/lorawan/libloramac-node.a(LoRaMacCommands.c.obj)
                0x000000000800948c                LoRaMacCommandsAddCmd
 .text.LoRaMacCommandsRemoveCmd
                0x0000000008009528       0x5c zephyr/subsys/lorawan/libloramac-node.a(LoRaMacCommands.c.obj)
                0x0000000008009528                LoRaMacCommandsRemoveCmd
 .text.LoRaMacCommandsGetCmd
                0x0000000008009584       0x1c zephyr/subsys/lorawan/libloramac-node.a(LoRaMacCommands.c.obj)
                0x0000000008009584                LoRaMacCommandsGetCmd
 .text.LoRaMacCommandsRemoveNoneStickyCmds
                0x00000000080095a0       0x1c zephyr/subsys/lorawan/libloramac-node.a(LoRaMacCommands.c.obj)
                0x00000000080095a0                LoRaMacCommandsRemoveNoneStickyCmds
 .text.LoRaMacCommandsRemoveStickyAnsCmds
                0x00000000080095bc       0x3c zephyr/subsys/lorawan/libloramac-node.a(LoRaMacCommands.c.obj)
                0x00000000080095bc                LoRaMacCommandsRemoveStickyAnsCmds
 .text.LoRaMacCommandsGetSizeSerializedCmds
                0x00000000080095f8       0x18 zephyr/subsys/lorawan/libloramac-node.a(LoRaMacCommands.c.obj)
                0x00000000080095f8                LoRaMacCommandsGetSizeSerializedCmds
 .text.LoRaMacCommandsSerializeCmds
                0x0000000008009610       0x68 zephyr/subsys/lorawan/libloramac-node.a(LoRaMacCommands.c.obj)
                0x0000000008009610                LoRaMacCommandsSerializeCmds
 .text.LoRaMacCommandsGetCmdSize
                0x0000000008009678       0x14 zephyr/subsys/lorawan/libloramac-node.a(LoRaMacCommands.c.obj)
                0x0000000008009678                LoRaMacCommandsGetCmdSize
 .text.GetElement.constprop.0
                0x000000000800968c       0x34 zephyr/subsys/lorawan/libloramac-node.a(LoRaMacConfirmQueue.c.obj)
 .text.LoRaMacConfirmQueueInit
                0x00000000080096c0       0x28 zephyr/subsys/lorawan/libloramac-node.a(LoRaMacConfirmQueue.c.obj)
                0x00000000080096c0                LoRaMacConfirmQueueInit
 .text.LoRaMacConfirmQueueAdd
                0x00000000080096e8       0x4c zephyr/subsys/lorawan/libloramac-node.a(LoRaMacConfirmQueue.c.obj)
                0x00000000080096e8                LoRaMacConfirmQueueAdd
 .text.LoRaMacConfirmQueueRemoveFirst
                0x0000000008009734       0x2c zephyr/subsys/lorawan/libloramac-node.a(LoRaMacConfirmQueue.c.obj)
                0x0000000008009734                LoRaMacConfirmQueueRemoveFirst
 .text.LoRaMacConfirmQueueSetStatus
                0x0000000008009760       0x24 zephyr/subsys/lorawan/libloramac-node.a(LoRaMacConfirmQueue.c.obj)
                0x0000000008009760                LoRaMacConfirmQueueSetStatus
 .text.LoRaMacConfirmQueueSetStatusCmn
                0x0000000008009784       0x34 zephyr/subsys/lorawan/libloramac-node.a(LoRaMacConfirmQueue.c.obj)
                0x0000000008009784                LoRaMacConfirmQueueSetStatusCmn
 .text.LoRaMacConfirmQueueIsCmdActive
                0x00000000080097b8       0x18 zephyr/subsys/lorawan/libloramac-node.a(LoRaMacConfirmQueue.c.obj)
                0x00000000080097b8                LoRaMacConfirmQueueIsCmdActive
 .text.LoRaMacConfirmQueueHandleCb
                0x00000000080097d0       0x68 zephyr/subsys/lorawan/libloramac-node.a(LoRaMacConfirmQueue.c.obj)
                0x00000000080097d0                LoRaMacConfirmQueueHandleCb
 .text.LoRaMacConfirmQueueGetCnt
                0x0000000008009838        0xc zephyr/subsys/lorawan/libloramac-node.a(LoRaMacConfirmQueue.c.obj)
                0x0000000008009838                LoRaMacConfirmQueueGetCnt
 .text.LoRaMacConfirmQueueIsFull
                0x0000000008009844       0x14 zephyr/subsys/lorawan/libloramac-node.a(LoRaMacConfirmQueue.c.obj)
                0x0000000008009844                LoRaMacConfirmQueueIsFull
 .text.FOptsEncrypt
                0x0000000008009858       0xbc zephyr/subsys/lorawan/libloramac-node.a(LoRaMacCrypto.c.obj)
 .text.GetLastFcntDown.constprop.0
                0x0000000008009914       0x58 zephyr/subsys/lorawan/libloramac-node.a(LoRaMacCrypto.c.obj)
 .text.VerifyCmacB0.constprop.0
                0x000000000800996c       0xbc zephyr/subsys/lorawan/libloramac-node.a(LoRaMacCrypto.c.obj)
 .text.LoRaMacCryptoInit
                0x0000000008009a28       0x3c zephyr/subsys/lorawan/libloramac-node.a(LoRaMacCrypto.c.obj)
                0x0000000008009a28                LoRaMacCryptoInit
 .text.LoRaMacCryptoSetLrWanVersion
                0x0000000008009a64       0x10 zephyr/subsys/lorawan/libloramac-node.a(LoRaMacCrypto.c.obj)
                0x0000000008009a64                LoRaMacCryptoSetLrWanVersion
 .text.LoRaMacCryptoGetFCntUp
                0x0000000008009a74       0x18 zephyr/subsys/lorawan/libloramac-node.a(LoRaMacCrypto.c.obj)
                0x0000000008009a74                LoRaMacCryptoGetFCntUp
 .text.LoRaMacCryptoGetRJcount
                0x0000000008009a8c       0x30 zephyr/subsys/lorawan/libloramac-node.a(LoRaMacCrypto.c.obj)
                0x0000000008009a8c                LoRaMacCryptoGetRJcount
 .text.LoRaMacCryptoSetMulticastReference
                0x0000000008009abc       0x2c zephyr/subsys/lorawan/libloramac-node.a(LoRaMacCrypto.c.obj)
                0x0000000008009abc                LoRaMacCryptoSetMulticastReference
 .text.LoRaMacCryptoPrepareJoinRequest
                0x0000000008009ae8       0xac zephyr/subsys/lorawan/libloramac-node.a(LoRaMacCrypto.c.obj)
                0x0000000008009ae8                LoRaMacCryptoPrepareJoinRequest
 .text.LoRaMacCryptoPrepareReJoinType1
                0x0000000008009b94       0x58 zephyr/subsys/lorawan/libloramac-node.a(LoRaMacCrypto.c.obj)
                0x0000000008009b94                LoRaMacCryptoPrepareReJoinType1
 .text.LoRaMacCryptoPrepareReJoinType0or2
                0x0000000008009bec       0x54 zephyr/subsys/lorawan/libloramac-node.a(LoRaMacCrypto.c.obj)
                0x0000000008009bec                LoRaMacCryptoPrepareReJoinType0or2
 .text.LoRaMacCryptoSecureMessage
                0x0000000008009c40      0x18c zephyr/subsys/lorawan/libloramac-node.a(LoRaMacCrypto.c.obj)
                0x0000000008009c40                LoRaMacCryptoSecureMessage
 .text.LoRaMacCryptoUnsecureMessage
                0x0000000008009dcc      0x150 zephyr/subsys/lorawan/libloramac-node.a(LoRaMacCrypto.c.obj)
                0x0000000008009dcc                LoRaMacCryptoUnsecureMessage
 .text.LoRaMacCryptoSetKey
                0x0000000008009f1c       0x34 zephyr/subsys/lorawan/libloramac-node.a(LoRaMacCrypto.c.obj)
                0x0000000008009f1c                LoRaMacCryptoSetKey
 .text.LoRaMacCryptoHandleJoinAccept
                0x0000000008009f50      0x180 zephyr/subsys/lorawan/libloramac-node.a(LoRaMacCrypto.c.obj)
                0x0000000008009f50                LoRaMacCryptoHandleJoinAccept
 .text.RegionGetVersion
                0x000000000800a0d0        0x8 zephyr/subsys/lorawan/libloramac-node.a(Region.c.obj)
                0x000000000800a0d0                RegionGetVersion
 .text.RegionCommonUpdateBandTimeOff
                0x000000000800a0d8       0xdc zephyr/subsys/lorawan/libloramac-node.a(RegionCommon.c.obj)
                0x000000000800a0d8                RegionCommonUpdateBandTimeOff
 .text.RegionCommonComputeSymbolTimeLoRa
                0x000000000800a1b4       0x10 zephyr/subsys/lorawan/libloramac-node.a(RegionCommon.c.obj)
                0x000000000800a1b4                RegionCommonComputeSymbolTimeLoRa
 .text.RegionCommonGetBandwidth
                0x000000000800a1c4       0x24 zephyr/subsys/lorawan/libloramac-node.a(RegionCommon.c.obj)
                0x000000000800a1c4                RegionCommonGetBandwidth
 .text.GetTimeOnAir
                0x000000000800a1e8       0x54 zephyr/subsys/lorawan/libloramac-node.a(RegionEU868.c.obj)
 .text.VerifyRfFreq
                0x000000000800a23c       0x9c zephyr/subsys/lorawan/libloramac-node.a(RegionEU868.c.obj)
 .text.RegionEU868GetPhyParam
                0x000000000800a2d8      0x120 zephyr/subsys/lorawan/libloramac-node.a(RegionEU868.c.obj)
                0x000000000800a2d8                RegionEU868GetPhyParam
 .text.RegionEU868SetBandTxDone
                0x000000000800a3f8       0x38 zephyr/subsys/lorawan/libloramac-node.a(RegionEU868.c.obj)
                0x000000000800a3f8                RegionEU868SetBandTxDone
 .text.RegionEU868InitDefaults
                0x000000000800a430       0xcc zephyr/subsys/lorawan/libloramac-node.a(RegionEU868.c.obj)
                0x000000000800a430                RegionEU868InitDefaults
 .text.RegionEU868ChanMaskSet
                0x000000000800a4fc       0x34 zephyr/subsys/lorawan/libloramac-node.a(RegionEU868.c.obj)
                0x000000000800a4fc                RegionEU868ChanMaskSet
 .text.RegionEU868ComputeRxWindowParameters
                0x000000000800a530       0x64 zephyr/subsys/lorawan/libloramac-node.a(RegionEU868.c.obj)
                0x000000000800a530                RegionEU868ComputeRxWindowParameters
 .text.RegionEU868RxConfig
                0x000000000800a594       0xd8 zephyr/subsys/lorawan/libloramac-node.a(RegionEU868.c.obj)
                0x000000000800a594                RegionEU868RxConfig
 .text.RegionEU868TxConfig
                0x000000000800a66c      0x108 zephyr/subsys/lorawan/libloramac-node.a(RegionEU868.c.obj)
                0x000000000800a66c                RegionEU868TxConfig
 .text.RegionEU868LinkAdrReq
                0x000000000800a774      0x15c zephyr/subsys/lorawan/libloramac-node.a(RegionEU868.c.obj)
                0x000000000800a774                RegionEU868LinkAdrReq
 .text.RegionEU868DlChannelReq
                0x000000000800a8d0       0x58 zephyr/subsys/lorawan/libloramac-node.a(RegionEU868.c.obj)
                0x000000000800a8d0                RegionEU868DlChannelReq
 .text.RegionEU868NextChannel
                0x000000000800a928       0xf4 zephyr/subsys/lorawan/libloramac-node.a(RegionEU868.c.obj)
                0x000000000800a928                RegionEU868NextChannel
 .text.RegionEU868ChannelAdd
                0x000000000800aa1c       0xc0 zephyr/subsys/lorawan/libloramac-node.a(RegionEU868.c.obj)
                0x000000000800aa1c                RegionEU868ChannelAdd
 .text.RegionEU868ChannelsRemove
                0x000000000800aadc       0x30 zephyr/subsys/lorawan/libloramac-node.a(RegionEU868.c.obj)
                0x000000000800aadc                RegionEU868ChannelsRemove
 .text.rtio_executor_done
                0x000000000800ab0c      0x210 zephyr/subsys/rtio/libsubsys__rtio.a(rtio_executor.c.obj)
 .text.rtio_init
                0x000000000800ad1c       0x98 zephyr/subsys/rtio/libsubsys__rtio.a(rtio_init.c.obj)
                0x000000000800ad1c                rtio_init
 .text.rtio_sched_alarm
                0x000000000800adb4       0x14 zephyr/subsys/rtio/libsubsys__rtio.a(rtio_sched.c.obj)
                0x000000000800adb4                rtio_sched_alarm
 .text.rtio_work_req_done_handler
                0x000000000800adc8        0xc zephyr/subsys/rtio/libsubsys__rtio.a(rtio_workq.c.obj)
 .text.rtio_work_req_alloc
                0x000000000800add4       0x30 zephyr/subsys/rtio/libsubsys__rtio.a(rtio_workq.c.obj)
                0x000000000800add4                rtio_work_req_alloc
 .text.rtio_work_req_submit
                0x000000000800ae04       0x44 zephyr/subsys/rtio/libsubsys__rtio.a(rtio_workq.c.obj)
                0x000000000800ae04                rtio_work_req_submit
 .text.stm32_exti_isr
                0x000000000800ae48       0x4c zephyr/drivers/interrupt_controller/libdrivers__interrupt_controller.a(intc_exti_stm32.c.obj)
 .text.stm32_fill_irq_table
                0x000000000800ae94       0x18 zephyr/drivers/interrupt_controller/libdrivers__interrupt_controller.a(intc_exti_stm32.c.obj)
 .text.stm32_gpio_intc_enable_line
                0x000000000800aeac       0x30 zephyr/drivers/interrupt_controller/libdrivers__interrupt_controller.a(intc_exti_stm32.c.obj)
                0x000000000800aeac                stm32_gpio_intc_enable_line
 .text.stm32_gpio_intc_disable_line
                0x000000000800aedc       0x14 zephyr/drivers/interrupt_controller/libdrivers__interrupt_controller.a(intc_exti_stm32.c.obj)
                0x000000000800aedc                stm32_gpio_intc_disable_line
 .text.stm32_gpio_intc_select_line_trigger
                0x000000000800aef0       0x50 zephyr/drivers/interrupt_controller/libdrivers__interrupt_controller.a(intc_exti_stm32.c.obj)
                0x000000000800aef0                stm32_gpio_intc_select_line_trigger
 .text.stm32_gpio_intc_set_irq_callback
                0x000000000800af40       0x40 zephyr/drivers/interrupt_controller/libdrivers__interrupt_controller.a(intc_exti_stm32.c.obj)
                0x000000000800af40                stm32_gpio_intc_set_irq_callback
 .text.stm32_gpio_intc_remove_irq_callback
                0x000000000800af80       0x24 zephyr/drivers/interrupt_controller/libdrivers__interrupt_controller.a(intc_exti_stm32.c.obj)
                0x000000000800af80                stm32_gpio_intc_remove_irq_callback
 .text.stm32_exti_get_line_src_port
                0x000000000800afa4       0x34 zephyr/drivers/interrupt_controller/libdrivers__interrupt_controller.a(intc_exti_stm32.c.obj)
                0x000000000800afa4                stm32_exti_get_line_src_port
 .text.adc_stm32_channel_setup
                0x000000000800afd8      0x10c zephyr/drivers/adc/libdrivers__adc.a(adc_stm32.c.obj)
 .text.adc_stm32_isr_18
                0x000000000800b0e4       0xe8 zephyr/drivers/adc/libdrivers__adc.a(adc_stm32.c.obj)
 .text.adc_stm32_calibrate.isra.0
                0x000000000800b1cc       0x70 zephyr/drivers/adc/libdrivers__adc.a(adc_stm32.c.obj)
 .text.adc_stm32_init
                0x000000000800b23c      0x110 zephyr/drivers/adc/libdrivers__adc.a(adc_stm32.c.obj)
 .text.adc_stm32_read
                0x000000000800b34c      0x26c zephyr/drivers/adc/libdrivers__adc.a(adc_stm32.c.obj)
 .text.stm32_clock_control_get_subsys_rate
                0x000000000800b5b8       0xb0 zephyr/drivers/clock_control/libdrivers__clock_control.a(clock_stm32_ll_common.c.obj)
 .text.stm32_clock_control_init
                0x000000000800b668      0x190 zephyr/drivers/clock_control/libdrivers__clock_control.a(clock_stm32_ll_common.c.obj)
                0x000000000800b668                stm32_clock_control_init
 .text.get_pllsrc_frequency
                0x000000000800b7f8        0x8 zephyr/drivers/clock_control/libdrivers__clock_control.a(clock_stm32l4_l5_wb_wl.c.obj)
                0x000000000800b7f8                get_pllsrc_frequency
 .text.config_pll_sysclock
                0x000000000800b800       0x24 zephyr/drivers/clock_control/libdrivers__clock_control.a(clock_stm32l4_l5_wb_wl.c.obj)
                0x000000000800b800                config_pll_sysclock
 .text.uart_console_init
                0x000000000800b824       0x28 zephyr/drivers/console/libdrivers__console.a(uart_console.c.obj)
 .text.console_out
                0x000000000800b84c       0x28 zephyr/drivers/console/libdrivers__console.a(uart_console.c.obj)
 .text.gpio_stm32_pin_interrupt_configure
                0x000000000800b874       0xb0 zephyr/drivers/gpio/libdrivers__gpio.a(gpio_stm32.c.obj)
 .text.gpio_stm32_init
                0x000000000800b924       0x38 zephyr/drivers/gpio/libdrivers__gpio.a(gpio_stm32.c.obj)
 .text.i2c_stm32_get_config.part.0
                0x000000000800b95c       0x1c zephyr/drivers/i2c/libdrivers__i2c.a(i2c_ll_stm32.c.obj)
 .text.i2c_stm32_set_smbus_mode
                0x000000000800b978       0x54 zephyr/drivers/i2c/libdrivers__i2c.a(i2c_ll_stm32.c.obj)
                0x000000000800b978                i2c_stm32_set_smbus_mode
 .text.i2c_stm32_runtime_configure
                0x000000000800b9cc       0x88 zephyr/drivers/i2c/libdrivers__i2c.a(i2c_ll_stm32.c.obj)
                0x000000000800b9cc                i2c_stm32_runtime_configure
 .text.i2c_stm32_init
                0x000000000800ba54       0xe0 zephyr/drivers/i2c/libdrivers__i2c.a(i2c_ll_stm32.c.obj)
 .text.i2c_stm32_activate
                0x000000000800bb34       0x68 zephyr/drivers/i2c/libdrivers__i2c.a(i2c_ll_stm32_common.c.obj)
                0x000000000800bb34                i2c_stm32_activate
 .text.msg_init
                0x000000000800bb9c       0x9c zephyr/drivers/i2c/libdrivers__i2c.a(i2c_ll_stm32_v2.c.obj)
 .text.i2c_stm32_configure_timing
                0x000000000800bc38      0x158 zephyr/drivers/i2c/libdrivers__i2c.a(i2c_ll_stm32_v2.c.obj)
                0x000000000800bc38                i2c_stm32_configure_timing
 .text.pinctrl_configure_pins
                0x000000000800bd90       0x84 zephyr/drivers/pinctrl/libdrivers__pinctrl.a(pinctrl_stm32.c.obj)
                0x000000000800bd90                pinctrl_configure_pins
 .text.scd4x_channel_get
                0x000000000800be14       0x70 zephyr/drivers/sensor/sensirion/scd4x/libdrivers__sensor__sensirion__scd4x.a(scd4x.c.obj)
 .text.scd4x_read_reg.part.0
                0x000000000800be84       0x44 zephyr/drivers/sensor/sensirion/scd4x/libdrivers__sensor__sensirion__scd4x.a(scd4x.c.obj)
 .text.scd4x_read_reg.isra.0
                0x000000000800bec8       0x54 zephyr/drivers/sensor/sensirion/scd4x/libdrivers__sensor__sensirion__scd4x.a(scd4x.c.obj)
 .text.scd4x_write_reg.constprop.0
                0x000000000800bf1c       0x64 zephyr/drivers/sensor/sensirion/scd4x/libdrivers__sensor__sensirion__scd4x.a(scd4x.c.obj)
 .text.scd4x_write_command.isra.0
                0x000000000800bf80       0x34 zephyr/drivers/sensor/sensirion/scd4x/libdrivers__sensor__sensirion__scd4x.a(scd4x.c.obj)
 .text.scd4x_setup_measurement.isra.0
                0x000000000800bfb4       0x5c zephyr/drivers/sensor/sensirion/scd4x/libdrivers__sensor__sensirion__scd4x.a(scd4x.c.obj)
 .text.scd4x_init
                0x000000000800c010       0x80 zephyr/drivers/sensor/sensirion/scd4x/libdrivers__sensor__sensirion__scd4x.a(scd4x.c.obj)
 .text.scd4x_set_idle_mode
                0x000000000800c090       0x48 zephyr/drivers/sensor/sensirion/scd4x/libdrivers__sensor__sensirion__scd4x.a(scd4x.c.obj)
 .text.scd4x_sample_fetch
                0x000000000800c0d8      0x128 zephyr/drivers/sensor/sensirion/scd4x/libdrivers__sensor__sensirion__scd4x.a(scd4x.c.obj)
 .text.scd4x_attr_get
                0x000000000800c200      0x238 zephyr/drivers/sensor/sensirion/scd4x/libdrivers__sensor__sensirion__scd4x.a(scd4x.c.obj)
 .text.stm32_temp_channel_get
                0x000000000800c438       0xf0 zephyr/drivers/sensor/st/stm32_temp/libdrivers__sensor__st__stm32_temp.a(stm32_temp.c.obj)
 .text.stm32_temp_sample_fetch
                0x000000000800c528       0x90 zephyr/drivers/sensor/st/stm32_temp/libdrivers__sensor__st__stm32_temp.a(stm32_temp.c.obj)
 .text.stm32_temp_init
                0x000000000800c5b8       0x80 zephyr/drivers/sensor/st/stm32_temp/libdrivers__sensor__st__stm32_temp.a(stm32_temp.c.obj)
 .text.stm32_vbat_sample_fetch
                0x000000000800c638       0x88 zephyr/drivers/sensor/st/stm32_vbat/libdrivers__sensor__st__stm32_vbat.a(stm32_vbat.c.obj)
 .text.stm32_vbat_init
                0x000000000800c6c0       0x94 zephyr/drivers/sensor/st/stm32_vbat/libdrivers__sensor__st__stm32_vbat.a(stm32_vbat.c.obj)
 .text.stm32_vref_channel_get.part.0
                0x000000000800c754       0x1c zephyr/drivers/sensor/st/stm32_vref/libdrivers__sensor__st__stm32_vref.a(stm32_vref.c.obj)
 .text.stm32_vref_sample_fetch
                0x000000000800c770       0x90 zephyr/drivers/sensor/st/stm32_vref/libdrivers__sensor__st__stm32_vref.a(stm32_vref.c.obj)
 .text.stm32_vref_init
                0x000000000800c800       0x80 zephyr/drivers/sensor/st/stm32_vref/libdrivers__sensor__st__stm32_vref.a(stm32_vref.c.obj)
 .text.sensor_iodev_submit
                0x000000000800c880       0x5c zephyr/drivers/sensor/libdrivers__sensor.a(default_rtio_sensor.c.obj)
 .text.sensor_submit_fallback_sync
                0x000000000800c8dc      0x2d8 zephyr/drivers/sensor/libdrivers__sensor.a(default_rtio_sensor.c.obj)
 .text.sensor_clock_cycles_to_ns
                0x000000000800cbb4       0x20 zephyr/drivers/sensor/libdrivers__sensor.a(sensor_clock_sys.c.obj)
                0x000000000800cbb4                sensor_clock_cycles_to_ns
 .text.uart_stm32_cfg2ll_stopbits
                0x000000000800cbd4       0x38 zephyr/drivers/serial/libdrivers__serial.a(uart_stm32.c.obj)
 .text.lpuartdiv_calc
                0x000000000800cc0c       0x30 zephyr/drivers/serial/libdrivers__serial.a(uart_stm32.c.obj)
                0x000000000800cc0c                lpuartdiv_calc
 .text.uart_stm32_set_baudrate
                0x000000000800cc3c      0x108 zephyr/drivers/serial/libdrivers__serial.a(uart_stm32.c.obj)
 .text.uart_stm32_configure
                0x000000000800cd44       0xe8 zephyr/drivers/serial/libdrivers__serial.a(uart_stm32.c.obj)
 .text.uart_stm32_init
                0x000000000800ce2c      0x1b4 zephyr/drivers/serial/libdrivers__serial.a(uart_stm32.c.obj)
 .text.spi_stm32_init
                0x000000000800cfe0      0x140 zephyr/drivers/spi/libdrivers__spi.a(spi_ll_stm32.c.obj)
 .text.spi_stm32_transceive
                0x000000000800d120      0x578 zephyr/drivers/spi/libdrivers__spi.a(spi_ll_stm32.c.obj)
 .text.elapsed  0x000000000800d698       0x4c zephyr/drivers/timer/libdrivers__timer.a(cortex_m_systick.c.obj)
 .text.sys_clock_driver_init
                0x000000000800d6e4       0x38 zephyr/drivers/timer/libdrivers__timer.a(cortex_m_systick.c.obj)
 .text.sys_clock_isr
                0x000000000800d71c       0x50 zephyr/drivers/timer/libdrivers__timer.a(cortex_m_systick.c.obj)
                0x000000000800d71c                sys_clock_isr
 .text.sys_clock_set_timeout
                0x000000000800d76c       0xe8 zephyr/drivers/timer/libdrivers__timer.a(cortex_m_systick.c.obj)
                0x000000000800d76c                sys_clock_set_timeout
 .text.sys_clock_elapsed
                0x000000000800d854       0x3c zephyr/drivers/timer/libdrivers__timer.a(cortex_m_systick.c.obj)
                0x000000000800d854                sys_clock_elapsed
 .text.sys_clock_cycle_get_32
                0x000000000800d890       0x28 zephyr/drivers/timer/libdrivers__timer.a(cortex_m_systick.c.obj)
                0x000000000800d890                sys_clock_cycle_get_32
 .text.HAL_RCC_GetSysClockFreq
                0x000000000800d8b8       0xe4 modules/hal_stm32/stm32cube/lib..__modules__hal__stm32__stm32cube.a(stm32wlxx_hal_rcc.c.obj)
                0x000000000800d8b8                HAL_RCC_GetSysClockFreq
 .text.LL_SetFlashLatency
                0x000000000800d99c       0xa4 modules/hal_stm32/stm32cube/lib..__modules__hal__stm32__stm32cube.a(stm32wlxx_ll_utils.c.obj)
                0x000000000800d99c                LL_SetFlashLatency
 .text.k_sys_fatal_error_handler
                0x000000000800da40       0x20 zephyr/kernel/libkernel.a(fatal.c.obj)
                0x000000000800da40                k_sys_fatal_error_handler
 .text.z_fatal_error
                0x000000000800da60       0xe8 zephyr/kernel/libkernel.a(fatal.c.obj)
                0x000000000800da60                z_fatal_error
 .text.z_sys_init_run_level
                0x000000000800db48       0x48 zephyr/kernel/libkernel.a(init.c.obj)
 .text.bg_thread_main
                0x000000000800db90       0xc0 zephyr/kernel/libkernel.a(init.c.obj)
 .text.z_bss_zero
                0x000000000800dc50       0x18 zephyr/kernel/libkernel.a(init.c.obj)
                0x000000000800dc50                z_bss_zero
 .text.z_init_cpu
                0x000000000800dc68       0x70 zephyr/kernel/libkernel.a(init.c.obj)
                0x000000000800dc68                z_init_cpu
 .text.z_cstart
                0x000000000800dcd8       0xd4 zephyr/kernel/libkernel.a(init.c.obj)
                0x000000000800dcd8                z_cstart
 .text.init_mem_slab_obj_core_list
                0x000000000800ddac       0x24 zephyr/kernel/libkernel.a(mem_slab.c.obj)
 .text.k_mem_slab_alloc
                0x000000000800ddd0       0x5c zephyr/kernel/libkernel.a(mem_slab.c.obj)
                0x000000000800ddd0                k_mem_slab_alloc
 .text.z_impl_k_mutex_lock
                0x000000000800de2c       0xf0 zephyr/kernel/libkernel.a(mutex.c.obj)
                0x000000000800de2c                z_impl_k_mutex_lock
 .text.z_impl_k_mutex_unlock
                0x000000000800df1c       0xa0 zephyr/kernel/libkernel.a(mutex.c.obj)
                0x000000000800df1c                z_impl_k_mutex_unlock
 .text.z_impl_k_sem_give
                0x000000000800dfbc       0x74 zephyr/kernel/libkernel.a(sem.c.obj)
                0x000000000800dfbc                z_impl_k_sem_give
 .text.z_impl_k_sem_take
                0x000000000800e030       0x4c zephyr/kernel/libkernel.a(sem.c.obj)
                0x000000000800e030                z_impl_k_sem_take
 .text.work_queue_main
                0x000000000800e07c      0x14c zephyr/kernel/libkernel.a(work.c.obj)
 .text.submit_to_queue_locked
                0x000000000800e1c8       0xb8 zephyr/kernel/libkernel.a(work.c.obj)
 .text.k_work_submit
                0x000000000800e280        0xc zephyr/kernel/libkernel.a(work.c.obj)
                0x000000000800e280                k_work_submit
 .text.k_work_queue_start
                0x000000000800e28c       0x80 zephyr/kernel/libkernel.a(work.c.obj)
                0x000000000800e28c                k_work_queue_start
 .text.z_setup_new_thread
                0x000000000800e30c       0x9c zephyr/kernel/libkernel.a(thread.c.obj)
                0x000000000800e30c                z_setup_new_thread
 .text.z_impl_k_thread_create
                0x000000000800e3a8       0x58 zephyr/kernel/libkernel.a(thread.c.obj)
                0x000000000800e3a8                z_impl_k_thread_create
 .text.z_dummy_thread_init
                0x000000000800e400       0x18 zephyr/kernel/libkernel.a(thread.c.obj)
                0x000000000800e400                z_dummy_thread_init
 .text.z_swap_irqlock
                0x000000000800e418       0x30 zephyr/kernel/libkernel.a(sched.c.obj)
 .text.ready_thread
                0x000000000800e448       0x90 zephyr/kernel/libkernel.a(sched.c.obj)
 .text.unready_thread
                0x000000000800e4d8       0x54 zephyr/kernel/libkernel.a(sched.c.obj)
 .text.add_thread_timeout
                0x000000000800e52c       0x1c zephyr/kernel/libkernel.a(sched.c.obj)
 .text.move_thread_to_end_of_prio_q
                0x000000000800e548       0x9c zephyr/kernel/libkernel.a(sched.c.obj)
                0x000000000800e548                move_thread_to_end_of_prio_q
 .text.z_pend_curr
                0x000000000800e5e4       0x44 zephyr/kernel/libkernel.a(sched.c.obj)
                0x000000000800e5e4                z_pend_curr
 .text.z_thread_prio_set
                0x000000000800e628      0x108 zephyr/kernel/libkernel.a(sched.c.obj)
                0x000000000800e628                z_thread_prio_set
 .text.z_reschedule
                0x000000000800e730       0x24 zephyr/kernel/libkernel.a(sched.c.obj)
                0x000000000800e730                z_reschedule
 .text.z_reschedule_irqlock
                0x000000000800e754       0x28 zephyr/kernel/libkernel.a(sched.c.obj)
                0x000000000800e754                z_reschedule_irqlock
 .text.k_sched_lock
                0x000000000800e77c       0x28 zephyr/kernel/libkernel.a(sched.c.obj)
                0x000000000800e77c                k_sched_lock
 .text.k_sched_unlock
                0x000000000800e7a4       0x68 zephyr/kernel/libkernel.a(sched.c.obj)
                0x000000000800e7a4                k_sched_unlock
 .text.z_sched_init
                0x000000000800e80c       0x10 zephyr/kernel/libkernel.a(sched.c.obj)
                0x000000000800e80c                z_sched_init
 .text.z_impl_k_yield
                0x000000000800e81c       0x90 zephyr/kernel/libkernel.a(sched.c.obj)
                0x000000000800e81c                z_impl_k_yield
 .text.z_tick_sleep
                0x000000000800e8ac       0x78 zephyr/kernel/libkernel.a(sched.c.obj)
 .text.z_impl_k_wakeup
                0x000000000800e924       0x48 zephyr/kernel/libkernel.a(sched.c.obj)
                0x000000000800e924                z_impl_k_wakeup
 .text.z_impl_k_sched_current_thread_query
                0x000000000800e96c        0xc zephyr/kernel/libkernel.a(sched.c.obj)
                0x000000000800e96c                z_impl_k_sched_current_thread_query
 .text.z_thread_abort
                0x000000000800e978      0x138 zephyr/kernel/libkernel.a(sched.c.obj)
                0x000000000800e978                z_thread_abort
 .text.z_sched_wait
                0x000000000800eab0       0x24 zephyr/kernel/libkernel.a(sched.c.obj)
                0x000000000800eab0                z_sched_wait
 .text.slice_timeout
                0x000000000800ead4       0x20 zephyr/kernel/libkernel.a(timeslicing.c.obj)
 .text.thread_is_sliceable
                0x000000000800eaf4       0x3c zephyr/kernel/libkernel.a(timeslicing.c.obj)
                0x000000000800eaf4                thread_is_sliceable
 .text.z_reset_time_slice
                0x000000000800eb30       0x50 zephyr/kernel/libkernel.a(timeslicing.c.obj)
                0x000000000800eb30                z_reset_time_slice
 .text.z_time_slice
                0x000000000800eb80       0x60 zephyr/kernel/libkernel.a(timeslicing.c.obj)
                0x000000000800eb80                z_time_slice
 .text.z_data_copy
                0x000000000800ebe0       0x38 zephyr/kernel/libkernel.a(xip.c.obj)
                0x000000000800ebe0                z_data_copy
 .text.first    0x000000000800ec18       0x10 zephyr/kernel/libkernel.a(timeout.c.obj)
 .text.elapsed  0x000000000800ec28       0x14 zephyr/kernel/libkernel.a(timeout.c.obj)
 .text.remove_timeout
                0x000000000800ec3c       0x38 zephyr/kernel/libkernel.a(timeout.c.obj)
 .text.z_add_timeout
                0x000000000800ec74      0x120 zephyr/kernel/libkernel.a(timeout.c.obj)
                0x000000000800ec74                z_add_timeout
 .text.sys_clock_announce
                0x000000000800ed94       0xc0 zephyr/kernel/libkernel.a(timeout.c.obj)
                0x000000000800ed94                sys_clock_announce
 .text.sys_clock_tick_get
                0x000000000800ee54       0x30 zephyr/kernel/libkernel.a(timeout.c.obj)
                0x000000000800ee54                sys_clock_tick_get
 .text.z_timer_expiration_handler
                0x000000000800ee84      0x110 zephyr/kernel/libkernel.a(timer.c.obj)
                0x000000000800ee84                z_timer_expiration_handler
 .text.z_impl_k_timer_start
                0x000000000800ef94       0x70 zephyr/kernel/libkernel.a(timer.c.obj)
                0x000000000800ef94                z_impl_k_timer_start
 .text.clear_event_registrations
                0x000000000800f004       0x60 zephyr/kernel/libkernel.a(poll.c.obj)
 .text.z_impl_k_poll
                0x000000000800f064       0xb0 zephyr/kernel/libkernel.a(poll.c.obj)
                0x000000000800f064                z_impl_k_poll
 .text.z_impl_k_poll_signal_raise
                0x000000000800f114       0x50 zephyr/kernel/libkernel.a(poll.c.obj)
                0x000000000800f114                z_impl_k_poll_signal_raise
 .text.boot_banner
                0x000000000800f164        0xc zephyr/kernel/libkernel.a(banner.c.obj)
                0x000000000800f164                boot_banner
 .text.k_sys_work_q_init
                0x000000000800f170       0x2c zephyr/kernel/libkernel.a(system_work_q.c.obj)
 .text.snprintf
                0x000000000800f19c       0x54 /home/elisa/zephyr-sdk-0.17.2/arm-zephyr-eabi/bin/../lib/gcc/../../picolibc/arm-zephyr-eabi/lib/thumb/v7e-m/nofp/libc.a(libc_tinystdio_snprintf.c.o)
                0x000000000800f19c                snprintf
 .text.__l_vfprintf
                0x000000000800f1f0      0x4b8 /home/elisa/zephyr-sdk-0.17.2/arm-zephyr-eabi/bin/../lib/gcc/../../picolibc/arm-zephyr-eabi/lib/thumb/v7e-m/nofp/libc.a(libc_tinystdio_vflprintf.c.o)
                0x000000000800f1f0                __l_vfprintf
 .text.floorf   0x000000000800f6a8       0x60 /home/elisa/zephyr-sdk-0.17.2/arm-zephyr-eabi/bin/../lib/gcc/../../picolibc/arm-zephyr-eabi/lib/thumb/v7e-m/nofp/libc.a(libm_machine_arm_sf_floor.c.o)
                0x000000000800f6a8                floorf
 .text._OffsetAbsSyms
                0x000000000800f708        0x2 zephyr/CMakeFiles/offsets.dir/./arch/arm/core/offsets/offsets.c.obj
                0x000000000800f708                _OffsetAbsSyms
 .text.mpsc_pop
                0x000000000800f70a       0x4c app/libapp.a(main.c.obj)
 .text.sensor_channel_get
                0x000000000800f756        0x6 app/libapp.a(main.c.obj)
 .text.crc8     0x000000000800f75c       0x54 zephyr/libzephyr.a(crc8_sw.c.obj)
                0x000000000800f75c                crc8
 .text.chunk_size
                0x000000000800f7b0        0xa zephyr/libzephyr.a(heap.c.obj)
 .text.free_list_add
                0x000000000800f7ba       0x4e zephyr/libzephyr.a(heap.c.obj)
 .text.sys_heap_init
                0x000000000800f808       0x7a zephyr/libzephyr.a(heap.c.obj)
                0x000000000800f808                sys_heap_init
 .text.sys_mem_blocks_alloc_contiguous
                0x000000000800f882       0x34 zephyr/libzephyr.a(mem_blocks.c.obj)
                0x000000000800f882                sys_mem_blocks_alloc_contiguous
 .text.sys_mem_blocks_free_contiguous
                0x000000000800f8b6       0x38 zephyr/libzephyr.a(mem_blocks.c.obj)
                0x000000000800f8b6                sys_mem_blocks_free_contiguous
 .text.cbpprintf_external
                0x000000000800f8ee       0x62 zephyr/libzephyr.a(cbprintf_packaged.c.obj)
                0x000000000800f8ee                cbpprintf_external
 .text.is_ptr   0x000000000800f950       0x4a zephyr/libzephyr.a(cbprintf_packaged.c.obj)
                0x000000000800f950                is_ptr
 .text.arch_printk_char_out
                0x000000000800f99a        0x4 zephyr/libzephyr.a(printk.c.obj)
                0x000000000800f99a                arch_printk_char_out
 .text.printk   0x000000000800f99e       0x1a zephyr/libzephyr.a(printk.c.obj)
                0x000000000800f99e                printk
 .text.free_space
                0x000000000800f9b8       0x26 zephyr/libzephyr.a(mpsc_pbuf.c.obj)
 .text.get_usage
                0x000000000800f9de       0x22 zephyr/libzephyr.a(mpsc_pbuf.c.obj)
 .text.idx_inc  0x000000000800fa00       0x1c zephyr/libzephyr.a(mpsc_pbuf.c.obj)
 .text.rd_idx_inc
                0x000000000800fa1c       0x18 zephyr/libzephyr.a(mpsc_pbuf.c.obj)
 .text.add_skip_item
                0x000000000800fa34       0x3a zephyr/libzephyr.a(mpsc_pbuf.c.obj)
 .text.drop_item_locked
                0x000000000800fa6e      0x100 zephyr/libzephyr.a(mpsc_pbuf.c.obj)
 .text.post_drop_action
                0x000000000800fb6e       0x36 zephyr/libzephyr.a(mpsc_pbuf.c.obj)
 .text.max_utilization_update
                0x000000000800fba4       0x1a zephyr/libzephyr.a(mpsc_pbuf.c.obj)
 .text.mpsc_pbuf_init
                0x000000000800fbbe       0x42 zephyr/libzephyr.a(mpsc_pbuf.c.obj)
                0x000000000800fbbe                mpsc_pbuf_init
 .text.mpsc_pbuf_alloc
                0x000000000800fc00       0xfe zephyr/libzephyr.a(mpsc_pbuf.c.obj)
                0x000000000800fc00                mpsc_pbuf_alloc
 .text.mpsc_pbuf_commit
                0x000000000800fcfe       0x3e zephyr/libzephyr.a(mpsc_pbuf.c.obj)
                0x000000000800fcfe                mpsc_pbuf_commit
 .text.mpsc_pbuf_claim
                0x000000000800fd3c       0xa8 zephyr/libzephyr.a(mpsc_pbuf.c.obj)
                0x000000000800fd3c                mpsc_pbuf_claim
 .text.mpsc_pbuf_free
                0x000000000800fde4       0x76 zephyr/libzephyr.a(mpsc_pbuf.c.obj)
                0x000000000800fde4                mpsc_pbuf_free
 .text.mpsc_pbuf_is_pending
                0x000000000800fe5a       0x32 zephyr/libzephyr.a(mpsc_pbuf.c.obj)
                0x000000000800fe5a                mpsc_pbuf_is_pending
 .text.rb_lessthan
                0x000000000800fe8c       0x2a zephyr/libzephyr.a(p4wq.c.obj)
 .text.find_and_stack
                0x000000000800feb6       0x3a zephyr/libzephyr.a(rb.c.obj)
 .text.set_child
                0x000000000800fef0       0x12 zephyr/libzephyr.a(rb.c.obj)
 .text.rotate   0x000000000800ff02       0xa8 zephyr/libzephyr.a(rb.c.obj)
 .text.z_rb_get_minmax
                0x000000000800ffaa       0x1a zephyr/libzephyr.a(rb.c.obj)
                0x000000000800ffaa                z_rb_get_minmax
 .text.rb_insert
                0x000000000800ffc4      0x134 zephyr/libzephyr.a(rb.c.obj)
                0x000000000800ffc4                rb_insert
 .text.rb_remove
                0x00000000080100f8      0x344 zephyr/libzephyr.a(rb.c.obj)
                0x00000000080100f8                rb_remove
 .text.setup_bundle_data.constprop.0
                0x000000000801043c       0x3a zephyr/libzephyr.a(bitarray.c.obj)
 .text.set_region
                0x0000000008010476       0x90 zephyr/libzephyr.a(bitarray.c.obj)
 .text.match_region
                0x0000000008010506       0x8c zephyr/libzephyr.a(bitarray.c.obj)
 .text.sys_bitarray_alloc
                0x0000000008010592       0xa4 zephyr/libzephyr.a(bitarray.c.obj)
                0x0000000008010592                sys_bitarray_alloc
 .text.sys_bitarray_free
                0x0000000008010636       0x6c zephyr/libzephyr.a(bitarray.c.obj)
                0x0000000008010636                sys_bitarray_free
 .text._ConfigAbsSyms
                0x00000000080106a2        0x2 zephyr/libzephyr.a(configs.c.obj)
                0x00000000080106a2                _ConfigAbsSyms
 .text.log_msg_generic_get_wlen
                0x00000000080106a4       0x20 zephyr/libzephyr.a(log_core.c.obj)
 .text.dummy_timestamp
                0x00000000080106c4        0x4 zephyr/libzephyr.a(log_core.c.obj)
 .text.atomic_inc
                0x00000000080106c8       0x1a zephyr/libzephyr.a(log_core.c.obj)
 .text.default_lf_get_timestamp
                0x00000000080106e2       0x10 zephyr/libzephyr.a(log_core.c.obj)
 .text.z_log_vprintk
                0x00000000080106f2       0x1c zephyr/libzephyr.a(log_core.c.obj)
                0x00000000080106f2                z_log_vprintk
 .text.z_log_notify_drop
                0x000000000801070e        0x6 zephyr/libzephyr.a(log_core.c.obj)
 .text.z_log_get_tag
                0x0000000008010714        0x4 zephyr/libzephyr.a(log_core.c.obj)
                0x0000000008010714                z_log_get_tag
 .text.log_backend_enable
                0x0000000008010718       0x12 zephyr/libzephyr.a(log_mgmt.c.obj)
                0x0000000008010718                log_backend_enable
 .text.z_cbprintf_cpy
                0x000000000801072a       0x2e zephyr/libzephyr.a(log_msg.c.obj)
 .text.z_log_msg_finalize
                0x0000000008010758       0x32 zephyr/libzephyr.a(log_msg.c.obj)
                0x0000000008010758                z_log_msg_finalize
 .text.z_log_msg_simple_create
                0x000000000801078a       0x6e zephyr/libzephyr.a(log_msg.c.obj)
 .text.z_impl_z_log_msg_simple_create_0
                0x00000000080107f8       0x12 zephyr/libzephyr.a(log_msg.c.obj)
                0x00000000080107f8                z_impl_z_log_msg_simple_create_0
 .text.z_impl_z_log_msg_simple_create_1
                0x000000000801080a       0x14 zephyr/libzephyr.a(log_msg.c.obj)
                0x000000000801080a                z_impl_z_log_msg_simple_create_1
 .text.z_impl_z_log_msg_simple_create_2
                0x000000000801081e       0x18 zephyr/libzephyr.a(log_msg.c.obj)
                0x000000000801081e                z_impl_z_log_msg_simple_create_2
 .text.log_output_write
                0x0000000008010836       0x1c zephyr/libzephyr.a(log_output.c.obj)
 .text.log_output_flush
                0x0000000008010852       0x1a zephyr/libzephyr.a(log_output.c.obj)
 .text.out_func
                0x000000000801086c       0x36 zephyr/libzephyr.a(log_output.c.obj)
 .text.cr_out_func
                0x00000000080108a2       0x1c zephyr/libzephyr.a(log_output.c.obj)
 .text.log_output_msg_process
                0x00000000080108be       0x6a zephyr/libzephyr.a(log_output.c.obj)
                0x00000000080108be                log_output_msg_process
 .text.format_set
                0x0000000008010928        0xc zephyr/libzephyr.a(log_backend_uart.c.obj)
 .text.log_backend_uart_init
                0x0000000008010934        0xc zephyr/libzephyr.a(log_backend_uart.c.obj)
 .text.panic    0x0000000008010940       0x32 zephyr/libzephyr.a(log_backend_uart.c.obj)
 .text.dropped  0x0000000008010972        0xa zephyr/libzephyr.a(log_backend_uart.c.obj)
 .text.process  0x000000000801097c       0x1e zephyr/libzephyr.a(log_backend_uart.c.obj)
 .text.z_do_kernel_oops
                0x000000000801099a        0x8 zephyr/arch/arch/arm/core/libarch__arm__core.a(fatal.c.obj)
                0x000000000801099a                z_do_kernel_oops
 .text.z_arm_nmi
                0x00000000080109a2        0xe zephyr/arch/arch/arm/core/libarch__arm__core.a(nmi.c.obj)
                0x00000000080109a2                z_arm_nmi
 .text.z_log_msg_simple_create_0.constprop.0
                0x00000000080109b0        0x8 zephyr/arch/arch/arm/core/cortex_m/libarch__arm__core__cortex_m.a(fault.c.obj)
 .text.z_irq_spurious
                0x00000000080109b8        0x8 zephyr/arch/arch/arm/core/cortex_m/libarch__arm__core__cortex_m.a(irq_manage.c.obj)
                0x00000000080109b8                z_irq_spurious
 .text.z_prep_c
                0x00000000080109c0       0x16 zephyr/arch/arch/arm/core/cortex_m/libarch__arm__core__cortex_m.a(prep_c.c.obj)
                0x00000000080109c0                z_prep_c
 .text.arch_irq_unlock_outlined